127.0.0.1 - - [05/Mar/2018:15:32:21 -0300] "POST /juddiv3/services/inquiry HTTP/1.1" 200 936
127.0.0.1 - - [05/Mar/2018:15:32:21 -0300] "POST /juddiv3/services/publish HTTP/1.1" 200 1735
127.0.0.1 - - [05/Mar/2018:15:32:21 -0300] "POST /juddiv3/services/publish HTTP/1.1" 200 1142
127.0.0.1 - - [05/Mar/2018:15:32:21 -0300] "POST /juddiv3/services/inquiry HTTP/1.1" 200 8990
127.0.0.1 - - [05/Mar/2018:15:32:22 -0300] "POST /juddiv3/services/publish HTTP/1.1" 200 11429
0:0:0:0:0:0:0:1 - - [05/Mar/2018:15:32:22 -0300] "POST /juddi-gui/ajax/importFromWsdl.jsp HTTP/1.1" 200 1508
0:0:0:0:0:0:0:1 - - [05/Mar/2018:15:32:27 -0300] "GET /juddi-gui/serviceBrowse.jsp HTTP/1.1" 200 21763
0:0:0:0:0:0:0:1 - - [05/Mar/2018:15:32:27 -0300] "GET /juddi-gui/js/i18n.js.jsp HTTP/1.1" 200 3080
127.0.0.1 - - [05/Mar/2018:15:32:27 -0300] "POST /juddiv3/services/inquiry HTTP/1.1" 200 4072
0:0:0:0:0:0:0:1 - - [05/Mar/2018:15:32:27 -0300] "GET /juddi-gui/ajax/servicesearch.jsp?keyword=%25&offset=%5Bobject%20HTMLSpanElement%5D&maxrecords=20&lang=&_=1520274747215 HTTP/1.1" 200 7248
127.0.0.1 - - [05/Mar/2018:15:32:29 -0300] "POST /juddiv3/services/inquiry HTTP/1.1" 200 2953
0:0:0:0:0:0:0:1 - - [05/Mar/2018:15:32:29 -0300] "GET /juddi-gui/serviceEditor.jsp?id=uddi:localhost:service_internalcommunicationserviceone HTTP/1.1" 200 45702
0:0:0:0:0:0:0:1 - - [05/Mar/2018:15:32:29 -0300] "GET /juddi-gui/js/i18n.js.jsp HTTP/1.1" 200 3080
127.0.0.1 - - [05/Mar/2018:15:32:29 -0300] "POST /juddiv3/services/inquiry HTTP/1.1" 200 937
0:0:0:0:0:0:0:1 - - [05/Mar/2018:15:32:29 -0300] "GET /juddi-gui/ajax/opInfo.jsp?id=uddi:localhost:service_internalcommunicationserviceone HTTP/1.1" 200 449
0:0:0:0:0:0:0:1 - - [05/Mar/2018:15:32:29 -0300] "GET /juddi-gui/ajax/tmodelsearch.jsp?keyword=%25&offset=0&maxrecords=10&lang=&chooser=undefined&_=1520274749393 HTTP/1.1" 200 2507
127.0.0.1 - - [05/Mar/2018:15:32:29 -0300] "POST /juddiv3/services/inquiry HTTP/1.1" 200 3043
0:0:0:0:0:0:0:1 - - [05/Mar/2018:15:32:37 -0300] "GET /juddi-gui/ajax/tmodelsearch.jsp?keyword=%25&offset=0&maxrecords=10&lang=&chooser=true&_=1520274749394 HTTP/1.1" 200 2756
127.0.0.1 - - [05/Mar/2018:15:32:37 -0300] "POST /juddiv3/services/inquiry HTTP/1.1" 200 3043
127.0.0.1 - - [05/Mar/2018:15:32:46 -0300] "POST /juddiv3/services/inquiry HTTP/1.1" 200 928
0:0:0:0:0:0:0:1 - - [05/Mar/2018:15:32:46 -0300] "GET /juddi-gui/ajax/tmodelsearch.jsp?keyword=%25reliability&offset=0&maxrecords=10&lang=&chooser=true&_=1520274749395 HTTP/1.1" 200 563
127.0.0.1 - - [05/Mar/2018:15:33:03 -0300] "POST /juddiv3/services/inquiry HTTP/1.1" 200 928
0:0:0:0:0:0:0:1 - - [05/Mar/2018:15:33:03 -0300] "GET /juddi-gui/ajax/tmodelsearch.jsp?keyword=%25reliability&offset=0&maxrecords=10&lang=&chooser=true&_=1520274749396 HTTP/1.1" 200 563
0:0:0:0:0:0:0:1 - - [05/Mar/2018:15:33:07 -0300] "GET /juddi-gui/ajax/tmodelsearch.jsp?keyword=%25&offset=0&maxrecords=10&lang=&chooser=true&_=1520274749397 HTTP/1.1" 200 2756
127.0.0.1 - - [05/Mar/2018:15:33:07 -0300] "POST /juddiv3/services/inquiry HTTP/1.1" 200 3043
127.0.0.1 - - [05/Mar/2018:15:33:18 -0300] "POST /juddiv3/services/inquiry HTTP/1.1" 200 2953
127.0.0.1 - - [05/Mar/2018:15:33:19 -0300] "POST /juddiv3/services/publish HTTP/1.1" 200 3359
0:0:0:0:0:0:0:1 - - [05/Mar/2018:15:33:19 -0300] "POST /juddi-gui/ajax/saveservicedetails.jsp HTTP/1.1" 200 181
127.0.0.1 - - [05/Mar/2018:15:33:53 -0300] "POST /juddiv3/services/inquiry HTTP/1.1" 200 3359
127.0.0.1 - - [05/Mar/2018:15:33:53 -0300] "POST /juddiv3/services/publish HTTP/1.1" 200 3359
0:0:0:0:0:0:0:1 - - [05/Mar/2018:15:33:53 -0300] "POST /juddi-gui/ajax/saveservicedetails.jsp HTTP/1.1" 200 181
0:0:0:0:0:0:0:1 - - [05/Mar/2018:15:34:11 -0300] "GET /juddi-gui/importFromWsdl.jsp HTTP/1.1" 200 40849
0:0:0:0:0:0:0:1 - - [05/Mar/2018:15:34:11 -0300] "GET /juddi-gui/js/i18n.js.jsp HTTP/1.1" 200 3080
127.0.0.1 - - [05/Mar/2018:15:34:11 -0300] "POST /juddiv3/services/inquiry HTTP/1.1" 200 3961
0:0:0:0:0:0:0:1 - - [05/Mar/2018:15:34:11 -0300] "GET /juddi-gui/ajax/businesssearch.jsp?keyword=%25&offset=0&maxrecords=10&lang=&chooser=true&_=1520274851364 HTTP/1.1" 200 1275
0:0:0:0:0:0:0:1 - - [05/Mar/2018:15:34:15 -0300] "GET /juddi-gui/ajax/businesssearch.jsp?keyword=%25&offset=0&maxrecords=10&lang=&chooser=true&_=1520274851365 HTTP/1.1" 200 1275
127.0.0.1 - - [05/Mar/2018:15:34:15 -0300] "POST /juddiv3/services/inquiry HTTP/1.1" 200 3961
127.0.0.1 - - [05/Mar/2018:15:34:19 -0300] "POST /juddiv3/services/inquiry HTTP/1.1" 200 936
0:0:0:0:0:0:0:1 - - [05/Mar/2018:15:34:19 -0300] "POST /juddi-gui/ajax/importFromWsdl.jsp HTTP/1.1" 200 926
127.0.0.1 - - [05/Mar/2018:15:34:21 -0300] "POST /juddiv3/services/inquiry HTTP/1.1" 200 936
127.0.0.1 - - [05/Mar/2018:15:34:21 -0300] "POST /juddiv3/services/publish HTTP/1.1" 200 1745
127.0.0.1 - - [05/Mar/2018:15:34:21 -0300] "POST /juddiv3/services/publish HTTP/1.1" 200 1150
127.0.0.1 - - [05/Mar/2018:15:34:21 -0300] "POST /juddiv3/services/inquiry HTTP/1.1" 200 11835
127.0.0.1 - - [05/Mar/2018:15:34:22 -0300] "POST /juddiv3/services/publish HTTP/1.1" 200 14297
0:0:0:0:0:0:0:1 - - [05/Mar/2018:15:34:22 -0300] "POST /juddi-gui/ajax/importFromWsdl.jsp HTTP/1.1" 200 1538
0:0:0:0:0:0:0:1 - - [05/Mar/2018:15:34:25 -0300] "GET /juddi-gui/serviceBrowse.jsp HTTP/1.1" 200 21763
0:0:0:0:0:0:0:1 - - [05/Mar/2018:15:34:25 -0300] "GET /juddi-gui/js/i18n.js.jsp HTTP/1.1" 200 3080
0:0:0:0:0:0:0:1 - - [05/Mar/2018:15:34:25 -0300] "GET /juddi-gui/ajax/servicesearch.jsp?keyword=%25&offset=%5Bobject%20HTMLSpanElement%5D&maxrecords=20&lang=&_=1520274865270 HTTP/1.1" 200 7713
127.0.0.1 - - [05/Mar/2018:15:34:25 -0300] "POST /juddiv3/services/inquiry HTTP/1.1" 200 4296
127.0.0.1 - - [05/Mar/2018:15:34:27 -0300] "POST /juddiv3/services/inquiry HTTP/1.1" 200 2975
0:0:0:0:0:0:0:1 - - [05/Mar/2018:15:34:27 -0300] "GET /juddi-gui/serviceEditor.jsp?id=uddi:localhost:service_getclientpreferredpizzaserviceone HTTP/1.1" 200 45734
0:0:0:0:0:0:0:1 - - [05/Mar/2018:15:34:27 -0300] "GET /juddi-gui/js/i18n.js.jsp HTTP/1.1" 200 3080
0:0:0:0:0:0:0:1 - - [05/Mar/2018:15:34:27 -0300] "GET /juddi-gui/ajax/opInfo.jsp?id=uddi:localhost:service_getclientpreferredpizzaserviceone HTTP/1.1" 200 451
127.0.0.1 - - [05/Mar/2018:15:34:27 -0300] "POST /juddiv3/services/inquiry HTTP/1.1" 200 939
0:0:0:0:0:0:0:1 - - [05/Mar/2018:15:34:27 -0300] "GET /juddi-gui/ajax/tmodelsearch.jsp?keyword=%25&offset=0&maxrecords=10&lang=&chooser=undefined&_=1520274867427 HTTP/1.1" 200 2462
127.0.0.1 - - [05/Mar/2018:15:34:27 -0300] "POST /juddiv3/services/inquiry HTTP/1.1" 200 2601
127.0.0.1 - - [05/Mar/2018:15:34:36 -0300] "POST /juddiv3/services/inquiry HTTP/1.1" 200 2601
0:0:0:0:0:0:0:1 - - [05/Mar/2018:15:34:36 -0300] "GET /juddi-gui/ajax/tmodelsearch.jsp?keyword=%25&offset=0&maxrecords=10&lang=&chooser=true&_=1520274867428 HTTP/1.1" 200 2711
127.0.0.1 - - [05/Mar/2018:15:34:54 -0300] "POST /juddiv3/services/inquiry HTTP/1.1" 200 2601
0:0:0:0:0:0:0:1 - - [05/Mar/2018:15:34:54 -0300] "GET /juddi-gui/ajax/tmodelsearch.jsp?keyword=%25&offset=0&maxrecords=10&lang=&chooser=true&_=1520274867429 HTTP/1.1" 200 2711
127.0.0.1 - - [05/Mar/2018:15:35:06 -0300] "POST /juddiv3/services/inquiry HTTP/1.1" 200 2975
127.0.0.1 - - [05/Mar/2018:15:35:07 -0300] "POST /juddiv3/services/publish HTTP/1.1" 200 3404
0:0:0:0:0:0:0:1 - - [05/Mar/2018:15:35:07 -0300] "POST /juddi-gui/ajax/saveservicedetails.jsp HTTP/1.1" 200 185
0:0:0:0:0:0:0:1 - - [05/Mar/2018:15:35:26 -0300] "GET /juddi-gui/importFromWsdl.jsp HTTP/1.1" 200 40849
0:0:0:0:0:0:0:1 - - [05/Mar/2018:15:35:26 -0300] "GET /juddi-gui/js/i18n.js.jsp HTTP/1.1" 200 3080
0:0:0:0:0:0:0:1 - - [05/Mar/2018:15:35:27 -0300] "GET /juddi-gui/ajax/businesssearch.jsp?keyword=%25&offset=0&maxrecords=10&lang=&chooser=true&_=1520274926968 HTTP/1.1" 200 1275
127.0.0.1 - - [05/Mar/2018:15:35:27 -0300] "POST /juddiv3/services/inquiry HTTP/1.1" 200 4185
0:0:0:0:0:0:0:1 - - [05/Mar/2018:15:35:32 -0300] "GET /juddi-gui/ajax/businesssearch.jsp?keyword=%25&offset=0&maxrecords=10&lang=&chooser=true&_=1520274926969 HTTP/1.1" 200 1275
127.0.0.1 - - [05/Mar/2018:15:35:32 -0300] "POST /juddiv3/services/inquiry HTTP/1.1" 200 4185
127.0.0.1 - - [05/Mar/2018:15:35:36 -0300] "POST /juddiv3/services/inquiry HTTP/1.1" 200 936
0:0:0:0:0:0:0:1 - - [05/Mar/2018:15:35:36 -0300] "POST /juddi-gui/ajax/importFromWsdl.jsp HTTP/1.1" 200 863
127.0.0.1 - - [05/Mar/2018:15:35:37 -0300] "POST /juddiv3/services/inquiry HTTP/1.1" 200 936
127.0.0.1 - - [05/Mar/2018:15:35:37 -0300] "POST /juddiv3/services/publish HTTP/1.1" 200 1710
127.0.0.1 - - [05/Mar/2018:15:35:37 -0300] "POST /juddiv3/services/publish HTTP/1.1" 200 1122
127.0.0.1 - - [05/Mar/2018:15:35:37 -0300] "POST /juddiv3/services/inquiry HTTP/1.1" 200 14726
0:0:0:0:0:0:0:1 - - [05/Mar/2018:15:35:38 -0300] "POST /juddi-gui/ajax/importFromWsdl.jsp HTTP/1.1" 200 1433
127.0.0.1 - - [05/Mar/2018:15:35:38 -0300] "POST /juddiv3/services/publish HTTP/1.1" 200 17117
0:0:0:0:0:0:0:1 - - [05/Mar/2018:15:35:40 -0300] "GET /juddi-gui/serviceBrowse.jsp HTTP/1.1" 200 21763
0:0:0:0:0:0:0:1 - - [05/Mar/2018:15:35:40 -0300] "GET /juddi-gui/js/i18n.js.jsp HTTP/1.1" 200 3080
0:0:0:0:0:0:0:1 - - [05/Mar/2018:15:35:40 -0300] "GET /juddi-gui/ajax/servicesearch.jsp?keyword=%25&offset=%5Bobject%20HTMLSpanElement%5D&maxrecords=20&lang=&_=1520274940587 HTTP/1.1" 200 8150
127.0.0.1 - - [05/Mar/2018:15:35:40 -0300] "POST /juddiv3/services/inquiry HTTP/1.1" 200 4506
127.0.0.1 - - [05/Mar/2018:15:35:42 -0300] "POST /juddiv3/services/inquiry HTTP/1.1" 200 3404
0:0:0:0:0:0:0:1 - - [05/Mar/2018:15:35:42 -0300] "GET /juddi-gui/serviceEditor.jsp?id=uddi:localhost:service_getclientpreferredpizzaserviceone HTTP/1.1" 200 48121
0:0:0:0:0:0:0:1 - - [05/Mar/2018:15:35:42 -0300] "GET /juddi-gui/js/i18n.js.jsp HTTP/1.1" 200 3080
127.0.0.1 - - [05/Mar/2018:15:35:42 -0300] "POST /juddiv3/services/inquiry HTTP/1.1" 200 939
0:0:0:0:0:0:0:1 - - [05/Mar/2018:15:35:42 -0300] "GET /juddi-gui/ajax/opInfo.jsp?id=uddi:localhost:service_getclientpreferredpizzaserviceone HTTP/1.1" 200 451
0:0:0:0:0:0:0:1 - - [05/Mar/2018:15:35:43 -0300] "GET /juddi-gui/ajax/tmodelsearch.jsp?keyword=%25&offset=0&maxrecords=10&lang=&chooser=undefined&_=1520274942846 HTTP/1.1" 200 2462
127.0.0.1 - - [05/Mar/2018:15:35:43 -0300] "POST /juddiv3/services/inquiry HTTP/1.1" 200 2601
0:0:0:0:0:0:0:1 - - [05/Mar/2018:15:35:46 -0300] "GET /juddi-gui/serviceBrowse.jsp HTTP/1.1" 200 21763
0:0:0:0:0:0:0:1 - - [05/Mar/2018:15:35:46 -0300] "GET /juddi-gui/js/i18n.js.jsp HTTP/1.1" 200 3080
127.0.0.1 - - [05/Mar/2018:15:35:47 -0300] "POST /juddiv3/services/inquiry HTTP/1.1" 200 4506
0:0:0:0:0:0:0:1 - - [05/Mar/2018:15:35:47 -0300] "GET /juddi-gui/ajax/servicesearch.jsp?keyword=%25&offset=%5Bobject%20HTMLSpanElement%5D&maxrecords=20&lang=&_=1520274946898 HTTP/1.1" 200 8150
0:0:0:0:0:0:0:1 - - [05/Mar/2018:15:35:48 -0300] "GET /juddi-gui/serviceEditor.jsp?id=uddi:localhost:service_getclientprofileserviceone HTTP/1.1" 200 45622
127.0.0.1 - - [05/Mar/2018:15:35:48 -0300] "POST /juddiv3/services/inquiry HTTP/1.1" 200 2898
0:0:0:0:0:0:0:1 - - [05/Mar/2018:15:35:48 -0300] "GET /juddi-gui/js/i18n.js.jsp HTTP/1.1" 200 3080
0:0:0:0:0:0:0:1 - - [05/Mar/2018:15:35:48 -0300] "GET /juddi-gui/ajax/opInfo.jsp?id=uddi:localhost:service_getclientprofileserviceone HTTP/1.1" 200 444
127.0.0.1 - - [05/Mar/2018:15:35:48 -0300] "POST /juddiv3/services/inquiry HTTP/1.1" 200 932
0:0:0:0:0:0:0:1 - - [05/Mar/2018:15:35:49 -0300] "GET /juddi-gui/ajax/tmodelsearch.jsp?keyword=%25&offset=0&maxrecords=10&lang=&chooser=undefined&_=1520274948903 HTTP/1.1" 200 2462
127.0.0.1 - - [05/Mar/2018:15:35:49 -0300] "POST /juddiv3/services/inquiry HTTP/1.1" 200 2601
127.0.0.1 - - [05/Mar/2018:15:35:57 -0300] "POST /juddiv3/services/inquiry HTTP/1.1" 200 2601
0:0:0:0:0:0:0:1 - - [05/Mar/2018:15:35:57 -0300] "GET /juddi-gui/ajax/tmodelsearch.jsp?keyword=%25&offset=0&maxrecords=10&lang=&chooser=true&_=1520274948904 HTTP/1.1" 200 2711
0:0:0:0:0:0:0:1 - - [05/Mar/2018:15:36:01 -0300] "GET /juddi-gui/ajax/tmodelsearch.jsp?keyword=%25reliability&offset=0&maxrecords=10&lang=&chooser=true&_=1520274948905 HTTP/1.1" 200 563
127.0.0.1 - - [05/Mar/2018:15:36:01 -0300] "POST /juddiv3/services/inquiry HTTP/1.1" 200 928
127.0.0.1 - - [05/Mar/2018:15:36:13 -0300] "POST /juddiv3/services/inquiry HTTP/1.1" 200 928
0:0:0:0:0:0:0:1 - - [05/Mar/2018:15:36:13 -0300] "GET /juddi-gui/ajax/tmodelsearch.jsp?keyword=%25reliability&offset=0&maxrecords=10&lang=&chooser=true&_=1520274948906 HTTP/1.1" 200 563
127.0.0.1 - - [05/Mar/2018:15:36:17 -0300] "POST /juddiv3/services/inquiry HTTP/1.1" 200 2601
0:0:0:0:0:0:0:1 - - [05/Mar/2018:15:36:17 -0300] "GET /juddi-gui/ajax/tmodelsearch.jsp?keyword=%25&offset=0&maxrecords=10&lang=&chooser=true&_=1520274948907 HTTP/1.1" 200 2711
127.0.0.1 - - [05/Mar/2018:15:36:36 -0300] "POST /juddiv3/services/inquiry HTTP/1.1" 200 2898
0:0:0:0:0:0:0:1 - - [05/Mar/2018:15:36:36 -0300] "POST /juddi-gui/ajax/saveservicedetails.jsp HTTP/1.1" 200 171
127.0.0.1 - - [05/Mar/2018:15:36:36 -0300] "POST /juddiv3/services/publish HTTP/1.1" 200 3307
0:0:0:0:0:0:0:1 - - [05/Mar/2018:15:37:12 -0300] "GET /juddi-gui/importFromWsdl.jsp HTTP/1.1" 200 40849
0:0:0:0:0:0:0:1 - - [05/Mar/2018:15:37:12 -0300] "GET /juddi-gui/js/i18n.js.jsp HTTP/1.1" 200 3080
127.0.0.1 - - [05/Mar/2018:15:37:12 -0300] "POST /juddiv3/services/inquiry HTTP/1.1" 200 4395
0:0:0:0:0:0:0:1 - - [05/Mar/2018:15:37:12 -0300] "GET /juddi-gui/ajax/businesssearch.jsp?keyword=%25&offset=0&maxrecords=10&lang=&chooser=true&_=1520275032642 HTTP/1.1" 200 1275
0:0:0:0:0:0:0:1 - - [05/Mar/2018:15:37:19 -0300] "GET /juddi-gui/ajax/businesssearch.jsp?keyword=%25&offset=0&maxrecords=10&lang=&chooser=true&_=1520275032643 HTTP/1.1" 200 1275
127.0.0.1 - - [05/Mar/2018:15:37:19 -0300] "POST /juddiv3/services/inquiry HTTP/1.1" 200 4395
127.0.0.1 - - [05/Mar/2018:15:37:23 -0300] "POST /juddiv3/services/inquiry HTTP/1.1" 200 936
0:0:0:0:0:0:0:1 - - [05/Mar/2018:15:37:23 -0300] "POST /juddi-gui/ajax/importFromWsdl.jsp HTTP/1.1" 200 908
127.0.0.1 - - [05/Mar/2018:15:37:24 -0300] "POST /juddiv3/services/inquiry HTTP/1.1" 200 936
127.0.0.1 - - [05/Mar/2018:15:37:24 -0300] "POST /juddiv3/services/publish HTTP/1.1" 500 773
127.0.0.1 - - [05/Mar/2018:15:37:24 -0300] "POST /juddiv3/services/security HTTP/1.1" 200 581
127.0.0.1 - - [05/Mar/2018:15:37:24 -0300] "POST /juddiv3/services/publish HTTP/1.1" 200 1734
127.0.0.1 - - [05/Mar/2018:15:37:24 -0300] "POST /juddiv3/services/publish HTTP/1.1" 200 1141
127.0.0.1 - - [05/Mar/2018:15:37:24 -0300] "POST /juddiv3/services/inquiry HTTP/1.1" 200 17526
0:0:0:0:0:0:0:1 - - [05/Mar/2018:15:37:25 -0300] "POST /juddi-gui/ajax/importFromWsdl.jsp HTTP/1.1" 200 1508
127.0.0.1 - - [05/Mar/2018:15:37:25 -0300] "POST /juddiv3/services/publish HTTP/1.1" 200 19964
0:0:0:0:0:0:0:1 - - [05/Mar/2018:15:37:27 -0300] "GET /juddi-gui/serviceBrowse.jsp HTTP/1.1" 200 21763
0:0:0:0:0:0:0:1 - - [05/Mar/2018:15:37:27 -0300] "GET /juddi-gui/js/i18n.js.jsp HTTP/1.1" 200 3080
127.0.0.1 - - [05/Mar/2018:15:37:27 -0300] "POST /juddiv3/services/inquiry HTTP/1.1" 200 4726
0:0:0:0:0:0:0:1 - - [05/Mar/2018:15:37:27 -0300] "GET /juddi-gui/ajax/servicesearch.jsp?keyword=%25&offset=%5Bobject%20HTMLSpanElement%5D&maxrecords=20&lang=&_=1520275047492 HTTP/1.1" 200 8627
127.0.0.1 - - [05/Mar/2018:15:37:29 -0300] "POST /juddiv3/services/inquiry HTTP/1.1" 200 2952
0:0:0:0:0:0:0:1 - - [05/Mar/2018:15:37:29 -0300] "GET /juddi-gui/serviceEditor.jsp?id=uddi:localhost:service_externalcommunicationserviceone HTTP/1.1" 200 45701
0:0:0:0:0:0:0:1 - - [05/Mar/2018:15:37:29 -0300] "GET /juddi-gui/js/i18n.js.jsp HTTP/1.1" 200 3080
127.0.0.1 - - [05/Mar/2018:15:37:29 -0300] "POST /juddiv3/services/inquiry HTTP/1.1" 200 937
0:0:0:0:0:0:0:1 - - [05/Mar/2018:15:37:29 -0300] "GET /juddi-gui/ajax/opInfo.jsp?id=uddi:localhost:service_externalcommunicationserviceone HTTP/1.1" 200 449
127.0.0.1 - - [05/Mar/2018:15:37:29 -0300] "POST /juddiv3/services/inquiry HTTP/1.1" 200 2593
0:0:0:0:0:0:0:1 - - [05/Mar/2018:15:37:29 -0300] "GET /juddi-gui/ajax/tmodelsearch.jsp?keyword=%25&offset=0&maxrecords=10&lang=&chooser=undefined&_=1520275049422 HTTP/1.1" 200 2450
127.0.0.1 - - [05/Mar/2018:15:37:38 -0300] "POST /juddiv3/services/inquiry HTTP/1.1" 200 2593
0:0:0:0:0:0:0:1 - - [05/Mar/2018:15:37:38 -0300] "GET /juddi-gui/ajax/tmodelsearch.jsp?keyword=%25&offset=0&maxrecords=10&lang=&chooser=true&_=1520275049423 HTTP/1.1" 200 2699
127.0.0.1 - - [05/Mar/2018:15:37:56 -0300] "POST /juddiv3/services/inquiry HTTP/1.1" 200 2593
0:0:0:0:0:0:0:1 - - [05/Mar/2018:15:37:56 -0300] "GET /juddi-gui/ajax/tmodelsearch.jsp?keyword=%25&offset=0&maxrecords=10&lang=&chooser=true&_=1520275049424 HTTP/1.1" 200 2699
0:0:0:0:0:0:0:1 - - [05/Mar/2018:15:38:00 -0300] "GET /juddi-gui/ajax/tmodelsearch.jsp?keyword=%25reliability&offset=0&maxrecords=10&lang=&chooser=true&_=1520275049425 HTTP/1.1" 200 563
127.0.0.1 - - [05/Mar/2018:15:38:00 -0300] "POST /juddiv3/services/inquiry HTTP/1.1" 200 928
127.0.0.1 - - [05/Mar/2018:15:38:13 -0300] "POST /juddiv3/services/inquiry HTTP/1.1" 200 2952
127.0.0.1 - - [05/Mar/2018:15:38:13 -0300] "POST /juddiv3/services/publish HTTP/1.1" 200 3356
0:0:0:0:0:0:0:1 - - [05/Mar/2018:15:38:13 -0300] "POST /juddi-gui/ajax/saveservicedetails.jsp HTTP/1.1" 200 181
0:0:0:0:0:0:0:1 - - [05/Mar/2018:15:38:41 -0300] "GET /juddi-gui/importFromWsdl.jsp HTTP/1.1" 200 40849
0:0:0:0:0:0:0:1 - - [05/Mar/2018:15:38:41 -0300] "GET /juddi-gui/js/i18n.js.jsp HTTP/1.1" 200 3080
127.0.0.1 - - [05/Mar/2018:15:38:41 -0300] "POST /juddiv3/services/inquiry HTTP/1.1" 200 4615
0:0:0:0:0:0:0:1 - - [05/Mar/2018:15:38:41 -0300] "GET /juddi-gui/ajax/businesssearch.jsp?keyword=%25&offset=0&maxrecords=10&lang=&chooser=true&_=1520275121788 HTTP/1.1" 200 1275
0:0:0:0:0:0:0:1 - - [05/Mar/2018:15:38:45 -0300] "GET /juddi-gui/ajax/businesssearch.jsp?keyword=%25&offset=0&maxrecords=10&lang=&chooser=true&_=1520275121789 HTTP/1.1" 200 1275
127.0.0.1 - - [05/Mar/2018:15:38:45 -0300] "POST /juddiv3/services/inquiry HTTP/1.1" 200 4615
127.0.0.1 - - [05/Mar/2018:15:38:49 -0300] "POST /juddiv3/services/inquiry HTTP/1.1" 200 936
0:0:0:0:0:0:0:1 - - [05/Mar/2018:15:38:49 -0300] "POST /juddi-gui/ajax/importFromWsdl.jsp HTTP/1.1" 200 899
127.0.0.1 - - [05/Mar/2018:15:38:50 -0300] "POST /juddiv3/services/inquiry HTTP/1.1" 200 936
127.0.0.1 - - [05/Mar/2018:15:38:50 -0300] "POST /juddiv3/services/publish HTTP/1.1" 200 1730
127.0.0.1 - - [05/Mar/2018:15:38:50 -0300] "POST /juddiv3/services/publish HTTP/1.1" 200 1138
127.0.0.1 - - [05/Mar/2018:15:38:50 -0300] "POST /juddiv3/services/inquiry HTTP/1.1" 200 20368
127.0.0.1 - - [05/Mar/2018:15:38:51 -0300] "POST /juddiv3/services/publish HTTP/1.1" 200 22797
0:0:0:0:0:0:0:1 - - [05/Mar/2018:15:38:51 -0300] "POST /juddi-gui/ajax/importFromWsdl.jsp HTTP/1.1" 200 1493
0:0:0:0:0:0:0:1 - - [05/Mar/2018:15:38:53 -0300] "GET /juddi-gui/serviceBrowse.jsp HTTP/1.1" 200 21763
0:0:0:0:0:0:0:1 - - [05/Mar/2018:15:38:53 -0300] "GET /juddi-gui/js/i18n.js.jsp HTTP/1.1" 200 3080
127.0.0.1 - - [05/Mar/2018:15:38:54 -0300] "POST /juddiv3/services/inquiry HTTP/1.1" 200 4755
0:0:0:0:0:0:0:1 - - [05/Mar/2018:15:38:54 -0300] "GET /juddi-gui/ajax/servicesearch.jsp?keyword=%25&offset=%5Bobject%20HTMLSpanElement%5D&maxrecords=20&lang=&_=1520275133907 HTTP/1.1" 200 8691
127.0.0.1 - - [05/Mar/2018:15:39:12 -0300] "POST /juddiv3/services/inquiry HTTP/1.1" 200 2942
0:0:0:0:0:0:0:1 - - [05/Mar/2018:15:39:12 -0300] "GET /juddi-gui/serviceEditor.jsp?id=uddi:localhost:service_creditcardvalidationserviceone HTTP/1.1" 200 45686
0:0:0:0:0:0:0:1 - - [05/Mar/2018:15:39:12 -0300] "GET /juddi-gui/js/i18n.js.jsp HTTP/1.1" 200 3080
127.0.0.1 - - [05/Mar/2018:15:39:12 -0300] "POST /juddiv3/services/inquiry HTTP/1.1" 200 936
0:0:0:0:0:0:0:1 - - [05/Mar/2018:15:39:12 -0300] "GET /juddi-gui/ajax/opInfo.jsp?id=uddi:localhost:service_creditcardvalidationserviceone HTTP/1.1" 200 448
127.0.0.1 - - [05/Mar/2018:15:39:12 -0300] "POST /juddiv3/services/inquiry HTTP/1.1" 200 2530
0:0:0:0:0:0:0:1 - - [05/Mar/2018:15:39:12 -0300] "GET /juddi-gui/ajax/tmodelsearch.jsp?keyword=%25&offset=0&maxrecords=10&lang=&chooser=undefined&_=1520275152275 HTTP/1.1" 200 2438
127.0.0.1 - - [05/Mar/2018:15:39:22 -0300] "POST /juddiv3/services/inquiry HTTP/1.1" 200 2530
0:0:0:0:0:0:0:1 - - [05/Mar/2018:15:39:22 -0300] "GET /juddi-gui/ajax/tmodelsearch.jsp?keyword=%25&offset=0&maxrecords=10&lang=&chooser=true&_=1520275152276 HTTP/1.1" 200 2687
127.0.0.1 - - [05/Mar/2018:15:39:26 -0300] "POST /juddiv3/services/inquiry HTTP/1.1" 200 928
0:0:0:0:0:0:0:1 - - [05/Mar/2018:15:39:26 -0300] "GET /juddi-gui/ajax/tmodelsearch.jsp?keyword=%25reliability&offset=0&maxrecords=10&lang=&chooser=true&_=1520275152277 HTTP/1.1" 200 563
127.0.0.1 - - [05/Mar/2018:15:39:45 -0300] "POST /juddiv3/services/inquiry HTTP/1.1" 200 928
0:0:0:0:0:0:0:1 - - [05/Mar/2018:15:39:45 -0300] "GET /juddi-gui/ajax/tmodelsearch.jsp?keyword=%25reliability&offset=0&maxrecords=10&lang=&chooser=true&_=1520275152278 HTTP/1.1" 200 563
0:0:0:0:0:0:0:1 - - [05/Mar/2018:15:39:50 -0300] "GET /juddi-gui/ajax/tmodelsearch.jsp?keyword=%25&offset=0&maxrecords=10&lang=&chooser=true&_=1520275152279 HTTP/1.1" 200 2687
127.0.0.1 - - [05/Mar/2018:15:39:50 -0300] "POST /juddiv3/services/inquiry HTTP/1.1" 200 2530
127.0.0.1 - - [05/Mar/2018:15:40:05 -0300] "POST /juddiv3/services/inquiry HTTP/1.1" 200 2942
127.0.0.1 - - [05/Mar/2018:15:40:05 -0300] "POST /juddiv3/services/publish HTTP/1.1" 200 3342
0:0:0:0:0:0:0:1 - - [05/Mar/2018:15:40:05 -0300] "POST /juddi-gui/ajax/saveservicedetails.jsp HTTP/1.1" 200 179
0:0:0:0:0:0:0:1 - - [05/Mar/2018:15:40:09 -0300] "GET /juddi-gui/importFromWsdl.jsp HTTP/1.1" 200 40849
0:0:0:0:0:0:0:1 - - [05/Mar/2018:15:40:09 -0300] "GET /juddi-gui/js/i18n.js.jsp HTTP/1.1" 200 3080
0:0:0:0:0:0:0:1 - - [05/Mar/2018:15:40:10 -0300] "GET /juddi-gui/ajax/businesssearch.jsp?keyword=%25&offset=0&maxrecords=10&lang=&chooser=true&_=1520275210003 HTTP/1.1" 200 1275
127.0.0.1 - - [05/Mar/2018:15:40:10 -0300] "POST /juddiv3/services/inquiry HTTP/1.1" 200 4833
127.0.0.1 - - [05/Mar/2018:15:40:13 -0300] "POST /juddiv3/services/inquiry HTTP/1.1" 200 3342
0:0:0:0:0:0:0:1 - - [05/Mar/2018:15:40:13 -0300] "GET /juddi-gui/serviceEditor.jsp?id=uddi:localhost:service_creditcardvalidationserviceone HTTP/1.1" 200 48033
0:0:0:0:0:0:0:1 - - [05/Mar/2018:15:40:13 -0300] "GET /juddi-gui/ajax/opInfo.jsp?id=uddi:localhost:service_creditcardvalidationserviceone HTTP/1.1" 200 448
127.0.0.1 - - [05/Mar/2018:15:40:13 -0300] "POST /juddiv3/services/inquiry HTTP/1.1" 200 936
127.0.0.1 - - [05/Mar/2018:15:40:13 -0300] "POST /juddiv3/services/inquiry HTTP/1.1" 200 2530
0:0:0:0:0:0:0:1 - - [05/Mar/2018:15:40:13 -0300] "GET /juddi-gui/ajax/tmodelsearch.jsp?keyword=%25&offset=0&maxrecords=10&lang=&chooser=undefined&_=1520275213571 HTTP/1.1" 200 2438
0:0:0:0:0:0:0:1 - - [05/Mar/2018:15:40:31 -0300] "GET /juddi-gui/importFromWsdl.jsp HTTP/1.1" 200 40849
0:0:0:0:0:0:0:1 - - [05/Mar/2018:15:40:31 -0300] "GET /juddi-gui/js/i18n.js.jsp HTTP/1.1" 200 3080
127.0.0.1 - - [05/Mar/2018:15:40:31 -0300] "POST /juddiv3/services/inquiry HTTP/1.1" 200 4833
0:0:0:0:0:0:0:1 - - [05/Mar/2018:15:40:31 -0300] "GET /juddi-gui/ajax/businesssearch.jsp?keyword=%25&offset=0&maxrecords=10&lang=&chooser=true&_=1520275231556 HTTP/1.1" 200 1275
127.0.0.1 - - [05/Mar/2018:15:40:39 -0300] "POST /juddiv3/services/inquiry HTTP/1.1" 200 4833
0:0:0:0:0:0:0:1 - - [05/Mar/2018:15:40:39 -0300] "GET /juddi-gui/ajax/businesssearch.jsp?keyword=%25&offset=0&maxrecords=10&lang=&chooser=true&_=1520275231557 HTTP/1.1" 200 1275
127.0.0.1 - - [05/Mar/2018:15:40:47 -0300] "POST /juddiv3/services/inquiry HTTP/1.1" 200 936
0:0:0:0:0:0:0:1 - - [05/Mar/2018:15:40:47 -0300] "POST /juddi-gui/ajax/importFromWsdl.jsp HTTP/1.1" 200 962
127.0.0.1 - - [05/Mar/2018:15:41:00 -0300] "POST /juddiv3/services/inquiry HTTP/1.1" 200 936
127.0.0.1 - - [05/Mar/2018:15:41:00 -0300] "POST /juddiv3/services/publish HTTP/1.1" 200 1764
127.0.0.1 - - [05/Mar/2018:15:41:00 -0300] "POST /juddiv3/services/publish HTTP/1.1" 200 1165
127.0.0.1 - - [05/Mar/2018:15:41:00 -0300] "POST /juddiv3/services/inquiry HTTP/1.1" 200 23197
127.0.0.1 - - [05/Mar/2018:15:41:00 -0300] "POST /juddiv3/services/publish HTTP/1.1" 200 25708
0:0:0:0:0:0:0:1 - - [05/Mar/2018:15:41:00 -0300] "POST /juddi-gui/ajax/importFromWsdl.jsp HTTP/1.1" 200 1598
0:0:0:0:0:0:0:1 - - [05/Mar/2018:15:41:03 -0300] "GET /juddi-gui/serviceBrowse.jsp HTTP/1.1" 200 21763
0:0:0:0:0:0:0:1 - - [05/Mar/2018:15:41:03 -0300] "GET /juddi-gui/js/i18n.js.jsp HTTP/1.1" 200 3080
0:0:0:0:0:0:0:1 - - [05/Mar/2018:15:41:03 -0300] "GET /juddi-gui/ajax/servicesearch.jsp?keyword=%25&offset=%5Bobject%20HTMLSpanElement%5D&maxrecords=20&lang=&_=1520275263618 HTTP/1.1" 200 8784
127.0.0.1 - - [05/Mar/2018:15:41:03 -0300] "POST /juddiv3/services/inquiry HTTP/1.1" 200 4799
127.0.0.1 - - [05/Mar/2018:15:41:08 -0300] "POST /juddiv3/services/inquiry HTTP/1.1" 200 3018
0:0:0:0:0:0:0:1 - - [05/Mar/2018:15:41:08 -0300] "GET /juddi-gui/serviceEditor.jsp?id=uddi:localhost:service_externalcommunicationclientserviceone HTTP/1.1" 200 45797
0:0:0:0:0:0:0:1 - - [05/Mar/2018:15:41:08 -0300] "GET /juddi-gui/js/i18n.js.jsp HTTP/1.1" 200 3080
127.0.0.1 - - [05/Mar/2018:15:41:08 -0300] "POST /juddiv3/services/inquiry HTTP/1.1" 200 943
0:0:0:0:0:0:0:1 - - [05/Mar/2018:15:41:08 -0300] "GET /juddi-gui/ajax/opInfo.jsp?id=uddi:localhost:service_externalcommunicationclientserviceone HTTP/1.1" 200 455
127.0.0.1 - - [05/Mar/2018:15:41:08 -0300] "POST /juddiv3/services/inquiry HTTP/1.1" 200 2542
0:0:0:0:0:0:0:1 - - [05/Mar/2018:15:41:08 -0300] "GET /juddi-gui/ajax/tmodelsearch.jsp?keyword=%25&offset=0&maxrecords=10&lang=&chooser=undefined&_=1520275268083 HTTP/1.1" 200 2456
127.0.0.1 - - [05/Mar/2018:15:41:21 -0300] "POST /juddiv3/services/inquiry HTTP/1.1" 200 2542
0:0:0:0:0:0:0:1 - - [05/Mar/2018:15:41:21 -0300] "GET /juddi-gui/ajax/tmodelsearch.jsp?keyword=%25&offset=0&maxrecords=10&lang=&chooser=true&_=1520275268084 HTTP/1.1" 200 2705
127.0.0.1 - - [05/Mar/2018:15:41:38 -0300] "POST /juddiv3/services/inquiry HTTP/1.1" 200 2542
0:0:0:0:0:0:0:1 - - [05/Mar/2018:15:41:38 -0300] "GET /juddi-gui/ajax/tmodelsearch.jsp?keyword=%25&offset=0&maxrecords=10&lang=&chooser=true&_=1520275268085 HTTP/1.1" 200 2705
0:0:0:0:0:0:0:1 - - [05/Mar/2018:15:41:42 -0300] "GET /juddi-gui/ajax/tmodelsearch.jsp?keyword=%25reliability&offset=0&maxrecords=10&lang=&chooser=true&_=1520275268086 HTTP/1.1" 200 563
127.0.0.1 - - [05/Mar/2018:15:41:42 -0300] "POST /juddiv3/services/inquiry HTTP/1.1" 200 928
127.0.0.1 - - [05/Mar/2018:15:41:54 -0300] "POST /juddiv3/services/inquiry HTTP/1.1" 200 3018
127.0.0.1 - - [05/Mar/2018:15:41:55 -0300] "POST /juddiv3/services/publish HTTP/1.1" 200 3425
0:0:0:0:0:0:0:1 - - [05/Mar/2018:15:41:55 -0300] "POST /juddi-gui/ajax/saveservicedetails.jsp HTTP/1.1" 200 193
0:0:0:0:0:0:0:1 - - [05/Mar/2018:15:41:58 -0300] "GET /juddi-gui/businessBrowse.jsp HTTP/1.1" 200 22222
0:0:0:0:0:0:0:1 - - [05/Mar/2018:15:41:58 -0300] "GET /juddi-gui/js/i18n.js.jsp HTTP/1.1" 200 3080
127.0.0.1 - - [05/Mar/2018:15:41:58 -0300] "POST /juddiv3/services/inquiry HTTP/1.1" 200 5630
0:0:0:0:0:0:0:1 - - [05/Mar/2018:15:41:58 -0300] "GET /juddi-gui/ajax/businesssearch.jsp?keyword=%25&offset=0&maxrecords=20&lang=&_=1520275318418 HTTP/1.1" 200 1366
0:0:0:0:0:0:0:1 - - [05/Mar/2018:15:41:59 -0300] "GET /juddi-gui/serviceBrowse.jsp HTTP/1.1" 200 21763
0:0:0:0:0:0:0:1 - - [05/Mar/2018:15:41:59 -0300] "GET /juddi-gui/js/i18n.js.jsp HTTP/1.1" 200 3080
0:0:0:0:0:0:0:1 - - [05/Mar/2018:15:41:59 -0300] "GET /juddi-gui/ajax/servicesearch.jsp?keyword=%25&offset=%5Bobject%20HTMLSpanElement%5D&maxrecords=20&lang=&_=1520275319605 HTTP/1.1" 200 8784
127.0.0.1 - - [05/Mar/2018:15:41:59 -0300] "POST /juddiv3/services/inquiry HTTP/1.1" 200 4799
0:0:0:0:0:0:0:1 - - [05/Mar/2018:15:42:01 -0300] "GET /juddi-gui/businessBrowse.jsp HTTP/1.1" 200 22222
0:0:0:0:0:0:0:1 - - [05/Mar/2018:15:42:01 -0300] "GET /juddi-gui/js/i18n.js.jsp HTTP/1.1" 200 3080
127.0.0.1 - - [05/Mar/2018:15:42:01 -0300] "POST /juddiv3/services/inquiry HTTP/1.1" 200 5630
0:0:0:0:0:0:0:1 - - [05/Mar/2018:15:42:01 -0300] "GET /juddi-gui/ajax/businesssearch.jsp?keyword=%25&offset=0&maxrecords=20&lang=&_=1520275321205 HTTP/1.1" 200 1366
0:0:0:0:0:0:0:1 - - [05/Mar/2018:15:42:03 -0300] "GET /juddi-gui/businessBrowse.jsp HTTP/1.1" 200 22222
0:0:0:0:0:0:0:1 - - [05/Mar/2018:15:42:03 -0300] "GET /juddi-gui/js/i18n.js.jsp HTTP/1.1" 200 3080
127.0.0.1 - - [05/Mar/2018:15:42:03 -0300] "POST /juddiv3/services/inquiry HTTP/1.1" 200 5630
0:0:0:0:0:0:0:1 - - [05/Mar/2018:15:42:03 -0300] "GET /juddi-gui/ajax/businesssearch.jsp?keyword=%25&offset=0&maxrecords=20&lang=&_=1520275323323 HTTP/1.1" 200 1366
0:0:0:0:0:0:0:1 - - [05/Mar/2018:15:42:04 -0300] "GET /juddi-gui/serviceBrowse.jsp HTTP/1.1" 200 21763
0:0:0:0:0:0:0:1 - - [05/Mar/2018:15:42:04 -0300] "GET /juddi-gui/js/i18n.js.jsp HTTP/1.1" 200 3080
127.0.0.1 - - [05/Mar/2018:15:42:04 -0300] "POST /juddiv3/services/inquiry HTTP/1.1" 200 4799
0:0:0:0:0:0:0:1 - - [05/Mar/2018:15:42:04 -0300] "GET /juddi-gui/ajax/servicesearch.jsp?keyword=%25&offset=%5Bobject%20HTMLSpanElement%5D&maxrecords=20&lang=&_=1520275324372 HTTP/1.1" 200 8784
0:0:0:0:0:0:0:1 - - [05/Mar/2018:15:42:20 -0300] "GET /juddi-gui/tmodelPartitions.jsp HTTP/1.1" 200 25823
0:0:0:0:0:0:0:1 - - [05/Mar/2018:15:42:20 -0300] "GET /juddi-gui/js/i18n.js.jsp HTTP/1.1" 200 3080
0:0:0:0:0:0:0:1 - - [05/Mar/2018:15:43:15 -0300] "GET /juddi-gui/serviceBrowse.jsp HTTP/1.1" 200 21763
0:0:0:0:0:0:0:1 - - [05/Mar/2018:15:43:15 -0300] "GET /juddi-gui/js/i18n.js.jsp HTTP/1.1" 200 3080
127.0.0.1 - - [05/Mar/2018:15:43:15 -0300] "POST /juddiv3/services/inquiry HTTP/1.1" 200 4799
0:0:0:0:0:0:0:1 - - [05/Mar/2018:15:43:15 -0300] "GET /juddi-gui/ajax/servicesearch.jsp?keyword=%25&offset=%5Bobject%20HTMLSpanElement%5D&maxrecords=20&lang=&_=1520275395126 HTTP/1.1" 200 8784
127.0.0.1 - - [05/Mar/2018:15:56:09 -0300] "POST /juddiv3/services/inquiry HTTP/1.1" 200 918
127.0.0.1 - - [05/Mar/2018:15:56:09 -0300] "POST /juddiv3/services/inquiry HTTP/1.1" 200 3283
127.0.0.1 - - [05/Mar/2018:15:56:09 -0300] "POST /juddiv3/services/inquiry HTTP/1.1" 200 928
127.0.0.1 - - [05/Mar/2018:15:56:09 -0300] "POST /juddiv3/services/inquiry HTTP/1.1" 200 3299
127.0.0.1 - - [05/Mar/2018:15:56:10 -0300] "POST /juddiv3/services/inquiry HTTP/1.1" 200 922
127.0.0.1 - - [05/Mar/2018:15:56:10 -0300] "POST /juddiv3/services/inquiry HTTP/1.1" 200 3307
127.0.0.1 - - [05/Mar/2018:15:56:10 -0300] "POST /juddiv3/services/inquiry HTTP/1.1" 200 936
127.0.0.1 - - [05/Mar/2018:15:56:10 -0300] "POST /juddiv3/services/inquiry HTTP/1.1" 200 3404
127.0.0.1 - - [05/Mar/2018:15:56:10 -0300] "POST /juddiv3/services/inquiry HTTP/1.1" 200 910
127.0.0.1 - - [05/Mar/2018:15:56:10 -0300] "POST /juddiv3/services/inquiry HTTP/1.1" 200 3230
127.0.0.1 - - [05/Mar/2018:15:56:10 -0300] "POST /juddiv3/services/inquiry HTTP/1.1" 200 930
127.0.0.1 - - [05/Mar/2018:15:56:10 -0300] "POST /juddiv3/services/inquiry HTTP/1.1" 200 3342
127.0.0.1 - - [05/Mar/2018:15:56:10 -0300] "POST /juddiv3/services/inquiry HTTP/1.1" 200 928
127.0.0.1 - - [05/Mar/2018:15:56:10 -0300] "POST /juddiv3/services/inquiry HTTP/1.1" 200 3299
127.0.0.1 - - [05/Mar/2018:15:56:10 -0300] "POST /juddiv3/services/inquiry HTTP/1.1" 200 932
127.0.0.1 - - [05/Mar/2018:15:56:10 -0300] "POST /juddiv3/services/inquiry HTTP/1.1" 200 3359
127.0.0.1 - - [05/Mar/2018:15:56:10 -0300] "POST /juddiv3/services/inquiry HTTP/1.1" 200 932
127.0.0.1 - - [05/Mar/2018:15:56:10 -0300] "POST /juddiv3/services/inquiry HTTP/1.1" 200 3356
127.0.0.1 - - [05/Mar/2018:15:56:11 -0300] "POST /juddiv3/services/inquiry HTTP/1.1" 200 944
127.0.0.1 - - [05/Mar/2018:15:56:11 -0300] "POST /juddiv3/services/inquiry HTTP/1.1" 200 3425
127.0.0.1 - - [05/Mar/2018:15:56:53 -0300] "POST /juddiv3/services/inquiry HTTP/1.1" 200 918
127.0.0.1 - - [05/Mar/2018:15:56:53 -0300] "POST /juddiv3/services/inquiry HTTP/1.1" 200 3283
127.0.0.1 - - [05/Mar/2018:15:56:53 -0300] "POST /juddiv3/services/inquiry HTTP/1.1" 200 928
127.0.0.1 - - [05/Mar/2018:15:56:53 -0300] "POST /juddiv3/services/inquiry HTTP/1.1" 200 3299
127.0.0.1 - - [05/Mar/2018:15:56:53 -0300] "POST /juddiv3/services/inquiry HTTP/1.1" 200 922
127.0.0.1 - - [05/Mar/2018:15:56:53 -0300] "POST /juddiv3/services/inquiry HTTP/1.1" 200 3307
127.0.0.1 - - [05/Mar/2018:15:56:54 -0300] "POST /juddiv3/services/inquiry HTTP/1.1" 200 936
127.0.0.1 - - [05/Mar/2018:15:56:54 -0300] "POST /juddiv3/services/inquiry HTTP/1.1" 200 3404
127.0.0.1 - - [05/Mar/2018:15:56:54 -0300] "POST /juddiv3/services/inquiry HTTP/1.1" 200 910
127.0.0.1 - - [05/Mar/2018:15:56:54 -0300] "POST /juddiv3/services/inquiry HTTP/1.1" 200 3230
127.0.0.1 - - [05/Mar/2018:15:56:54 -0300] "POST /juddiv3/services/inquiry HTTP/1.1" 200 930
127.0.0.1 - - [05/Mar/2018:15:56:54 -0300] "POST /juddiv3/services/inquiry HTTP/1.1" 200 3342
127.0.0.1 - - [05/Mar/2018:15:56:54 -0300] "POST /juddiv3/services/inquiry HTTP/1.1" 200 928
127.0.0.1 - - [05/Mar/2018:15:56:54 -0300] "POST /juddiv3/services/inquiry HTTP/1.1" 200 3299
127.0.0.1 - - [05/Mar/2018:15:56:54 -0300] "POST /juddiv3/services/inquiry HTTP/1.1" 200 932
127.0.0.1 - - [05/Mar/2018:15:56:54 -0300] "POST /juddiv3/services/inquiry HTTP/1.1" 200 3359
127.0.0.1 - - [05/Mar/2018:15:56:54 -0300] "POST /juddiv3/services/inquiry HTTP/1.1" 200 932
127.0.0.1 - - [05/Mar/2018:15:56:54 -0300] "POST /juddiv3/services/inquiry HTTP/1.1" 200 3356
127.0.0.1 - - [05/Mar/2018:15:56:54 -0300] "POST /juddiv3/services/inquiry HTTP/1.1" 200 944
127.0.0.1 - - [05/Mar/2018:15:56:54 -0300] "POST /juddiv3/services/inquiry HTTP/1.1" 200 3425
127.0.0.1 - - [05/Mar/2018:15:58:17 -0300] "POST /juddiv3/services/inquiry HTTP/1.1" 200 918
127.0.0.1 - - [05/Mar/2018:15:58:17 -0300] "POST /juddiv3/services/inquiry HTTP/1.1" 200 3283
127.0.0.1 - - [05/Mar/2018:15:58:17 -0300] "POST /juddiv3/services/inquiry HTTP/1.1" 200 928
127.0.0.1 - - [05/Mar/2018:15:58:17 -0300] "POST /juddiv3/services/inquiry HTTP/1.1" 200 3299
127.0.0.1 - - [05/Mar/2018:15:58:17 -0300] "POST /juddiv3/services/inquiry HTTP/1.1" 200 922
127.0.0.1 - - [05/Mar/2018:15:58:17 -0300] "POST /juddiv3/services/inquiry HTTP/1.1" 200 3307
127.0.0.1 - - [05/Mar/2018:15:58:18 -0300] "POST /juddiv3/services/inquiry HTTP/1.1" 200 936
127.0.0.1 - - [05/Mar/2018:15:58:18 -0300] "POST /juddiv3/services/inquiry HTTP/1.1" 200 3404
127.0.0.1 - - [05/Mar/2018:15:58:18 -0300] "POST /juddiv3/services/inquiry HTTP/1.1" 200 910
127.0.0.1 - - [05/Mar/2018:15:58:18 -0300] "POST /juddiv3/services/inquiry HTTP/1.1" 200 3230
127.0.0.1 - - [05/Mar/2018:15:58:18 -0300] "POST /juddiv3/services/inquiry HTTP/1.1" 200 930
127.0.0.1 - - [05/Mar/2018:15:58:18 -0300] "POST /juddiv3/services/inquiry HTTP/1.1" 200 3342
127.0.0.1 - - [05/Mar/2018:15:58:18 -0300] "POST /juddiv3/services/inquiry HTTP/1.1" 200 928
127.0.0.1 - - [05/Mar/2018:15:58:18 -0300] "POST /juddiv3/services/inquiry HTTP/1.1" 200 3299
127.0.0.1 - - [05/Mar/2018:15:58:18 -0300] "POST /juddiv3/services/inquiry HTTP/1.1" 200 932
127.0.0.1 - - [05/Mar/2018:15:58:18 -0300] "POST /juddiv3/services/inquiry HTTP/1.1" 200 3359
127.0.0.1 - - [05/Mar/2018:15:58:18 -0300] "POST /juddiv3/services/inquiry HTTP/1.1" 200 932
127.0.0.1 - - [05/Mar/2018:15:58:18 -0300] "POST /juddiv3/services/inquiry HTTP/1.1" 200 3356
127.0.0.1 - - [05/Mar/2018:15:58:18 -0300] "POST /juddiv3/services/inquiry HTTP/1.1" 200 944
127.0.0.1 - - [05/Mar/2018:15:58:18 -0300] "POST /juddiv3/services/inquiry HTTP/1.1" 200 3425
127.0.0.1 - - [05/Mar/2018:15:59:21 -0300] "POST /juddiv3/services/inquiry HTTP/1.1" 200 918
127.0.0.1 - - [05/Mar/2018:15:59:21 -0300] "POST /juddiv3/services/inquiry HTTP/1.1" 200 3283
127.0.0.1 - - [05/Mar/2018:15:59:21 -0300] "POST /juddiv3/services/inquiry HTTP/1.1" 200 928
127.0.0.1 - - [05/Mar/2018:15:59:21 -0300] "POST /juddiv3/services/inquiry HTTP/1.1" 200 3299
127.0.0.1 - - [05/Mar/2018:15:59:22 -0300] "POST /juddiv3/services/inquiry HTTP/1.1" 200 922
127.0.0.1 - - [05/Mar/2018:15:59:22 -0300] "POST /juddiv3/services/inquiry HTTP/1.1" 200 3307
127.0.0.1 - - [05/Mar/2018:15:59:22 -0300] "POST /juddiv3/services/inquiry HTTP/1.1" 200 936
127.0.0.1 - - [05/Mar/2018:15:59:22 -0300] "POST /juddiv3/services/inquiry HTTP/1.1" 200 3404
127.0.0.1 - - [05/Mar/2018:15:59:22 -0300] "POST /juddiv3/services/inquiry HTTP/1.1" 200 910
127.0.0.1 - - [05/Mar/2018:15:59:22 -0300] "POST /juddiv3/services/inquiry HTTP/1.1" 200 3230
127.0.0.1 - - [05/Mar/2018:15:59:22 -0300] "POST /juddiv3/services/inquiry HTTP/1.1" 200 930
127.0.0.1 - - [05/Mar/2018:15:59:22 -0300] "POST /juddiv3/services/inquiry HTTP/1.1" 200 3342
127.0.0.1 - - [05/Mar/2018:15:59:23 -0300] "POST /juddiv3/services/inquiry HTTP/1.1" 200 928
127.0.0.1 - - [05/Mar/2018:15:59:23 -0300] "POST /juddiv3/services/inquiry HTTP/1.1" 200 3299
127.0.0.1 - - [05/Mar/2018:15:59:23 -0300] "POST /juddiv3/services/inquiry HTTP/1.1" 200 932
127.0.0.1 - - [05/Mar/2018:15:59:23 -0300] "POST /juddiv3/services/inquiry HTTP/1.1" 200 3359
127.0.0.1 - - [05/Mar/2018:15:59:23 -0300] "POST /juddiv3/services/inquiry HTTP/1.1" 200 932
127.0.0.1 - - [05/Mar/2018:15:59:23 -0300] "POST /juddiv3/services/inquiry HTTP/1.1" 200 3356
127.0.0.1 - - [05/Mar/2018:15:59:23 -0300] "POST /juddiv3/services/inquiry HTTP/1.1" 200 944
127.0.0.1 - - [05/Mar/2018:15:59:23 -0300] "POST /juddiv3/services/inquiry HTTP/1.1" 200 3425
127.0.0.1 - - [05/Mar/2018:16:00:33 -0300] "POST /juddiv3/services/inquiry HTTP/1.1" 200 3359
0:0:0:0:0:0:0:1 - - [05/Mar/2018:16:00:33 -0300] "GET /juddi-gui/serviceEditor.jsp?id=uddi:localhost:service_internalcommunicationserviceone HTTP/1.1" 200 48055
0:0:0:0:0:0:0:1 - - [05/Mar/2018:16:00:33 -0300] "GET /juddi-gui/js/i18n.js.jsp HTTP/1.1" 200 3080
127.0.0.1 - - [05/Mar/2018:16:00:34 -0300] "POST /juddiv3/services/inquiry HTTP/1.1" 200 937
0:0:0:0:0:0:0:1 - - [05/Mar/2018:16:00:34 -0300] "GET /juddi-gui/ajax/opInfo.jsp?id=uddi:localhost:service_internalcommunicationserviceone HTTP/1.1" 200 449
127.0.0.1 - - [05/Mar/2018:16:00:34 -0300] "POST /juddiv3/services/inquiry HTTP/1.1" 200 2542
0:0:0:0:0:0:0:1 - - [05/Mar/2018:16:00:34 -0300] "GET /juddi-gui/ajax/tmodelsearch.jsp?keyword=%25&offset=0&maxrecords=10&lang=&chooser=undefined&_=1520276434038 HTTP/1.1" 200 2456
0:0:0:0:0:0:0:1 - - [05/Mar/2018:16:00:45 -0300] "GET /juddi-gui/serviceBrowse.jsp HTTP/1.1" 200 21763
0:0:0:0:0:0:0:1 - - [05/Mar/2018:16:00:45 -0300] "GET /juddi-gui/js/i18n.js.jsp HTTP/1.1" 200 3080
127.0.0.1 - - [05/Mar/2018:16:00:45 -0300] "POST /juddiv3/services/inquiry HTTP/1.1" 200 4799
0:0:0:0:0:0:0:1 - - [05/Mar/2018:16:00:45 -0300] "GET /juddi-gui/ajax/servicesearch.jsp?keyword=%25&offset=%5Bobject%20HTMLSpanElement%5D&maxrecords=20&lang=&_=1520276445903 HTTP/1.1" 200 8784
127.0.0.1 - - [05/Mar/2018:16:00:49 -0300] "POST /juddiv3/services/inquiry HTTP/1.1" 200 3299
0:0:0:0:0:0:0:1 - - [05/Mar/2018:16:00:49 -0300] "GET /juddi-gui/serviceEditor.jsp?id=uddi:localhost:service_clientfailurecommunicationone HTTP/1.1" 200 47985
0:0:0:0:0:0:0:1 - - [05/Mar/2018:16:00:49 -0300] "GET /juddi-gui/js/i18n.js.jsp HTTP/1.1" 200 3080
0:0:0:0:0:0:0:1 - - [05/Mar/2018:16:00:49 -0300] "GET /juddi-gui/ajax/opInfo.jsp?id=uddi:localhost:service_clientfailurecommunicationone HTTP/1.1" 200 447
127.0.0.1 - - [05/Mar/2018:16:00:49 -0300] "POST /juddiv3/services/inquiry HTTP/1.1" 200 935
0:0:0:0:0:0:0:1 - - [05/Mar/2018:16:00:49 -0300] "GET /juddi-gui/ajax/tmodelsearch.jsp?keyword=%25&offset=0&maxrecords=10&lang=&chooser=undefined&_=1520276449198 HTTP/1.1" 200 2456
127.0.0.1 - - [05/Mar/2018:16:00:49 -0300] "POST /juddiv3/services/inquiry HTTP/1.1" 200 2542
127.0.0.1 - - [05/Mar/2018:16:03:00 -0300] "POST /juddiv3/services/inquiry HTTP/1.1" 200 918
127.0.0.1 - - [05/Mar/2018:16:03:00 -0300] "POST /juddiv3/services/inquiry HTTP/1.1" 200 3283
127.0.0.1 - - [05/Mar/2018:16:03:00 -0300] "POST /juddiv3/services/inquiry HTTP/1.1" 200 928
127.0.0.1 - - [05/Mar/2018:16:03:00 -0300] "POST /juddiv3/services/inquiry HTTP/1.1" 200 3299
127.0.0.1 - - [05/Mar/2018:16:03:00 -0300] "POST /juddiv3/services/inquiry HTTP/1.1" 200 922
127.0.0.1 - - [05/Mar/2018:16:03:00 -0300] "POST /juddiv3/services/inquiry HTTP/1.1" 200 3307
127.0.0.1 - - [05/Mar/2018:16:03:00 -0300] "POST /juddiv3/services/inquiry HTTP/1.1" 200 936
127.0.0.1 - - [05/Mar/2018:16:03:00 -0300] "POST /juddiv3/services/inquiry HTTP/1.1" 200 3404
127.0.0.1 - - [05/Mar/2018:16:03:01 -0300] "POST /juddiv3/services/inquiry HTTP/1.1" 200 910
127.0.0.1 - - [05/Mar/2018:16:03:01 -0300] "POST /juddiv3/services/inquiry HTTP/1.1" 200 3230
127.0.0.1 - - [05/Mar/2018:16:03:01 -0300] "POST /juddiv3/services/inquiry HTTP/1.1" 200 930
127.0.0.1 - - [05/Mar/2018:16:03:01 -0300] "POST /juddiv3/services/inquiry HTTP/1.1" 200 3342
127.0.0.1 - - [05/Mar/2018:16:03:01 -0300] "POST /juddiv3/services/inquiry HTTP/1.1" 200 928
127.0.0.1 - - [05/Mar/2018:16:03:01 -0300] "POST /juddiv3/services/inquiry HTTP/1.1" 200 3299
127.0.0.1 - - [05/Mar/2018:16:03:01 -0300] "POST /juddiv3/services/inquiry HTTP/1.1" 200 932
127.0.0.1 - - [05/Mar/2018:16:03:01 -0300] "POST /juddiv3/services/inquiry HTTP/1.1" 200 3359
127.0.0.1 - - [05/Mar/2018:16:03:01 -0300] "POST /juddiv3/services/inquiry HTTP/1.1" 200 932
127.0.0.1 - - [05/Mar/2018:16:03:01 -0300] "POST /juddiv3/services/inquiry HTTP/1.1" 200 3356
127.0.0.1 - - [05/Mar/2018:16:03:01 -0300] "POST /juddiv3/services/inquiry HTTP/1.1" 200 944
127.0.0.1 - - [05/Mar/2018:16:03:01 -0300] "POST /juddiv3/services/inquiry HTTP/1.1" 200 3425
127.0.0.1 - - [05/Mar/2018:16:03:29 -0300] "POST /juddiv3/services/inquiry HTTP/1.1" 200 918
127.0.0.1 - - [05/Mar/2018:16:03:29 -0300] "POST /juddiv3/services/inquiry HTTP/1.1" 200 3283
127.0.0.1 - - [05/Mar/2018:16:03:30 -0300] "POST /juddiv3/services/inquiry HTTP/1.1" 200 928
127.0.0.1 - - [05/Mar/2018:16:03:30 -0300] "POST /juddiv3/services/inquiry HTTP/1.1" 200 3299
127.0.0.1 - - [05/Mar/2018:16:03:30 -0300] "POST /juddiv3/services/inquiry HTTP/1.1" 200 922
127.0.0.1 - - [05/Mar/2018:16:03:30 -0300] "POST /juddiv3/services/inquiry HTTP/1.1" 200 3307
127.0.0.1 - - [05/Mar/2018:16:03:30 -0300] "POST /juddiv3/services/inquiry HTTP/1.1" 200 936
127.0.0.1 - - [05/Mar/2018:16:03:30 -0300] "POST /juddiv3/services/inquiry HTTP/1.1" 200 3404
127.0.0.1 - - [05/Mar/2018:16:03:30 -0300] "POST /juddiv3/services/inquiry HTTP/1.1" 200 910
127.0.0.1 - - [05/Mar/2018:16:03:30 -0300] "POST /juddiv3/services/inquiry HTTP/1.1" 200 3230
127.0.0.1 - - [05/Mar/2018:16:03:31 -0300] "POST /juddiv3/services/inquiry HTTP/1.1" 200 930
127.0.0.1 - - [05/Mar/2018:16:03:31 -0300] "POST /juddiv3/services/inquiry HTTP/1.1" 200 3342
127.0.0.1 - - [05/Mar/2018:16:03:31 -0300] "POST /juddiv3/services/inquiry HTTP/1.1" 200 928
127.0.0.1 - - [05/Mar/2018:16:03:31 -0300] "POST /juddiv3/services/inquiry HTTP/1.1" 200 3299
127.0.0.1 - - [05/Mar/2018:16:03:31 -0300] "POST /juddiv3/services/inquiry HTTP/1.1" 200 932
127.0.0.1 - - [05/Mar/2018:16:03:31 -0300] "POST /juddiv3/services/inquiry HTTP/1.1" 200 3359
127.0.0.1 - - [05/Mar/2018:16:03:31 -0300] "POST /juddiv3/services/inquiry HTTP/1.1" 200 932
127.0.0.1 - - [05/Mar/2018:16:03:31 -0300] "POST /juddiv3/services/inquiry HTTP/1.1" 200 3356
127.0.0.1 - - [05/Mar/2018:16:03:31 -0300] "POST /juddiv3/services/inquiry HTTP/1.1" 200 944
127.0.0.1 - - [05/Mar/2018:16:03:31 -0300] "POST /juddiv3/services/inquiry HTTP/1.1" 200 3425
127.0.0.1 - - [05/Mar/2018:16:03:50 -0300] "POST /juddiv3/services/inquiry HTTP/1.1" 200 918
127.0.0.1 - - [05/Mar/2018:16:03:50 -0300] "POST /juddiv3/services/inquiry HTTP/1.1" 200 3283
127.0.0.1 - - [05/Mar/2018:16:03:50 -0300] "POST /juddiv3/services/inquiry HTTP/1.1" 200 928
127.0.0.1 - - [05/Mar/2018:16:03:50 -0300] "POST /juddiv3/services/inquiry HTTP/1.1" 200 3299
127.0.0.1 - - [05/Mar/2018:16:03:51 -0300] "POST /juddiv3/services/inquiry HTTP/1.1" 200 922
127.0.0.1 - - [05/Mar/2018:16:03:51 -0300] "POST /juddiv3/services/inquiry HTTP/1.1" 200 3307
127.0.0.1 - - [05/Mar/2018:16:03:51 -0300] "POST /juddiv3/services/inquiry HTTP/1.1" 200 936
127.0.0.1 - - [05/Mar/2018:16:03:51 -0300] "POST /juddiv3/services/inquiry HTTP/1.1" 200 3404
127.0.0.1 - - [05/Mar/2018:16:03:51 -0300] "POST /juddiv3/services/inquiry HTTP/1.1" 200 910
127.0.0.1 - - [05/Mar/2018:16:03:51 -0300] "POST /juddiv3/services/inquiry HTTP/1.1" 200 3230
127.0.0.1 - - [05/Mar/2018:16:03:51 -0300] "POST /juddiv3/services/inquiry HTTP/1.1" 200 930
127.0.0.1 - - [05/Mar/2018:16:03:51 -0300] "POST /juddiv3/services/inquiry HTTP/1.1" 200 3342
127.0.0.1 - - [05/Mar/2018:16:03:51 -0300] "POST /juddiv3/services/inquiry HTTP/1.1" 200 928
127.0.0.1 - - [05/Mar/2018:16:03:51 -0300] "POST /juddiv3/services/inquiry HTTP/1.1" 200 3299
127.0.0.1 - - [05/Mar/2018:16:03:51 -0300] "POST /juddiv3/services/inquiry HTTP/1.1" 200 932
127.0.0.1 - - [05/Mar/2018:16:03:51 -0300] "POST /juddiv3/services/inquiry HTTP/1.1" 200 3359
127.0.0.1 - - [05/Mar/2018:16:03:51 -0300] "POST /juddiv3/services/inquiry HTTP/1.1" 200 932
127.0.0.1 - - [05/Mar/2018:16:03:51 -0300] "POST /juddiv3/services/inquiry HTTP/1.1" 200 3356
127.0.0.1 - - [05/Mar/2018:16:10:14 -0300] "POST /juddiv3/services/inquiry HTTP/1.1" 200 918
127.0.0.1 - - [05/Mar/2018:16:10:14 -0300] "POST /juddiv3/services/inquiry HTTP/1.1" 200 3283
127.0.0.1 - - [05/Mar/2018:16:10:14 -0300] "POST /juddiv3/services/inquiry HTTP/1.1" 200 928
127.0.0.1 - - [05/Mar/2018:16:10:14 -0300] "POST /juddiv3/services/inquiry HTTP/1.1" 200 3299
127.0.0.1 - - [05/Mar/2018:16:10:14 -0300] "POST /juddiv3/services/inquiry HTTP/1.1" 200 922
127.0.0.1 - - [05/Mar/2018:16:10:14 -0300] "POST /juddiv3/services/inquiry HTTP/1.1" 200 3307
127.0.0.1 - - [05/Mar/2018:16:10:15 -0300] "POST /juddiv3/services/inquiry HTTP/1.1" 200 936
127.0.0.1 - - [05/Mar/2018:16:10:15 -0300] "POST /juddiv3/services/inquiry HTTP/1.1" 200 3404
127.0.0.1 - - [05/Mar/2018:16:10:15 -0300] "POST /juddiv3/services/inquiry HTTP/1.1" 200 910
127.0.0.1 - - [05/Mar/2018:16:10:15 -0300] "POST /juddiv3/services/inquiry HTTP/1.1" 200 3230
127.0.0.1 - - [05/Mar/2018:16:10:15 -0300] "POST /juddiv3/services/inquiry HTTP/1.1" 200 930
127.0.0.1 - - [05/Mar/2018:16:10:15 -0300] "POST /juddiv3/services/inquiry HTTP/1.1" 200 3342
127.0.0.1 - - [05/Mar/2018:16:10:15 -0300] "POST /juddiv3/services/inquiry HTTP/1.1" 200 928
127.0.0.1 - - [05/Mar/2018:16:10:15 -0300] "POST /juddiv3/services/inquiry HTTP/1.1" 200 3299
127.0.0.1 - - [05/Mar/2018:16:10:15 -0300] "POST /juddiv3/services/inquiry HTTP/1.1" 200 932
127.0.0.1 - - [05/Mar/2018:16:10:15 -0300] "POST /juddiv3/services/inquiry HTTP/1.1" 200 3359
127.0.0.1 - - [05/Mar/2018:16:10:15 -0300] "POST /juddiv3/services/inquiry HTTP/1.1" 200 932
127.0.0.1 - - [05/Mar/2018:16:10:15 -0300] "POST /juddiv3/services/inquiry HTTP/1.1" 200 3356
127.0.0.1 - - [05/Mar/2018:16:10:15 -0300] "POST /juddiv3/services/inquiry HTTP/1.1" 200 944
127.0.0.1 - - [05/Mar/2018:16:10:15 -0300] "POST /juddiv3/services/inquiry HTTP/1.1" 200 3425
127.0.0.1 - - [05/Mar/2018:18:25:15 -0300] "POST /juddiv3/services/inquiry HTTP/1.1" 200 918
127.0.0.1 - - [05/Mar/2018:18:25:16 -0300] "POST /juddiv3/services/inquiry HTTP/1.1" 200 3283
127.0.0.1 - - [05/Mar/2018:18:25:16 -0300] "POST /juddiv3/services/inquiry HTTP/1.1" 200 928
127.0.0.1 - - [05/Mar/2018:18:25:16 -0300] "POST /juddiv3/services/inquiry HTTP/1.1" 200 3299
127.0.0.1 - - [05/Mar/2018:18:25:16 -0300] "POST /juddiv3/services/inquiry HTTP/1.1" 200 922
127.0.0.1 - - [05/Mar/2018:18:25:16 -0300] "POST /juddiv3/services/inquiry HTTP/1.1" 200 3307
127.0.0.1 - - [05/Mar/2018:18:25:17 -0300] "POST /juddiv3/services/inquiry HTTP/1.1" 200 936
127.0.0.1 - - [05/Mar/2018:18:25:17 -0300] "POST /juddiv3/services/inquiry HTTP/1.1" 200 3404
127.0.0.1 - - [05/Mar/2018:18:25:17 -0300] "POST /juddiv3/services/inquiry HTTP/1.1" 200 910
127.0.0.1 - - [05/Mar/2018:18:25:17 -0300] "POST /juddiv3/services/inquiry HTTP/1.1" 200 3230
127.0.0.1 - - [05/Mar/2018:18:25:17 -0300] "POST /juddiv3/services/inquiry HTTP/1.1" 200 930
127.0.0.1 - - [05/Mar/2018:18:25:17 -0300] "POST /juddiv3/services/inquiry HTTP/1.1" 200 3342
127.0.0.1 - - [05/Mar/2018:18:25:17 -0300] "POST /juddiv3/services/inquiry HTTP/1.1" 200 928
127.0.0.1 - - [05/Mar/2018:18:25:17 -0300] "POST /juddiv3/services/inquiry HTTP/1.1" 200 3299
127.0.0.1 - - [05/Mar/2018:18:25:18 -0300] "POST /juddiv3/services/inquiry HTTP/1.1" 200 932
127.0.0.1 - - [05/Mar/2018:18:25:18 -0300] "POST /juddiv3/services/inquiry HTTP/1.1" 200 3359
127.0.0.1 - - [05/Mar/2018:18:25:18 -0300] "POST /juddiv3/services/inquiry HTTP/1.1" 200 932
127.0.0.1 - - [05/Mar/2018:18:25:19 -0300] "POST /juddiv3/services/inquiry HTTP/1.1" 200 3356
127.0.0.1 - - [05/Mar/2018:18:25:19 -0300] "POST /juddiv3/services/inquiry HTTP/1.1" 200 944
127.0.0.1 - - [05/Mar/2018:18:25:19 -0300] "POST /juddiv3/services/inquiry HTTP/1.1" 200 3425
127.0.0.1 - - [05/Mar/2018:18:27:13 -0300] "POST /juddiv3/services/inquiry HTTP/1.1" 200 918
127.0.0.1 - - [05/Mar/2018:18:27:13 -0300] "POST /juddiv3/services/inquiry HTTP/1.1" 200 3283
127.0.0.1 - - [05/Mar/2018:18:27:13 -0300] "POST /juddiv3/services/inquiry HTTP/1.1" 200 928
127.0.0.1 - - [05/Mar/2018:18:27:13 -0300] "POST /juddiv3/services/inquiry HTTP/1.1" 200 3299
127.0.0.1 - - [05/Mar/2018:18:27:14 -0300] "POST /juddiv3/services/inquiry HTTP/1.1" 200 922
127.0.0.1 - - [05/Mar/2018:18:27:14 -0300] "POST /juddiv3/services/inquiry HTTP/1.1" 200 3307
127.0.0.1 - - [05/Mar/2018:18:27:14 -0300] "POST /juddiv3/services/inquiry HTTP/1.1" 200 936
127.0.0.1 - - [05/Mar/2018:18:27:14 -0300] "POST /juddiv3/services/inquiry HTTP/1.1" 200 3404
127.0.0.1 - - [05/Mar/2018:18:27:14 -0300] "POST /juddiv3/services/inquiry HTTP/1.1" 200 910
127.0.0.1 - - [05/Mar/2018:18:27:14 -0300] "POST /juddiv3/services/inquiry HTTP/1.1" 200 3230
127.0.0.1 - - [05/Mar/2018:18:27:14 -0300] "POST /juddiv3/services/inquiry HTTP/1.1" 200 930
127.0.0.1 - - [05/Mar/2018:18:27:14 -0300] "POST /juddiv3/services/inquiry HTTP/1.1" 200 3342
127.0.0.1 - - [05/Mar/2018:18:27:15 -0300] "POST /juddiv3/services/inquiry HTTP/1.1" 200 928
