0:0:0:0:0:0:0:1 - - [13/May/2016:16:04:29 -0300] "GET /juddi-gui HTTP/1.1" 302 -
0:0:0:0:0:0:0:1 - - [13/May/2016:16:04:30 -0300] "GET /juddi-gui/ HTTP/1.1" 302 -
0:0:0:0:0:0:0:1 - - [13/May/2016:16:04:34 -0300] "GET /juddi-gui/home.jsp HTTP/1.1" 200 20657
0:0:0:0:0:0:0:1 - - [13/May/2016:16:04:34 -0300] "GET /juddi-gui/js/i18n.js.jsp HTTP/1.1" 200 3014
127.0.0.1 - - [13/May/2016:16:04:37 -0300] "POST /juddiv3/services/security HTTP/1.1" 200 581
0:0:0:0:0:0:0:1 - - [13/May/2016:16:04:37 -0300] "POST /juddi-gui/ajax/loginpost.jsp HTTP/1.1" 200 18
0:0:0:0:0:0:0:1 - - [13/May/2016:16:04:38 -0300] "GET /juddi-gui/login.jsp HTTP/1.1" 200 930
0:0:0:0:0:0:0:1 - - [13/May/2016:16:04:41 -0300] "GET /juddi-gui/serviceBrowse.jsp HTTP/1.1" 200 21131
0:0:0:0:0:0:0:1 - - [13/May/2016:16:04:41 -0300] "GET /juddi-gui/js/i18n.js.jsp HTTP/1.1" 200 3014
0:0:0:0:0:0:0:1 - - [13/May/2016:16:04:41 -0300] "GET /juddi-gui/img/bigrollergreen.gif HTTP/1.1" 304 -
0:0:0:0:0:0:0:1 - - [13/May/2016:16:04:41 -0300] "GET /juddi-gui/js/serviceBrowse.js HTTP/1.1" 304 -
127.0.0.1 - - [13/May/2016:16:04:42 -0300] "POST /juddiv3/services/inquiry HTTP/1.1" 200 3232
0:0:0:0:0:0:0:1 - - [13/May/2016:16:04:42 -0300] "GET /juddi-gui/ajax/servicesearch.jsp?keyword=%25&offset=%5Bobject%20HTMLSpanElement%5D&maxrecords=20&lang=&_=1463166281954 HTTP/1.1" 200 5477
0:0:0:0:0:0:0:1 - - [13/May/2016:16:04:49 -0300] "GET /juddi-gui/importFromWsdl.jsp HTTP/1.1" 200 39960
0:0:0:0:0:0:0:1 - - [13/May/2016:16:04:49 -0300] "GET /juddi-gui/js/i18n.js.jsp HTTP/1.1" 200 3014
0:0:0:0:0:0:0:1 - - [13/May/2016:16:04:49 -0300] "GET /juddi-gui/js/businessChooser.js HTTP/1.1" 304 -
127.0.0.1 - - [13/May/2016:16:04:49 -0300] "POST /juddiv3/services/inquiry HTTP/1.1" 200 2949
0:0:0:0:0:0:0:1 - - [13/May/2016:16:04:49 -0300] "GET /juddi-gui/ajax/businesssearch.jsp?keyword=%25&offset=0&maxrecords=10&lang=&chooser=true&_=1463166289467 HTTP/1.1" 200 770
127.0.0.1 - - [13/May/2016:16:05:40 -0300] "POST /juddiv3/services/inquiry HTTP/1.1" 500 797
0:0:0:0:0:0:0:1 - - [13/May/2016:16:05:40 -0300] "POST /juddi-gui/ajax/importFromWsdl.jsp HTTP/1.1" 200 723
127.0.0.1 - - [13/May/2016:16:05:43 -0300] "POST /juddiv3/services/inquiry HTTP/1.1" 500 797
127.0.0.1 - - [13/May/2016:16:05:43 -0300] "POST /juddiv3/services/publish HTTP/1.1" 200 910
127.0.0.1 - - [13/May/2016:16:05:44 -0300] "POST /juddiv3/services/publish HTTP/1.1" 200 1645
127.0.0.1 - - [13/May/2016:16:05:44 -0300] "POST /juddiv3/services/publish HTTP/1.1" 200 1074
127.0.0.1 - - [13/May/2016:16:05:44 -0300] "POST /juddiv3/services/inquiry HTTP/1.1" 500 793
127.0.0.1 - - [13/May/2016:16:05:44 -0300] "POST /juddiv3/services/publish HTTP/1.1" 200 2940
0:0:0:0:0:0:0:1 - - [13/May/2016:16:05:44 -0300] "POST /juddi-gui/ajax/importFromWsdl.jsp HTTP/1.1" 200 1348
0:0:0:0:0:0:0:1 - - [13/May/2016:16:05:50 -0300] "GET /juddi-gui/serviceBrowse.jsp HTTP/1.1" 200 21131
0:0:0:0:0:0:0:1 - - [13/May/2016:16:05:50 -0300] "GET /juddi-gui/js/i18n.js.jsp HTTP/1.1" 200 3014
127.0.0.1 - - [13/May/2016:16:05:50 -0300] "POST /juddiv3/services/inquiry HTTP/1.1" 200 3414
0:0:0:0:0:0:0:1 - - [13/May/2016:16:05:50 -0300] "GET /juddi-gui/ajax/servicesearch.jsp?keyword=%25&offset=%5Bobject%20HTMLSpanElement%5D&maxrecords=20&lang=&_=1463166350785 HTTP/1.1" 200 5853
127.0.0.1 - - [13/May/2016:16:05:57 -0300] "POST /juddiv3/services/inquiry HTTP/1.1" 200 2747
0:0:0:0:0:0:0:1 - - [13/May/2016:16:05:57 -0300] "GET /juddi-gui/serviceEditor.jsp?id=uddi:uddi:service_escolhaproduto HTTP/1.1" 200 44474
0:0:0:0:0:0:0:1 - - [13/May/2016:16:05:57 -0300] "GET /juddi-gui/js/i18n.js.jsp HTTP/1.1" 200 3014
0:0:0:0:0:0:0:1 - - [13/May/2016:16:05:57 -0300] "GET /juddi-gui/js/tmodelChooser.js HTTP/1.1" 304 -
0:0:0:0:0:0:0:1 - - [13/May/2016:16:05:57 -0300] "GET /juddi-gui/js/serviceEditor.js HTTP/1.1" 304 -
0:0:0:0:0:0:0:1 - - [13/May/2016:16:05:57 -0300] "GET /juddi-gui/js/tmodelsearch.js HTTP/1.1" 304 -
0:0:0:0:0:0:0:1 - - [13/May/2016:16:05:57 -0300] "GET /juddi-gui/js/businessEditor.js HTTP/1.1" 304 -
127.0.0.1 - - [13/May/2016:16:05:57 -0300] "POST /juddiv3/services/inquiry HTTP/1.1" 200 911
0:0:0:0:0:0:0:1 - - [13/May/2016:16:05:57 -0300] "GET /juddi-gui/ajax/opInfo.jsp?id=uddi:uddi:service_escolhaproduto HTTP/1.1" 200 410
127.0.0.1 - - [13/May/2016:16:05:57 -0300] "POST /juddiv3/services/inquiry HTTP/1.1" 200 3353
0:0:0:0:0:0:0:1 - - [13/May/2016:16:05:57 -0300] "GET /juddi-gui/ajax/tmodelsearch.jsp?keyword=%25&offset=0&maxrecords=10&lang=&chooser=undefined&_=1463166357083 HTTP/1.1" 200 2553
127.0.0.1 - - [13/May/2016:16:06:18 -0300] "POST /juddiv3/services/inquiry HTTP/1.1" 200 2747
127.0.0.1 - - [13/May/2016:16:06:18 -0300] "POST /juddiv3/services/publish HTTP/1.1" 200 2914
0:0:0:0:0:0:0:1 - - [13/May/2016:16:06:18 -0300] "POST /juddi-gui/ajax/saveservicedetails.jsp HTTP/1.1" 200 124
127.0.0.1 - - [13/May/2016:16:06:42 -0300] "POST /juddiv3/services/inquiry HTTP/1.1" 200 2914
127.0.0.1 - - [13/May/2016:16:06:42 -0300] "POST /juddiv3/services/publish HTTP/1.1" 200 2914
0:0:0:0:0:0:0:1 - - [13/May/2016:16:06:42 -0300] "POST /juddi-gui/ajax/saveservicedetails.jsp HTTP/1.1" 200 124
127.0.0.1 - - [13/May/2016:16:06:44 -0300] "POST /juddiv3/services/inquiry HTTP/1.1" 200 2914
127.0.0.1 - - [13/May/2016:16:06:44 -0300] "POST /juddiv3/services/publish HTTP/1.1" 200 2914
0:0:0:0:0:0:0:1 - - [13/May/2016:16:06:44 -0300] "POST /juddi-gui/ajax/saveservicedetails.jsp HTTP/1.1" 200 124
0:0:0:0:0:0:0:1 - - [13/May/2016:16:06:52 -0300] "GET /juddi-gui/serviceBrowse.jsp HTTP/1.1" 200 21131
0:0:0:0:0:0:0:1 - - [13/May/2016:16:06:52 -0300] "GET /juddi-gui/js/i18n.js.jsp HTTP/1.1" 200 3014
127.0.0.1 - - [13/May/2016:16:06:52 -0300] "POST /juddiv3/services/inquiry HTTP/1.1" 200 3414
0:0:0:0:0:0:0:1 - - [13/May/2016:16:06:52 -0300] "GET /juddi-gui/ajax/servicesearch.jsp?keyword=%25&offset=%5Bobject%20HTMLSpanElement%5D&maxrecords=20&lang=&_=1463166412159 HTTP/1.1" 200 5853
0:0:0:0:0:0:0:1 - - [13/May/2016:16:06:56 -0300] "GET /juddi-gui/importFromWsdl.jsp HTTP/1.1" 200 39960
0:0:0:0:0:0:0:1 - - [13/May/2016:16:06:56 -0300] "GET /juddi-gui/js/i18n.js.jsp HTTP/1.1" 200 3014
127.0.0.1 - - [13/May/2016:16:06:56 -0300] "POST /juddiv3/services/inquiry HTTP/1.1" 200 3310
0:0:0:0:0:0:0:1 - - [13/May/2016:16:06:56 -0300] "GET /juddi-gui/ajax/businesssearch.jsp?keyword=%25&offset=0&maxrecords=10&lang=&chooser=true&_=1463166416217 HTTP/1.1" 200 1265
127.0.0.1 - - [13/May/2016:16:07:24 -0300] "POST /juddiv3/services/inquiry HTTP/1.1" 200 926
0:0:0:0:0:0:0:1 - - [13/May/2016:16:07:24 -0300] "POST /juddi-gui/ajax/importFromWsdl.jsp HTTP/1.1" 200 652
127.0.0.1 - - [13/May/2016:16:07:26 -0300] "POST /juddiv3/services/inquiry HTTP/1.1" 200 926
127.0.0.1 - - [13/May/2016:16:07:26 -0300] "POST /juddiv3/services/publish HTTP/1.1" 200 1620
127.0.0.1 - - [13/May/2016:16:07:26 -0300] "POST /juddiv3/services/publish HTTP/1.1" 200 1054
127.0.0.1 - - [13/May/2016:16:07:26 -0300] "POST /juddiv3/services/inquiry HTTP/1.1" 500 793
127.0.0.1 - - [13/May/2016:16:07:27 -0300] "POST /juddiv3/services/publish HTTP/1.1" 200 2885
0:0:0:0:0:0:0:1 - - [13/May/2016:16:07:27 -0300] "POST /juddi-gui/ajax/importFromWsdl.jsp HTTP/1.1" 200 1108
0:0:0:0:0:0:0:1 - - [13/May/2016:16:07:33 -0300] "GET /juddi-gui/serviceBrowse.jsp HTTP/1.1" 200 21131
0:0:0:0:0:0:0:1 - - [13/May/2016:16:07:33 -0300] "GET /juddi-gui/js/i18n.js.jsp HTTP/1.1" 200 3014
127.0.0.1 - - [13/May/2016:16:07:33 -0300] "POST /juddiv3/services/inquiry HTTP/1.1" 200 3404
0:0:0:0:0:0:0:1 - - [13/May/2016:16:07:33 -0300] "GET /juddi-gui/ajax/servicesearch.jsp?keyword=%25&offset=%5Bobject%20HTMLSpanElement%5D&maxrecords=20&lang=&_=1463166453559 HTTP/1.1" 200 5833
127.0.0.1 - - [13/May/2016:16:08:00 -0300] "POST /juddiv3/services/inquiry HTTP/1.1" 200 2885
0:0:0:0:0:0:0:1 - - [13/May/2016:16:08:00 -0300] "GET /juddi-gui/businessEditor2.jsp?id=uddi:uddi:business_uddi.org.mycompany HTTP/1.1" 200 42772
0:0:0:0:0:0:0:1 - - [13/May/2016:16:08:00 -0300] "GET /juddi-gui/js/i18n.js.jsp HTTP/1.1" 200 3014
127.0.0.1 - - [13/May/2016:16:08:00 -0300] "POST /juddiv3/services/inquiry HTTP/1.1" 200 916
0:0:0:0:0:0:0:1 - - [13/May/2016:16:08:00 -0300] "GET /juddi-gui/ajax/opInfo.jsp?id=uddi:uddi:business_uddi.org.mycompany HTTP/1.1" 200 415
127.0.0.1 - - [13/May/2016:16:08:00 -0300] "POST /juddiv3/services/inquiry HTTP/1.1" 200 749
0:0:0:0:0:0:0:1 - - [13/May/2016:16:08:00 -0300] "POST /juddi-gui/ajax/search.jsp HTTP/1.1" 200 51
127.0.0.1 - - [13/May/2016:16:08:00 -0300] "POST /juddiv3/services/inquiry HTTP/1.1" 200 3353
0:0:0:0:0:0:0:1 - - [13/May/2016:16:08:00 -0300] "GET /juddi-gui/ajax/tmodelsearch.jsp?keyword=%25&offset=0&maxrecords=10&lang=&chooser=undefined&_=1463166480161 HTTP/1.1" 200 2553
0:0:0:0:0:0:0:1 - - [13/May/2016:16:09:19 -0300] "GET /juddi-gui/importFromWsdl.jsp HTTP/1.1" 200 39960
0:0:0:0:0:0:0:1 - - [13/May/2016:16:09:19 -0300] "GET /juddi-gui/js/i18n.js.jsp HTTP/1.1" 200 3014
127.0.0.1 - - [13/May/2016:16:09:19 -0300] "POST /juddiv3/services/inquiry HTTP/1.1" 200 3300
0:0:0:0:0:0:0:1 - - [13/May/2016:16:09:19 -0300] "GET /juddi-gui/ajax/businesssearch.jsp?keyword=%25&offset=0&maxrecords=10&lang=&chooser=true&_=1463166559311 HTTP/1.1" 200 1265
127.0.0.1 - - [13/May/2016:16:09:40 -0300] "POST /juddiv3/services/inquiry HTTP/1.1" 500 802
0:0:0:0:0:0:0:1 - - [13/May/2016:16:09:40 -0300] "POST /juddi-gui/ajax/importFromWsdl.jsp HTTP/1.1" 200 745
127.0.0.1 - - [13/May/2016:16:09:54 -0300] "POST /juddiv3/services/inquiry HTTP/1.1" 500 802
127.0.0.1 - - [13/May/2016:16:09:54 -0300] "POST /juddiv3/services/publish HTTP/1.1" 200 920
127.0.0.1 - - [13/May/2016:16:09:54 -0300] "POST /juddiv3/services/publish HTTP/1.1" 200 1649
127.0.0.1 - - [13/May/2016:16:09:54 -0300] "POST /juddiv3/services/publish HTTP/1.1" 200 1072
127.0.0.1 - - [13/May/2016:16:09:54 -0300] "POST /juddiv3/services/inquiry HTTP/1.1" 500 793
127.0.0.1 - - [13/May/2016:16:09:55 -0300] "POST /juddiv3/services/publish HTTP/1.1" 200 2975
0:0:0:0:0:0:0:1 - - [13/May/2016:16:09:55 -0300] "POST /juddi-gui/ajax/importFromWsdl.jsp HTTP/1.1" 200 1421
0:0:0:0:0:0:0:1 - - [13/May/2016:16:10:01 -0300] "GET /juddi-gui/serviceBrowse.jsp HTTP/1.1" 200 21131
0:0:0:0:0:0:0:1 - - [13/May/2016:16:10:01 -0300] "GET /juddi-gui/js/i18n.js.jsp HTTP/1.1" 200 3014
127.0.0.1 - - [13/May/2016:16:10:01 -0300] "POST /juddiv3/services/inquiry HTTP/1.1" 200 3598
0:0:0:0:0:0:0:1 - - [13/May/2016:16:10:01 -0300] "GET /juddi-gui/ajax/servicesearch.jsp?keyword=%25&offset=%5Bobject%20HTMLSpanElement%5D&maxrecords=20&lang=&_=1463166601304 HTTP/1.1" 200 6238
127.0.0.1 - - [13/May/2016:16:10:17 -0300] "POST /juddiv3/services/inquiry HTTP/1.1" 200 2777
0:0:0:0:0:0:0:1 - - [13/May/2016:16:10:17 -0300] "GET /juddi-gui/serviceEditor.jsp?id=uddi:localhost:service_importationrate HTTP/1.1" 200 44532
0:0:0:0:0:0:0:1 - - [13/May/2016:16:10:17 -0300] "GET /juddi-gui/js/i18n.js.jsp HTTP/1.1" 200 3014
127.0.0.1 - - [13/May/2016:16:10:17 -0300] "POST /juddiv3/services/inquiry HTTP/1.1" 200 917
0:0:0:0:0:0:0:1 - - [13/May/2016:16:10:17 -0300] "GET /juddi-gui/ajax/opInfo.jsp?id=uddi:localhost:service_importationrate HTTP/1.1" 200 416
127.0.0.1 - - [13/May/2016:16:10:17 -0300] "POST /juddiv3/services/inquiry HTTP/1.1" 200 3023
0:0:0:0:0:0:0:1 - - [13/May/2016:16:10:17 -0300] "GET /juddi-gui/ajax/tmodelsearch.jsp?keyword=%25&offset=0&maxrecords=10&lang=&chooser=undefined&_=1463166617205 HTTP/1.1" 200 2362
127.0.0.1 - - [13/May/2016:16:10:35 -0300] "POST /juddiv3/services/inquiry HTTP/1.1" 200 2777
0:0:0:0:0:0:0:1 - - [13/May/2016:16:10:35 -0300] "POST /juddi-gui/ajax/saveservicedetails.jsp HTTP/1.1" 200 136
127.0.0.1 - - [13/May/2016:16:10:35 -0300] "POST /juddiv3/services/publish HTTP/1.1" 200 2938
0:0:0:0:0:0:0:1 - - [13/May/2016:16:10:45 -0300] "GET /juddi-gui/serviceBrowse.jsp HTTP/1.1" 200 21131
0:0:0:0:0:0:0:1 - - [13/May/2016:16:10:45 -0300] "GET /juddi-gui/js/i18n.js.jsp HTTP/1.1" 200 3014
127.0.0.1 - - [13/May/2016:16:10:45 -0300] "POST /juddiv3/services/inquiry HTTP/1.1" 200 3598
0:0:0:0:0:0:0:1 - - [13/May/2016:16:10:45 -0300] "GET /juddi-gui/ajax/servicesearch.jsp?keyword=%25&offset=%5Bobject%20HTMLSpanElement%5D&maxrecords=20&lang=&_=1463166645850 HTTP/1.1" 200 6238
0:0:0:0:0:0:0:1 - - [13/May/2016:16:11:14 -0300] "GET /juddi-gui/importFromWsdl.jsp HTTP/1.1" 200 39960
0:0:0:0:0:0:0:1 - - [13/May/2016:16:11:14 -0300] "GET /juddi-gui/js/i18n.js.jsp HTTP/1.1" 200 3014
127.0.0.1 - - [13/May/2016:16:11:15 -0300] "POST /juddiv3/services/inquiry HTTP/1.1" 200 3678
0:0:0:0:0:0:0:1 - - [13/May/2016:16:11:15 -0300] "GET /juddi-gui/ajax/businesssearch.jsp?keyword=%25&offset=0&maxrecords=10&lang=&chooser=true&_=1463166674889 HTTP/1.1" 200 1785
127.0.0.1 - - [13/May/2016:16:11:48 -0300] "POST /juddiv3/services/inquiry HTTP/1.1" 200 936
0:0:0:0:0:0:0:1 - - [13/May/2016:16:11:48 -0300] "POST /juddi-gui/ajax/importFromWsdl.jsp HTTP/1.1" 200 656
127.0.0.1 - - [13/May/2016:16:11:52 -0300] "POST /juddiv3/services/inquiry HTTP/1.1" 200 936
127.0.0.1 - - [13/May/2016:16:11:52 -0300] "POST /juddiv3/services/publish HTTP/1.1" 200 1614
127.0.0.1 - - [13/May/2016:16:11:52 -0300] "POST /juddiv3/services/publish HTTP/1.1" 200 1044
127.0.0.1 - - [13/May/2016:16:11:52 -0300] "POST /juddiv3/services/inquiry HTTP/1.1" 500 793
127.0.0.1 - - [13/May/2016:16:11:52 -0300] "POST /juddiv3/services/publish HTTP/1.1" 200 2898
0:0:0:0:0:0:0:1 - - [13/May/2016:16:11:52 -0300] "POST /juddi-gui/ajax/importFromWsdl.jsp HTTP/1.1" 200 1136
0:0:0:0:0:0:0:1 - - [13/May/2016:16:11:56 -0300] "GET /juddi-gui/serviceBrowse.jsp HTTP/1.1" 200 21131
0:0:0:0:0:0:0:1 - - [13/May/2016:16:11:56 -0300] "GET /juddi-gui/js/i18n.js.jsp HTTP/1.1" 200 3014
127.0.0.1 - - [13/May/2016:16:11:56 -0300] "POST /juddiv3/services/inquiry HTTP/1.1" 200 3584
0:0:0:0:0:0:0:1 - - [13/May/2016:16:11:56 -0300] "GET /juddi-gui/ajax/servicesearch.jsp?keyword=%25&offset=%5Bobject%20HTMLSpanElement%5D&maxrecords=20&lang=&_=1463166716581 HTTP/1.1" 200 6210
127.0.0.1 - - [13/May/2016:16:12:10 -0300] "POST /juddiv3/services/inquiry HTTP/1.1" 200 2885
0:0:0:0:0:0:0:1 - - [13/May/2016:16:12:10 -0300] "GET /juddi-gui/businessEditor2.jsp?id=uddi:uddi:business_uddi.org.mycompany HTTP/1.1" 200 42772
0:0:0:0:0:0:0:1 - - [13/May/2016:16:12:10 -0300] "GET /juddi-gui/js/i18n.js.jsp HTTP/1.1" 200 3014
127.0.0.1 - - [13/May/2016:16:12:10 -0300] "POST /juddiv3/services/inquiry HTTP/1.1" 200 749
127.0.0.1 - - [13/May/2016:16:12:10 -0300] "POST /juddiv3/services/inquiry HTTP/1.1" 200 916
0:0:0:0:0:0:0:1 - - [13/May/2016:16:12:10 -0300] "POST /juddi-gui/ajax/search.jsp HTTP/1.1" 200 51
0:0:0:0:0:0:0:1 - - [13/May/2016:16:12:10 -0300] "GET /juddi-gui/ajax/opInfo.jsp?id=uddi:uddi:business_uddi.org.mycompany HTTP/1.1" 200 415
127.0.0.1 - - [13/May/2016:16:12:10 -0300] "POST /juddiv3/services/inquiry HTTP/1.1" 200 2895
0:0:0:0:0:0:0:1 - - [13/May/2016:16:12:10 -0300] "GET /juddi-gui/ajax/tmodelsearch.jsp?keyword=%25&offset=0&maxrecords=10&lang=&chooser=undefined&_=1463166730497 HTTP/1.1" 200 2254
0:0:0:0:0:0:0:1 - - [13/May/2016:16:12:18 -0300] "GET /juddi-gui/serviceBrowse.jsp HTTP/1.1" 200 21131
127.0.0.1 - - [13/May/2016:16:12:18 -0300] "POST /juddiv3/services/inquiry HTTP/1.1" 200 3584
0:0:0:0:0:0:0:1 - - [13/May/2016:16:12:18 -0300] "GET /juddi-gui/ajax/servicesearch.jsp?keyword=%25&offset=%5Bobject%20HTMLSpanElement%5D&maxrecords=20&lang=&_=1463166738450 HTTP/1.1" 200 6210
127.0.0.1 - - [13/May/2016:16:12:21 -0300] "POST /juddiv3/services/inquiry HTTP/1.1" 200 2692
0:0:0:0:0:0:0:1 - - [13/May/2016:16:12:21 -0300] "GET /juddi-gui/serviceEditor.jsp?id=uddi:uddi:service_pagamento HTTP/1.1" 200 44394
0:0:0:0:0:0:0:1 - - [13/May/2016:16:12:21 -0300] "GET /juddi-gui/js/i18n.js.jsp HTTP/1.1" 200 3014
127.0.0.1 - - [13/May/2016:16:12:21 -0300] "POST /juddiv3/services/inquiry HTTP/1.1" 200 906
0:0:0:0:0:0:0:1 - - [13/May/2016:16:12:21 -0300] "GET /juddi-gui/ajax/opInfo.jsp?id=uddi:uddi:service_pagamento HTTP/1.1" 200 405
0:0:0:0:0:0:0:1 - - [13/May/2016:16:12:21 -0300] "GET /juddi-gui/ajax/tmodelsearch.jsp?keyword=%25&offset=0&maxrecords=10&lang=&chooser=undefined&_=1463166741292 HTTP/1.1" 200 2254
127.0.0.1 - - [13/May/2016:16:12:21 -0300] "POST /juddiv3/services/inquiry HTTP/1.1" 200 2895
0:0:0:0:0:0:0:1 - - [13/May/2016:16:12:34 -0300] "GET /juddi-gui/serviceBrowse.jsp HTTP/1.1" 200 21131
127.0.0.1 - - [13/May/2016:16:12:34 -0300] "POST /juddiv3/services/inquiry HTTP/1.1" 200 3584
0:0:0:0:0:0:0:1 - - [13/May/2016:16:12:34 -0300] "GET /juddi-gui/ajax/servicesearch.jsp?keyword=%25&offset=%5Bobject%20HTMLSpanElement%5D&maxrecords=20&lang=&_=1463166754854 HTTP/1.1" 200 6210
127.0.0.1 - - [13/May/2016:16:13:16 -0300] "POST /juddiv3/services/inquiry HTTP/1.1" 200 2692
0:0:0:0:0:0:0:1 - - [13/May/2016:16:13:16 -0300] "GET /juddi-gui/serviceEditor.jsp?id=uddi:uddi:service_pagamento HTTP/1.1" 200 44394
0:0:0:0:0:0:0:1 - - [13/May/2016:16:13:16 -0300] "GET /juddi-gui/js/i18n.js.jsp HTTP/1.1" 200 3014
127.0.0.1 - - [13/May/2016:16:13:16 -0300] "POST /juddiv3/services/inquiry HTTP/1.1" 200 906
0:0:0:0:0:0:0:1 - - [13/May/2016:16:13:16 -0300] "GET /juddi-gui/ajax/opInfo.jsp?id=uddi:uddi:service_pagamento HTTP/1.1" 200 405
127.0.0.1 - - [13/May/2016:16:13:16 -0300] "POST /juddiv3/services/inquiry HTTP/1.1" 200 2895
0:0:0:0:0:0:0:1 - - [13/May/2016:16:13:16 -0300] "GET /juddi-gui/ajax/tmodelsearch.jsp?keyword=%25&offset=0&maxrecords=10&lang=&chooser=undefined&_=1463166796837 HTTP/1.1" 200 2254
0:0:0:0:0:0:0:1 - - [13/May/2016:16:13:19 -0300] "GET /juddi-gui/serviceBrowse.jsp HTTP/1.1" 200 21131
127.0.0.1 - - [13/May/2016:16:13:19 -0300] "POST /juddiv3/services/inquiry HTTP/1.1" 200 3584
0:0:0:0:0:0:0:1 - - [13/May/2016:16:13:19 -0300] "GET /juddi-gui/ajax/servicesearch.jsp?keyword=%25&offset=%5Bobject%20HTMLSpanElement%5D&maxrecords=20&lang=&_=1463166799536 HTTP/1.1" 200 6210
127.0.0.1 - - [13/May/2016:16:13:20 -0300] "POST /juddiv3/services/inquiry HTTP/1.1" 200 2700
0:0:0:0:0:0:0:1 - - [13/May/2016:16:13:20 -0300] "GET /juddi-gui/serviceEditor.jsp?id=uddi:localhost:service_icmsrate HTTP/1.1" 200 44420
0:0:0:0:0:0:0:1 - - [13/May/2016:16:13:20 -0300] "GET /juddi-gui/js/i18n.js.jsp HTTP/1.1" 200 3014
127.0.0.1 - - [13/May/2016:16:13:21 -0300] "POST /juddiv3/services/inquiry HTTP/1.1" 200 910
0:0:0:0:0:0:0:1 - - [13/May/2016:16:13:21 -0300] "GET /juddi-gui/ajax/opInfo.jsp?id=uddi:localhost:service_icmsrate HTTP/1.1" 200 409
127.0.0.1 - - [13/May/2016:16:13:21 -0300] "POST /juddiv3/services/inquiry HTTP/1.1" 200 2895
0:0:0:0:0:0:0:1 - - [13/May/2016:16:13:21 -0300] "GET /juddi-gui/ajax/tmodelsearch.jsp?keyword=%25&offset=0&maxrecords=10&lang=&chooser=undefined&_=1463166800990 HTTP/1.1" 200 2254
0:0:0:0:0:0:0:1 - - [13/May/2016:16:13:23 -0300] "GET /juddi-gui/serviceBrowse.jsp HTTP/1.1" 200 21131
127.0.0.1 - - [13/May/2016:16:13:24 -0300] "POST /juddiv3/services/inquiry HTTP/1.1" 200 3584
0:0:0:0:0:0:0:1 - - [13/May/2016:16:13:24 -0300] "GET /juddi-gui/ajax/servicesearch.jsp?keyword=%25&offset=%5Bobject%20HTMLSpanElement%5D&maxrecords=20&lang=&_=1463166803985 HTTP/1.1" 200 6210
127.0.0.1 - - [13/May/2016:16:23:42 -0300] "POST /juddiv3/services/inquiry HTTP/1.1" 200 2692
0:0:0:0:0:0:0:1 - - [13/May/2016:16:23:42 -0300] "GET /juddi-gui/serviceEditor.jsp?id=uddi:uddi:service_pagamento HTTP/1.1" 200 44394
0:0:0:0:0:0:0:1 - - [13/May/2016:16:23:42 -0300] "GET /juddi-gui/js/i18n.js.jsp HTTP/1.1" 200 3014
127.0.0.1 - - [13/May/2016:16:23:42 -0300] "POST /juddiv3/services/inquiry HTTP/1.1" 200 906
0:0:0:0:0:0:0:1 - - [13/May/2016:16:23:42 -0300] "GET /juddi-gui/ajax/opInfo.jsp?id=uddi:uddi:service_pagamento HTTP/1.1" 200 405
127.0.0.1 - - [13/May/2016:16:23:42 -0300] "POST /juddiv3/services/inquiry HTTP/1.1" 200 2895
0:0:0:0:0:0:0:1 - - [13/May/2016:16:23:42 -0300] "GET /juddi-gui/ajax/tmodelsearch.jsp?keyword=%25&offset=0&maxrecords=10&lang=&chooser=undefined&_=1463167422815 HTTP/1.1" 200 2254
127.0.0.1 - - [13/May/2016:16:23:46 -0300] "POST /juddiv3/services/publish HTTP/1.1" 500 773
127.0.0.1 - - [13/May/2016:16:23:46 -0300] "POST /juddiv3/services/security HTTP/1.1" 200 581
127.0.0.1 - - [13/May/2016:16:23:46 -0300] "POST /juddiv3/services/publish HTTP/1.1" 200 98
0:0:0:0:0:0:0:1 - - [13/May/2016:16:23:46 -0300] "POST /juddi-gui/ajax/deleteservice.jsp?id=%20%20%20%20%20%20%20%20%20%20%20%20%20%20%20%20%20%20%20%20%20%20%20%20%20%20%20%20%20%20%20%20%20%20%20%20%20%20%20%20uddi:uddi:service_pagamento HTTP/1.1" 200 41
0:0:0:0:0:0:0:1 - - [13/May/2016:16:23:53 -0300] "GET /juddi-gui/serviceBrowse.jsp HTTP/1.1" 200 21131
0:0:0:0:0:0:0:1 - - [13/May/2016:16:23:53 -0300] "GET /juddi-gui/js/i18n.js.jsp HTTP/1.1" 200 3014
127.0.0.1 - - [13/May/2016:16:23:53 -0300] "POST /juddiv3/services/inquiry HTTP/1.1" 200 3412
0:0:0:0:0:0:0:1 - - [13/May/2016:16:23:53 -0300] "GET /juddi-gui/ajax/servicesearch.jsp?keyword=%25&offset=%5Bobject%20HTMLSpanElement%5D&maxrecords=20&lang=&_=1463167433755 HTTP/1.1" 200 5854
127.0.0.1 - - [13/May/2016:16:23:55 -0300] "POST /juddiv3/services/inquiry HTTP/1.1" 200 2700
0:0:0:0:0:0:0:1 - - [13/May/2016:16:23:55 -0300] "GET /juddi-gui/serviceEditor.jsp?id=uddi:localhost:service_icmsrate HTTP/1.1" 200 44420
0:0:0:0:0:0:0:1 - - [13/May/2016:16:23:55 -0300] "GET /juddi-gui/js/i18n.js.jsp HTTP/1.1" 200 3014
127.0.0.1 - - [13/May/2016:16:23:55 -0300] "POST /juddiv3/services/inquiry HTTP/1.1" 200 910
0:0:0:0:0:0:0:1 - - [13/May/2016:16:23:55 -0300] "GET /juddi-gui/ajax/opInfo.jsp?id=uddi:localhost:service_icmsrate HTTP/1.1" 200 409
127.0.0.1 - - [13/May/2016:16:23:55 -0300] "POST /juddiv3/services/inquiry HTTP/1.1" 200 2895
0:0:0:0:0:0:0:1 - - [13/May/2016:16:23:55 -0300] "GET /juddi-gui/ajax/tmodelsearch.jsp?keyword=%25&offset=0&maxrecords=10&lang=&chooser=undefined&_=1463167435526 HTTP/1.1" 200 2254
127.0.0.1 - - [13/May/2016:16:23:57 -0300] "POST /juddiv3/services/publish HTTP/1.1" 200 98
0:0:0:0:0:0:0:1 - - [13/May/2016:16:23:57 -0300] "POST /juddi-gui/ajax/deleteservice.jsp?id=%20%20%20%20%20%20%20%20%20%20%20%20%20%20%20%20%20%20%20%20%20%20%20%20%20%20%20%20%20%20%20%20%20%20%20%20%20%20%20%20uddi:localhost:service_icmsrate HTTP/1.1" 200 41
0:0:0:0:0:0:0:1 - - [13/May/2016:16:24:25 -0300] "GET /juddi-gui/importFromWsdl.jsp HTTP/1.1" 200 39960
0:0:0:0:0:0:0:1 - - [13/May/2016:16:24:25 -0300] "GET /juddi-gui/js/i18n.js.jsp HTTP/1.1" 200 3014
127.0.0.1 - - [13/May/2016:16:24:25 -0300] "POST /juddiv3/services/inquiry HTTP/1.1" 200 3238
0:0:0:0:0:0:0:1 - - [13/May/2016:16:24:25 -0300] "GET /juddi-gui/ajax/businesssearch.jsp?keyword=%25&offset=0&maxrecords=10&lang=&chooser=true&_=1463167465675 HTTP/1.1" 200 1775
127.0.0.1 - - [13/May/2016:16:24:44 -0300] "POST /juddiv3/services/inquiry HTTP/1.1" 200 936
0:0:0:0:0:0:0:1 - - [13/May/2016:16:24:44 -0300] "POST /juddi-gui/ajax/importFromWsdl.jsp HTTP/1.1" 200 679
127.0.0.1 - - [13/May/2016:16:24:49 -0300] "POST /juddiv3/services/inquiry HTTP/1.1" 200 936
127.0.0.1 - - [13/May/2016:16:24:49 -0300] "POST /juddiv3/services/publish HTTP/1.1" 200 1625
127.0.0.1 - - [13/May/2016:16:24:49 -0300] "POST /juddiv3/services/publish HTTP/1.1" 200 1052
127.0.0.1 - - [13/May/2016:16:24:49 -0300] "POST /juddiv3/services/inquiry HTTP/1.1" 500 793
0:0:0:0:0:0:0:1 - - [13/May/2016:16:24:49 -0300] "POST /juddi-gui/ajax/importFromWsdl.jsp HTTP/1.1" 200 1177
127.0.0.1 - - [13/May/2016:16:24:49 -0300] "POST /juddiv3/services/publish HTTP/1.1" 200 2927
0:0:0:0:0:0:0:1 - - [13/May/2016:16:24:54 -0300] "GET /juddi-gui/serviceBrowse.jsp HTTP/1.1" 200 21131
0:0:0:0:0:0:0:1 - - [13/May/2016:16:24:54 -0300] "GET /juddi-gui/js/i18n.js.jsp HTTP/1.1" 200 3014
127.0.0.1 - - [13/May/2016:16:24:54 -0300] "POST /juddiv3/services/inquiry HTTP/1.1" 200 3418
0:0:0:0:0:0:0:1 - - [13/May/2016:16:24:54 -0300] "GET /juddi-gui/ajax/servicesearch.jsp?keyword=%25&offset=%5Bobject%20HTMLSpanElement%5D&maxrecords=20&lang=&_=1463167494738 HTTP/1.1" 200 5866
127.0.0.1 - - [13/May/2016:16:24:56 -0300] "POST /juddiv3/services/inquiry HTTP/1.1" 200 2729
0:0:0:0:0:0:0:1 - - [13/May/2016:16:24:56 -0300] "GET /juddi-gui/serviceEditor.jsp?id=uddi:localhost:service_aliquotrate HTTP/1.1" 200 44460
0:0:0:0:0:0:0:1 - - [13/May/2016:16:24:56 -0300] "GET /juddi-gui/js/i18n.js.jsp HTTP/1.1" 200 3014
0:0:0:0:0:0:0:1 - - [13/May/2016:16:24:56 -0300] "GET /juddi-gui/ajax/opInfo.jsp?id=uddi:localhost:service_aliquotrate HTTP/1.1" 200 412
127.0.0.1 - - [13/May/2016:16:24:56 -0300] "POST /juddiv3/services/inquiry HTTP/1.1" 200 913
127.0.0.1 - - [13/May/2016:16:24:56 -0300] "POST /juddiv3/services/inquiry HTTP/1.1" 200 2516
0:0:0:0:0:0:0:1 - - [13/May/2016:16:24:56 -0300] "GET /juddi-gui/ajax/tmodelsearch.jsp?keyword=%25&offset=0&maxrecords=10&lang=&chooser=undefined&_=1463167496298 HTTP/1.1" 200 2177
127.0.0.1 - - [13/May/2016:16:25:10 -0300] "POST /juddiv3/services/inquiry HTTP/1.1" 200 2729
127.0.0.1 - - [13/May/2016:16:25:10 -0300] "POST /juddiv3/services/publish HTTP/1.1" 200 2882
0:0:0:0:0:0:0:1 - - [13/May/2016:16:25:10 -0300] "POST /juddi-gui/ajax/saveservicedetails.jsp HTTP/1.1" 200 128
127.0.0.1 - - [13/May/2016:16:27:17 -0300] "POST /juddiv3/services/inquiry HTTP/1.1" 200 2882
0:0:0:0:0:0:0:1 - - [13/May/2016:16:27:17 -0300] "POST /juddi-gui/ajax/saveservicedetails.jsp HTTP/1.1" 200 128
127.0.0.1 - - [13/May/2016:16:27:17 -0300] "POST /juddiv3/services/publish HTTP/1.1" 200 2882
0:0:0:0:0:0:0:1 - - [13/May/2016:16:27:23 -0300] "GET /juddi-gui/importFromWsdl.jsp HTTP/1.1" 200 39960
0:0:0:0:0:0:0:1 - - [13/May/2016:16:27:23 -0300] "GET /juddi-gui/js/i18n.js.jsp HTTP/1.1" 200 3014
127.0.0.1 - - [13/May/2016:16:27:23 -0300] "POST /juddiv3/services/inquiry HTTP/1.1" 200 3461
0:0:0:0:0:0:0:1 - - [13/May/2016:16:27:23 -0300] "GET /juddi-gui/ajax/businesssearch.jsp?keyword=%25&offset=0&maxrecords=10&lang=&chooser=true&_=1463167643460 HTTP/1.1" 200 1780
127.0.0.1 - - [13/May/2016:16:27:38 -0300] "POST /juddiv3/services/inquiry HTTP/1.1" 200 936
0:0:0:0:0:0:0:1 - - [13/May/2016:16:27:38 -0300] "POST /juddi-gui/ajax/importFromWsdl.jsp HTTP/1.1" 200 645
127.0.0.1 - - [13/May/2016:16:27:42 -0300] "POST /juddiv3/services/inquiry HTTP/1.1" 200 936
127.0.0.1 - - [13/May/2016:16:27:42 -0300] "POST /juddiv3/services/publish HTTP/1.1" 200 1603
127.0.0.1 - - [13/May/2016:16:27:42 -0300] "POST /juddiv3/services/publish HTTP/1.1" 200 1033
127.0.0.1 - - [13/May/2016:16:27:42 -0300] "POST /juddiv3/services/inquiry HTTP/1.1" 500 793
127.0.0.1 - - [13/May/2016:16:27:42 -0300] "POST /juddiv3/services/publish HTTP/1.1" 200 2887
0:0:0:0:0:0:0:1 - - [13/May/2016:16:27:42 -0300] "POST /juddi-gui/ajax/importFromWsdl.jsp HTTP/1.1" 200 1125
127.0.0.1 - - [13/May/2016:16:27:46 -0300] "POST /juddiv3/services/inquiry HTTP/1.1" 200 936
127.0.0.1 - - [13/May/2016:16:27:46 -0300] "POST /juddiv3/services/publish HTTP/1.1" 200 1603
127.0.0.1 - - [13/May/2016:16:27:46 -0300] "POST /juddiv3/services/publish HTTP/1.1" 200 1033
127.0.0.1 - - [13/May/2016:16:27:46 -0300] "POST /juddiv3/services/inquiry HTTP/1.1" 500 793
127.0.0.1 - - [13/May/2016:16:27:46 -0300] "POST /juddiv3/services/publish HTTP/1.1" 200 2887
0:0:0:0:0:0:0:1 - - [13/May/2016:16:27:46 -0300] "POST /juddi-gui/ajax/importFromWsdl.jsp HTTP/1.1" 200 1125
127.0.0.1 - - [13/May/2016:16:27:48 -0300] "POST /juddiv3/services/inquiry HTTP/1.1" 200 936
127.0.0.1 - - [13/May/2016:16:27:48 -0300] "POST /juddiv3/services/publish HTTP/1.1" 200 1603
127.0.0.1 - - [13/May/2016:16:27:48 -0300] "POST /juddiv3/services/publish HTTP/1.1" 200 1033
127.0.0.1 - - [13/May/2016:16:27:48 -0300] "POST /juddiv3/services/inquiry HTTP/1.1" 500 793
127.0.0.1 - - [13/May/2016:16:27:49 -0300] "POST /juddiv3/services/publish HTTP/1.1" 200 2887
0:0:0:0:0:0:0:1 - - [13/May/2016:16:27:49 -0300] "POST /juddi-gui/ajax/importFromWsdl.jsp HTTP/1.1" 200 1125
127.0.0.1 - - [13/May/2016:16:27:49 -0300] "POST /juddiv3/services/inquiry HTTP/1.1" 200 936
127.0.0.1 - - [13/May/2016:16:27:49 -0300] "POST /juddiv3/services/publish HTTP/1.1" 200 1603
127.0.0.1 - - [13/May/2016:16:27:49 -0300] "POST /juddiv3/services/publish HTTP/1.1" 200 1033
127.0.0.1 - - [13/May/2016:16:27:49 -0300] "POST /juddiv3/services/inquiry HTTP/1.1" 500 793
127.0.0.1 - - [13/May/2016:16:27:49 -0300] "POST /juddiv3/services/publish HTTP/1.1" 200 2887
0:0:0:0:0:0:0:1 - - [13/May/2016:16:27:49 -0300] "POST /juddi-gui/ajax/importFromWsdl.jsp HTTP/1.1" 200 1125
0:0:0:0:0:0:0:1 - - [13/May/2016:16:27:53 -0300] "GET /juddi-gui/serviceBrowse.jsp HTTP/1.1" 200 21131
0:0:0:0:0:0:0:1 - - [13/May/2016:16:27:53 -0300] "GET /juddi-gui/js/i18n.js.jsp HTTP/1.1" 200 3014
127.0.0.1 - - [13/May/2016:16:27:53 -0300] "POST /juddiv3/services/inquiry HTTP/1.1" 200 3412
0:0:0:0:0:0:0:1 - - [13/May/2016:16:27:53 -0300] "GET /juddi-gui/ajax/servicesearch.jsp?keyword=%25&offset=%5Bobject%20HTMLSpanElement%5D&maxrecords=20&lang=&_=1463167673187 HTTP/1.1" 200 5854
0:0:0:0:0:0:0:1 - - [13/May/2016:16:40:25 -0300] "GET /juddi-gui HTTP/1.1" 302 -
0:0:0:0:0:0:0:1 - - [13/May/2016:16:40:25 -0300] "GET /juddi-gui/ HTTP/1.1" 302 -
0:0:0:0:0:0:0:1 - - [13/May/2016:16:40:28 -0300] "GET /juddi-gui/home.jsp HTTP/1.1" 200 20657
0:0:0:0:0:0:0:1 - - [13/May/2016:16:40:28 -0300] "GET /juddi-gui/js/bootstrap-timepicker.min.js HTTP/1.1" 200 14280
0:0:0:0:0:0:0:1 - - [13/May/2016:16:40:28 -0300] "GET /juddi-gui/js/i18n.js.jsp HTTP/1.1" 200 3014
0:0:0:0:0:0:0:1 - - [13/May/2016:16:40:28 -0300] "GET /juddi-gui/css/bootstrap.min.css HTTP/1.1" 200 105939
0:0:0:0:0:0:0:1 - - [13/May/2016:16:40:28 -0300] "GET /juddi-gui/js/jquery.jeditable.js HTTP/1.1" 200 24393
0:0:0:0:0:0:0:1 - - [13/May/2016:16:40:28 -0300] "GET /juddi-gui/js/main.js HTTP/1.1" 200 4134
0:0:0:0:0:0:0:1 - - [13/May/2016:16:40:28 -0300] "GET /juddi-gui/img/logo2.png HTTP/1.1" 200 5721
0:0:0:0:0:0:0:1 - - [13/May/2016:16:40:34 -0300] "GET /juddi-gui/importFromWsdl.jsp HTTP/1.1" 200 40159
0:0:0:0:0:0:0:1 - - [13/May/2016:16:40:34 -0300] "GET /juddi-gui/js/i18n.js.jsp HTTP/1.1" 200 3014
0:0:0:0:0:0:0:1 - - [13/May/2016:16:40:34 -0300] "GET /juddi-gui/js/businessChooser.js HTTP/1.1" 200 6252
0:0:0:0:0:0:0:1 - - [13/May/2016:16:40:34 -0300] "GET /juddi-gui/img/bigrollergreen.gif HTTP/1.1" 200 4176
127.0.0.1 - - [13/May/2016:16:40:35 -0300] "POST /juddiv3/services/inquiry HTTP/1.1" 200 3455
0:0:0:0:0:0:0:1 - - [13/May/2016:16:40:35 -0300] "GET /juddi-gui/ajax/businesssearch.jsp?keyword=%25&offset=0&maxrecords=10&lang=&chooser=true&_=1463168434181 HTTP/1.1" 200 1780
127.0.0.1 - - [13/May/2016:16:40:53 -0300] "POST /juddiv3/services/inquiry HTTP/1.1" 200 936
0:0:0:0:0:0:0:1 - - [13/May/2016:16:40:53 -0300] "POST /juddi-gui/ajax/importFromWsdl.jsp HTTP/1.1" 200 719
127.0.0.1 - - [13/May/2016:16:40:56 -0300] "POST /juddiv3/services/inquiry HTTP/1.1" 200 936
127.0.0.1 - - [13/May/2016:16:40:56 -0300] "POST /juddiv3/services/publish HTTP/1.1" 500 782
127.0.0.1 - - [13/May/2016:16:40:56 -0300] "POST /juddiv3/services/publish HTTP/1.1" 500 782
127.0.0.1 - - [13/May/2016:16:40:56 -0300] "POST /juddiv3/services/inquiry HTTP/1.1" 500 793
127.0.0.1 - - [13/May/2016:16:40:57 -0300] "POST /juddiv3/services/publish HTTP/1.1" 500 782
0:0:0:0:0:0:0:1 - - [13/May/2016:16:40:57 -0300] "POST /juddi-gui/ajax/importFromWsdl.jsp HTTP/1.1" 200 1225
0:0:0:0:0:0:0:1 - - [13/May/2016:16:41:01 -0300] "GET /juddi-gui/serviceBrowse.jsp HTTP/1.1" 200 21330
0:0:0:0:0:0:0:1 - - [13/May/2016:16:41:01 -0300] "GET /juddi-gui/js/i18n.js.jsp HTTP/1.1" 200 3014
127.0.0.1 - - [13/May/2016:16:41:01 -0300] "POST /juddiv3/services/inquiry HTTP/1.1" 200 3412
0:0:0:0:0:0:0:1 - - [13/May/2016:16:41:01 -0300] "GET /juddi-gui/ajax/servicesearch.jsp?keyword=%25&offset=%5Bobject%20HTMLSpanElement%5D&maxrecords=20&lang=&_=1463168461365 HTTP/1.1" 200 5854
127.0.0.1 - - [13/May/2016:16:41:09 -0300] "POST /juddiv3/services/inquiry HTTP/1.1" 200 2689
0:0:0:0:0:0:0:1 - - [13/May/2016:16:41:09 -0300] "GET /juddi-gui/serviceEditor.jsp?id=uddi:localhost:service_icmsrate HTTP/1.1" 200 44597
0:0:0:0:0:0:0:1 - - [13/May/2016:16:41:09 -0300] "GET /juddi-gui/js/i18n.js.jsp HTTP/1.1" 200 3014
0:0:0:0:0:0:0:1 - - [13/May/2016:16:41:09 -0300] "GET /juddi-gui/js/serviceEditor.js HTTP/1.1" 200 11207
127.0.0.1 - - [13/May/2016:16:41:09 -0300] "POST /juddiv3/services/inquiry HTTP/1.1" 200 910
0:0:0:0:0:0:0:1 - - [13/May/2016:16:41:09 -0300] "GET /juddi-gui/ajax/opInfo.jsp?id=uddi:localhost:service_icmsrate HTTP/1.1" 200 409
127.0.0.1 - - [13/May/2016:16:41:09 -0300] "POST /juddiv3/services/inquiry HTTP/1.1" 200 2516
0:0:0:0:0:0:0:1 - - [13/May/2016:16:41:09 -0300] "GET /juddi-gui/ajax/tmodelsearch.jsp?keyword=%25&offset=0&maxrecords=10&lang=&chooser=undefined&_=1463168469230 HTTP/1.1" 200 2177
127.0.0.1 - - [13/May/2016:16:41:22 -0300] "POST /juddiv3/services/inquiry HTTP/1.1" 200 2689
127.0.0.1 - - [13/May/2016:16:41:22 -0300] "POST /juddiv3/services/publish HTTP/1.1" 500 782
0:0:0:0:0:0:0:1 - - [13/May/2016:16:41:22 -0300] "POST /juddi-gui/ajax/saveservicedetails.jsp HTTP/1.1" 406 130
127.0.0.1 - - [13/May/2016:16:41:36 -0300] "POST /juddiv3/services/inquiry HTTP/1.1" 200 2689
127.0.0.1 - - [13/May/2016:16:41:36 -0300] "POST /juddiv3/services/publish HTTP/1.1" 500 782
0:0:0:0:0:0:0:1 - - [13/May/2016:16:41:36 -0300] "POST /juddi-gui/ajax/saveservicedetails.jsp HTTP/1.1" 406 130
127.0.0.1 - - [13/May/2016:16:44:17 -0300] "POST /juddiv3/services/inquiry HTTP/1.1" 200 2689
127.0.0.1 - - [13/May/2016:16:44:17 -0300] "POST /juddiv3/services/publish HTTP/1.1" 500 782
0:0:0:0:0:0:0:1 - - [13/May/2016:16:44:17 -0300] "POST /juddi-gui/ajax/saveservicedetails.jsp HTTP/1.1" 406 130
127.0.0.1 - - [13/May/2016:16:44:25 -0300] "POST /juddiv3/services/security HTTP/1.1" 200 581
0:0:0:0:0:0:0:1 - - [13/May/2016:16:44:25 -0300] "POST /juddi-gui/ajax/loginpost.jsp HTTP/1.1" 200 18
0:0:0:0:0:0:0:1 - - [13/May/2016:16:44:25 -0300] "GET /juddi-gui/login.jsp HTTP/1.1" 200 930
0:0:0:0:0:0:0:1 - - [13/May/2016:16:44:31 -0300] "GET /juddi-gui/importFromWsdl.jsp HTTP/1.1" 200 39960
0:0:0:0:0:0:0:1 - - [13/May/2016:16:44:31 -0300] "GET /juddi-gui/js/i18n.js.jsp HTTP/1.1" 200 3014
127.0.0.1 - - [13/May/2016:16:44:31 -0300] "POST /juddiv3/services/inquiry HTTP/1.1" 200 3455
0:0:0:0:0:0:0:1 - - [13/May/2016:16:44:31 -0300] "GET /juddi-gui/ajax/businesssearch.jsp?keyword=%25&offset=0&maxrecords=10&lang=&chooser=true&_=1463168671624 HTTP/1.1" 200 1780
127.0.0.1 - - [13/May/2016:16:44:53 -0300] "POST /juddiv3/services/inquiry HTTP/1.1" 200 936
0:0:0:0:0:0:0:1 - - [13/May/2016:16:44:53 -0300] "POST /juddi-gui/ajax/importFromWsdl.jsp HTTP/1.1" 200 719
127.0.0.1 - - [13/May/2016:16:44:55 -0300] "POST /juddiv3/services/inquiry HTTP/1.1" 200 936
127.0.0.1 - - [13/May/2016:16:44:56 -0300] "POST /juddiv3/services/publish HTTP/1.1" 200 1649
127.0.0.1 - - [13/May/2016:16:44:56 -0300] "POST /juddiv3/services/publish HTTP/1.1" 200 1072
127.0.0.1 - - [13/May/2016:16:44:56 -0300] "POST /juddiv3/services/inquiry HTTP/1.1" 500 793
127.0.0.1 - - [13/May/2016:16:44:57 -0300] "POST /juddiv3/services/publish HTTP/1.1" 200 2975
0:0:0:0:0:0:0:1 - - [13/May/2016:16:44:57 -0300] "POST /juddi-gui/ajax/importFromWsdl.jsp HTTP/1.1" 200 1241
127.0.0.1 - - [13/May/2016:16:44:58 -0300] "POST /juddiv3/services/inquiry HTTP/1.1" 200 936
127.0.0.1 - - [13/May/2016:16:44:59 -0300] "POST /juddiv3/services/publish HTTP/1.1" 200 1649
127.0.0.1 - - [13/May/2016:16:44:59 -0300] "POST /juddiv3/services/publish HTTP/1.1" 200 1072
127.0.0.1 - - [13/May/2016:16:44:59 -0300] "POST /juddiv3/services/inquiry HTTP/1.1" 500 793
127.0.0.1 - - [13/May/2016:16:44:59 -0300] "POST /juddiv3/services/publish HTTP/1.1" 200 2975
0:0:0:0:0:0:0:1 - - [13/May/2016:16:44:59 -0300] "POST /juddi-gui/ajax/importFromWsdl.jsp HTTP/1.1" 200 1241
127.0.0.1 - - [13/May/2016:16:45:00 -0300] "POST /juddiv3/services/inquiry HTTP/1.1" 200 936
127.0.0.1 - - [13/May/2016:16:45:00 -0300] "POST /juddiv3/services/publish HTTP/1.1" 200 1649
127.0.0.1 - - [13/May/2016:16:45:00 -0300] "POST /juddiv3/services/inquiry HTTP/1.1" 200 936
127.0.0.1 - - [13/May/2016:16:45:00 -0300] "POST /juddiv3/services/publish HTTP/1.1" 200 1072
127.0.0.1 - - [13/May/2016:16:45:00 -0300] "POST /juddiv3/services/inquiry HTTP/1.1" 500 793
127.0.0.1 - - [13/May/2016:16:45:00 -0300] "POST /juddiv3/services/publish HTTP/1.1" 200 1649
127.0.0.1 - - [13/May/2016:16:45:00 -0300] "POST /juddiv3/services/publish HTTP/1.1" 200 2975
0:0:0:0:0:0:0:1 - - [13/May/2016:16:45:00 -0300] "POST /juddi-gui/ajax/importFromWsdl.jsp HTTP/1.1" 200 1241
127.0.0.1 - - [13/May/2016:16:45:00 -0300] "POST /juddiv3/services/publish HTTP/1.1" 200 1072
127.0.0.1 - - [13/May/2016:16:45:00 -0300] "POST /juddiv3/services/inquiry HTTP/1.1" 500 793
127.0.0.1 - - [13/May/2016:16:45:00 -0300] "POST /juddiv3/services/publish HTTP/1.1" 200 2975
0:0:0:0:0:0:0:1 - - [13/May/2016:16:45:00 -0300] "POST /juddi-gui/ajax/importFromWsdl.jsp HTTP/1.1" 200 1241
0:0:0:0:0:0:0:1 - - [13/May/2016:16:45:03 -0300] "GET /juddi-gui/serviceBrowse.jsp HTTP/1.1" 200 21131
0:0:0:0:0:0:0:1 - - [13/May/2016:16:45:03 -0300] "GET /juddi-gui/js/i18n.js.jsp HTTP/1.1" 200 3014
127.0.0.1 - - [13/May/2016:16:45:03 -0300] "POST /juddiv3/services/inquiry HTTP/1.1" 200 3426
0:0:0:0:0:0:0:1 - - [13/May/2016:16:45:03 -0300] "GET /juddi-gui/ajax/servicesearch.jsp?keyword=%25&offset=%5Bobject%20HTMLSpanElement%5D&maxrecords=20&lang=&_=1463168703043 HTTP/1.1" 200 5882
127.0.0.1 - - [13/May/2016:16:45:06 -0300] "POST /juddiv3/services/inquiry HTTP/1.1" 200 2777
0:0:0:0:0:0:0:1 - - [13/May/2016:16:45:06 -0300] "GET /juddi-gui/serviceEditor.jsp?id=uddi:localhost:service_importationrate HTTP/1.1" 200 44532
0:0:0:0:0:0:0:1 - - [13/May/2016:16:45:06 -0300] "GET /juddi-gui/js/i18n.js.jsp HTTP/1.1" 200 3014
127.0.0.1 - - [13/May/2016:16:45:06 -0300] "POST /juddiv3/services/inquiry HTTP/1.1" 200 917
0:0:0:0:0:0:0:1 - - [13/May/2016:16:45:06 -0300] "GET /juddi-gui/ajax/opInfo.jsp?id=uddi:localhost:service_importationrate HTTP/1.1" 200 416
127.0.0.1 - - [13/May/2016:16:45:06 -0300] "POST /juddiv3/services/inquiry HTTP/1.1" 200 2516
0:0:0:0:0:0:0:1 - - [13/May/2016:16:45:06 -0300] "GET /juddi-gui/ajax/tmodelsearch.jsp?keyword=%25&offset=0&maxrecords=10&lang=&chooser=undefined&_=1463168706085 HTTP/1.1" 200 2177
127.0.0.1 - - [13/May/2016:16:45:21 -0300] "POST /juddiv3/services/inquiry HTTP/1.1" 200 2777
127.0.0.1 - - [13/May/2016:16:45:21 -0300] "POST /juddiv3/services/publish HTTP/1.1" 200 2938
0:0:0:0:0:0:0:1 - - [13/May/2016:16:45:21 -0300] "POST /juddi-gui/ajax/saveservicedetails.jsp HTTP/1.1" 200 136
127.0.0.1 - - [13/May/2016:16:45:49 -0300] "POST /juddiv3/services/inquiry HTTP/1.1" 200 2938
127.0.0.1 - - [13/May/2016:16:45:49 -0300] "POST /juddiv3/services/publish HTTP/1.1" 200 2938
0:0:0:0:0:0:0:1 - - [13/May/2016:16:45:49 -0300] "POST /juddi-gui/ajax/saveservicedetails.jsp HTTP/1.1" 200 136
0:0:0:0:0:0:0:1 - - [13/May/2016:16:45:56 -0300] "GET /juddi-gui/importFromWsdl.jsp HTTP/1.1" 200 39960
0:0:0:0:0:0:0:1 - - [13/May/2016:16:45:56 -0300] "GET /juddi-gui/js/i18n.js.jsp HTTP/1.1" 200 3014
127.0.0.1 - - [13/May/2016:16:45:56 -0300] "POST /juddiv3/services/inquiry HTTP/1.1" 200 3469
0:0:0:0:0:0:0:1 - - [13/May/2016:16:45:56 -0300] "GET /juddi-gui/ajax/businesssearch.jsp?keyword=%25&offset=0&maxrecords=10&lang=&chooser=true&_=1463168756637 HTTP/1.1" 200 1780
127.0.0.1 - - [13/May/2016:16:46:11 -0300] "POST /juddiv3/services/inquiry HTTP/1.1" 200 936
0:0:0:0:0:0:0:1 - - [13/May/2016:16:46:11 -0300] "POST /juddi-gui/ajax/importFromWsdl.jsp HTTP/1.1" 200 656
127.0.0.1 - - [13/May/2016:16:46:14 -0300] "POST /juddiv3/services/inquiry HTTP/1.1" 200 936
127.0.0.1 - - [13/May/2016:16:46:14 -0300] "POST /juddiv3/services/publish HTTP/1.1" 200 1614
127.0.0.1 - - [13/May/2016:16:46:14 -0300] "POST /juddiv3/services/publish HTTP/1.1" 200 1044
127.0.0.1 - - [13/May/2016:16:46:14 -0300] "POST /juddiv3/services/inquiry HTTP/1.1" 500 793
127.0.0.1 - - [13/May/2016:16:46:14 -0300] "POST /juddiv3/services/publish HTTP/1.1" 200 2898
0:0:0:0:0:0:0:1 - - [13/May/2016:16:46:14 -0300] "POST /juddi-gui/ajax/importFromWsdl.jsp HTTP/1.1" 200 1136
0:0:0:0:0:0:0:1 - - [13/May/2016:16:46:19 -0300] "GET /juddi-gui/serviceBrowse.jsp HTTP/1.1" 200 21131
0:0:0:0:0:0:0:1 - - [13/May/2016:16:46:19 -0300] "GET /juddi-gui/js/i18n.js.jsp HTTP/1.1" 200 3014
127.0.0.1 - - [13/May/2016:16:46:19 -0300] "POST /juddiv3/services/inquiry HTTP/1.1" 200 3412
0:0:0:0:0:0:0:1 - - [13/May/2016:16:46:19 -0300] "GET /juddi-gui/ajax/servicesearch.jsp?keyword=%25&offset=%5Bobject%20HTMLSpanElement%5D&maxrecords=20&lang=&_=1463168779058 HTTP/1.1" 200 5854
127.0.0.1 - - [13/May/2016:16:47:04 -0300] "POST /juddiv3/services/security HTTP/1.1" 200 98
0:0:0:0:0:0:0:1 - - [13/May/2016:16:47:04 -0300] "GET /juddi-gui/logout.jsp HTTP/1.1" 200 4
0:0:0:0:0:0:0:1 - - [13/May/2016:16:47:04 -0300] "GET /juddi-gui/index.jsp HTTP/1.1" 302 -
0:0:0:0:0:0:0:1 - - [13/May/2016:16:47:04 -0300] "GET /juddi-gui/home.jsp HTTP/1.1" 200 20657
0:0:0:0:0:0:0:1 - - [13/May/2016:16:47:04 -0300] "GET /juddi-gui/js/i18n.js.jsp HTTP/1.1" 200 3014
127.0.0.1 - - [13/May/2016:16:48:23 -0300] "POST /juddiv3/services/security HTTP/1.1" 200 581
0:0:0:0:0:0:0:1 - - [13/May/2016:16:48:23 -0300] "POST /juddi-gui/ajax/loginpost.jsp HTTP/1.1" 200 18
0:0:0:0:0:0:0:1 - - [13/May/2016:16:48:23 -0300] "GET /juddi-gui/login.jsp HTTP/1.1" 200 930
0:0:0:0:0:0:0:1 - - [13/May/2016:16:48:49 -0300] "GET /juddi-gui/importFromWsdl.jsp HTTP/1.1" 200 39960
0:0:0:0:0:0:0:1 - - [13/May/2016:16:48:49 -0300] "GET /juddi-gui/js/i18n.js.jsp HTTP/1.1" 200 3014
127.0.0.1 - - [13/May/2016:16:48:49 -0300] "POST /juddiv3/services/inquiry HTTP/1.1" 200 3455
0:0:0:0:0:0:0:1 - - [13/May/2016:16:48:49 -0300] "GET /juddi-gui/ajax/businesssearch.jsp?keyword=%25&offset=0&maxrecords=10&lang=&chooser=true&_=1463168929895 HTTP/1.1" 200 1780
127.0.0.1 - - [13/May/2016:16:49:02 -0300] "POST /juddiv3/services/inquiry HTTP/1.1" 200 936
0:0:0:0:0:0:0:1 - - [13/May/2016:16:49:02 -0300] "POST /juddi-gui/ajax/importFromWsdl.jsp HTTP/1.1" 200 647
127.0.0.1 - - [13/May/2016:16:49:10 -0300] "POST /juddiv3/services/inquiry HTTP/1.1" 200 936
127.0.0.1 - - [13/May/2016:16:49:10 -0300] "POST /juddiv3/services/publish HTTP/1.1" 200 1614
127.0.0.1 - - [13/May/2016:16:49:10 -0300] "POST /juddiv3/services/publish HTTP/1.1" 200 1044
127.0.0.1 - - [13/May/2016:16:49:10 -0300] "POST /juddiv3/services/inquiry HTTP/1.1" 500 784
127.0.0.1 - - [13/May/2016:16:49:11 -0300] "POST /juddiv3/services/publish HTTP/1.1" 200 2871
0:0:0:0:0:0:0:1 - - [13/May/2016:16:49:11 -0300] "POST /juddi-gui/ajax/importFromWsdl.jsp HTTP/1.1" 200 1100
0:0:0:0:0:0:0:1 - - [13/May/2016:16:49:15 -0300] "GET /juddi-gui/serviceBrowse.jsp HTTP/1.1" 200 21131
0:0:0:0:0:0:0:1 - - [13/May/2016:16:49:15 -0300] "GET /juddi-gui/js/i18n.js.jsp HTTP/1.1" 200 3014
0:0:0:0:0:0:0:1 - - [13/May/2016:16:49:15 -0300] "GET /juddi-gui/ajax/servicesearch.jsp?keyword=%25&offset=%5Bobject%20HTMLSpanElement%5D&maxrecords=20&lang=&_=1463168955619 HTTP/1.1" 200 5836
127.0.0.1 - - [13/May/2016:16:49:15 -0300] "POST /juddiv3/services/inquiry HTTP/1.1" 200 3403
127.0.0.1 - - [13/May/2016:16:49:17 -0300] "POST /juddiv3/services/inquiry HTTP/1.1" 200 2691
0:0:0:0:0:0:0:1 - - [13/May/2016:16:49:17 -0300] "GET /juddi-gui/serviceEditor.jsp?id=uddi:localhost:service_icmsrate HTTP/1.1" 200 44393
0:0:0:0:0:0:0:1 - - [13/May/2016:16:49:17 -0300] "GET /juddi-gui/js/i18n.js.jsp HTTP/1.1" 200 3014
127.0.0.1 - - [13/May/2016:16:49:17 -0300] "POST /juddiv3/services/inquiry HTTP/1.1" 200 910
0:0:0:0:0:0:0:1 - - [13/May/2016:16:49:17 -0300] "GET /juddi-gui/ajax/opInfo.jsp?id=uddi:localhost:service_icmsrate HTTP/1.1" 200 409
127.0.0.1 - - [13/May/2016:16:49:18 -0300] "POST /juddiv3/services/inquiry HTTP/1.1" 200 2516
0:0:0:0:0:0:0:1 - - [13/May/2016:16:49:18 -0300] "GET /juddi-gui/ajax/tmodelsearch.jsp?keyword=%25&offset=0&maxrecords=10&lang=&chooser=undefined&_=1463168957894 HTTP/1.1" 200 2177
127.0.0.1 - - [13/May/2016:16:49:29 -0300] "POST /juddiv3/services/inquiry HTTP/1.1" 200 2691
127.0.0.1 - - [13/May/2016:16:49:29 -0300] "POST /juddiv3/services/publish HTTP/1.1" 200 2845
0:0:0:0:0:0:0:1 - - [13/May/2016:16:49:29 -0300] "POST /juddi-gui/ajax/saveservicedetails.jsp HTTP/1.1" 200 122
127.0.0.1 - - [13/May/2016:16:50:00 -0300] "POST /juddiv3/services/publish HTTP/1.1" 200 2766
0:0:0:0:0:0:0:1 - - [13/May/2016:16:50:00 -0300] "GET /juddi-gui/reginfo.jsp HTTP/1.1" 200 25152
0:0:0:0:0:0:0:1 - - [13/May/2016:16:50:00 -0300] "GET /juddi-gui/js/i18n.js.jsp HTTP/1.1" 200 3014
0:0:0:0:0:0:0:1 - - [13/May/2016:16:50:15 -0300] "GET /juddi-gui/importFromWsdl.jsp HTTP/1.1" 200 39960
0:0:0:0:0:0:0:1 - - [13/May/2016:16:50:15 -0300] "GET /juddi-gui/js/i18n.js.jsp HTTP/1.1" 200 3014
127.0.0.1 - - [13/May/2016:16:50:15 -0300] "POST /juddiv3/services/inquiry HTTP/1.1" 200 3575
0:0:0:0:0:0:0:1 - - [13/May/2016:16:50:15 -0300] "GET /juddi-gui/ajax/businesssearch.jsp?keyword=%25&offset=0&maxrecords=10&lang=&chooser=true&_=1463169015750 HTTP/1.1" 200 2241
127.0.0.1 - - [13/May/2016:16:50:48 -0300] "POST /juddiv3/services/inquiry HTTP/1.1" 200 936
0:0:0:0:0:0:0:1 - - [13/May/2016:16:50:48 -0300] "POST /juddi-gui/ajax/importFromWsdl.jsp HTTP/1.1" 200 710
127.0.0.1 - - [13/May/2016:16:50:50 -0300] "POST /juddiv3/services/inquiry HTTP/1.1" 200 936
127.0.0.1 - - [13/May/2016:16:50:51 -0300] "POST /juddiv3/services/publish HTTP/1.1" 200 1649
127.0.0.1 - - [13/May/2016:16:50:51 -0300] "POST /juddiv3/services/publish HTTP/1.1" 200 1072
127.0.0.1 - - [13/May/2016:16:50:51 -0300] "POST /juddiv3/services/inquiry HTTP/1.1" 500 784
127.0.0.1 - - [13/May/2016:16:50:51 -0300] "POST /juddiv3/services/publish HTTP/1.1" 200 2948
0:0:0:0:0:0:0:1 - - [13/May/2016:16:50:51 -0300] "POST /juddi-gui/ajax/importFromWsdl.jsp HTTP/1.1" 200 1205
0:0:0:0:0:0:0:1 - - [13/May/2016:16:50:55 -0300] "GET /juddi-gui/serviceBrowse.jsp HTTP/1.1" 200 21131
0:0:0:0:0:0:0:1 - - [13/May/2016:16:50:55 -0300] "GET /juddi-gui/js/i18n.js.jsp HTTP/1.1" 200 3014
127.0.0.1 - - [13/May/2016:16:50:55 -0300] "POST /juddiv3/services/inquiry HTTP/1.1" 200 3417
0:0:0:0:0:0:0:1 - - [13/May/2016:16:50:55 -0300] "GET /juddi-gui/ajax/servicesearch.jsp?keyword=%25&offset=%5Bobject%20HTMLSpanElement%5D&maxrecords=20&lang=&_=1463169055193 HTTP/1.1" 200 5864
127.0.0.1 - - [13/May/2016:16:52:07 -0300] "POST /juddiv3/services/security HTTP/1.1" 200 98
0:0:0:0:0:0:0:1 - - [13/May/2016:16:52:07 -0300] "GET /juddi-gui/logout.jsp HTTP/1.1" 200 4
0:0:0:0:0:0:0:1 - - [13/May/2016:16:52:07 -0300] "GET /juddi-gui/index.jsp HTTP/1.1" 302 -
0:0:0:0:0:0:0:1 - - [13/May/2016:16:52:07 -0300] "GET /juddi-gui/home.jsp HTTP/1.1" 200 20657
0:0:0:0:0:0:0:1 - - [13/May/2016:16:52:07 -0300] "GET /juddi-gui/js/i18n.js.jsp HTTP/1.1" 200 3014
