127.0.0.1 - - [04/Dec/2016:10:55:03 -0300] "POST /juddiv3/services/inquiry HTTP/1.1" 200 2136
0:0:0:0:0:0:0:1 - - [04/Dec/2016:10:55:03 -0300] "GET /juddi-gui/ajax/tmodelsearch.jsp?keyword=%25&offset=0&maxrecords=10&lang=&chooser=true&_=1480807509514 HTTP/1.1" 200 2168
127.0.0.1 - - [04/Dec/2016:10:55:06 -0300] "POST /juddiv3/services/inquiry HTTP/1.1" 200 674
0:0:0:0:0:0:0:1 - - [04/Dec/2016:10:55:06 -0300] "GET /juddi-gui/ajax/tmodelsearch.jsp?keyword=%25reliability&offset=10&maxrecords=10&lang=&chooser=true&_=1480807509515 HTTP/1.1" 200 234
127.0.0.1 - - [04/Dec/2016:10:55:09 -0300] "POST /juddiv3/services/inquiry HTTP/1.1" 200 674
0:0:0:0:0:0:0:1 - - [04/Dec/2016:10:55:09 -0300] "GET /juddi-gui/ajax/tmodelsearch.jsp?keyword=%25reliability&offset=10&maxrecords=10&lang=&chooser=true&_=1480807509516 HTTP/1.1" 200 234
127.0.0.1 - - [04/Dec/2016:10:55:10 -0300] "POST /juddiv3/services/inquiry HTTP/1.1" 200 674
0:0:0:0:0:0:0:1 - - [04/Dec/2016:10:55:10 -0300] "GET /juddi-gui/ajax/tmodelsearch.jsp?keyword=%25reliability&offset=10&maxrecords=10&lang=&chooser=true&_=1480807509517 HTTP/1.1" 200 234
127.0.0.1 - - [04/Dec/2016:10:55:10 -0300] "POST /juddiv3/services/inquiry HTTP/1.1" 200 674
0:0:0:0:0:0:0:1 - - [04/Dec/2016:10:55:10 -0300] "GET /juddi-gui/ajax/tmodelsearch.jsp?keyword=%25reliability&offset=10&maxrecords=10&lang=&chooser=true&_=1480807509518 HTTP/1.1" 200 234
127.0.0.1 - - [04/Dec/2016:10:55:11 -0300] "POST /juddiv3/services/inquiry HTTP/1.1" 200 674
0:0:0:0:0:0:0:1 - - [04/Dec/2016:10:55:11 -0300] "GET /juddi-gui/ajax/tmodelsearch.jsp?keyword=%25reliability&offset=10&maxrecords=10&lang=&chooser=true&_=1480807509519 HTTP/1.1" 200 234
127.0.0.1 - - [04/Dec/2016:10:55:11 -0300] "POST /juddiv3/services/inquiry HTTP/1.1" 200 674
0:0:0:0:0:0:0:1 - - [04/Dec/2016:10:55:11 -0300] "GET /juddi-gui/ajax/tmodelsearch.jsp?keyword=%25reliability&offset=10&maxrecords=10&lang=&chooser=true&_=1480807509520 HTTP/1.1" 200 234
127.0.0.1 - - [04/Dec/2016:10:55:18 -0300] "POST /juddiv3/services/inquiry HTTP/1.1" 200 674
0:0:0:0:0:0:0:1 - - [04/Dec/2016:10:55:18 -0300] "GET /juddi-gui/ajax/tmodelsearch.jsp?keyword=%25reliability&offset=10&maxrecords=10&lang=&chooser=true&_=1480807509521 HTTP/1.1" 200 234
127.0.0.1 - - [04/Dec/2016:10:55:28 -0300] "POST /juddiv3/services/inquiry HTTP/1.1" 200 674
0:0:0:0:0:0:0:1 - - [04/Dec/2016:10:55:28 -0300] "GET /juddi-gui/ajax/tmodelsearch.jsp?keyword=%25reliability&offset=10&maxrecords=10&lang=&chooser=true&_=1480807509522 HTTP/1.1" 200 234
127.0.0.1 - - [04/Dec/2016:10:55:37 -0300] "POST /juddiv3/services/inquiry HTTP/1.1" 200 2136
0:0:0:0:0:0:0:1 - - [04/Dec/2016:10:55:37 -0300] "GET /juddi-gui/ajax/tmodelsearch.jsp?keyword=%25&offset=10&maxrecords=10&lang=&chooser=true&_=1480807509523 HTTP/1.1" 200 2335
127.0.0.1 - - [04/Dec/2016:10:55:49 -0300] "POST /juddiv3/services/inquiry HTTP/1.1" 200 674
0:0:0:0:0:0:0:1 - - [04/Dec/2016:10:55:49 -0300] "GET /juddi-gui/ajax/tmodelsearch.jsp?keyword=%25reliability&offset=20&maxrecords=10&lang=&chooser=true&_=1480807509524 HTTP/1.1" 200 234
127.0.0.1 - - [04/Dec/2016:10:55:52 -0300] "POST /juddiv3/services/inquiry HTTP/1.1" 200 674
0:0:0:0:0:0:0:1 - - [04/Dec/2016:10:55:52 -0300] "GET /juddi-gui/ajax/tmodelsearch.jsp?keyword=%25reliability&offset=20&maxrecords=10&lang=&chooser=true&_=1480807509525 HTTP/1.1" 200 234
0:0:0:0:0:0:0:1 - - [04/Dec/2016:10:55:59 -0300] "POST /juddi-gui/ajax/saveservicedetails.jsp HTTP/1.1" 302 -
0:0:0:0:0:0:0:1 - - [04/Dec/2016:10:55:59 -0300] "GET /juddi-gui/ajax/index.jsp HTTP/1.1" 404 999
0:0:0:0:0:0:0:1 - - [04/Dec/2016:10:56:10 -0300] "GET /juddi-gui/serviceBrowse.jsp HTTP/1.1" 200 21330
0:0:0:0:0:0:0:1 - - [04/Dec/2016:10:56:10 -0300] "GET /juddi-gui/js/i18n.js.jsp HTTP/1.1" 200 3014
127.0.0.1 - - [04/Dec/2016:10:56:10 -0300] "POST /juddiv3/services/inquiry HTTP/1.1" 200 4681
0:0:0:0:0:0:0:1 - - [04/Dec/2016:10:56:10 -0300] "GET /juddi-gui/ajax/servicesearch.jsp?keyword=%25&offset=%5Bobject%20HTMLSpanElement%5D&maxrecords=20&lang=&_=1480859770376 HTTP/1.1" 200 8701
127.0.0.1 - - [04/Dec/2016:10:56:18 -0300] "POST /juddiv3/services/inquiry HTTP/1.1" 200 3169
0:0:0:0:0:0:0:1 - - [04/Dec/2016:10:56:18 -0300] "GET /juddi-gui/serviceEditor.jsp?id=uddi:intrusiondetected2:service_intrusiondetectedsecond HTTP/1.1" 200 46507
0:0:0:0:0:0:0:1 - - [04/Dec/2016:10:56:18 -0300] "GET /juddi-gui/js/i18n.js.jsp HTTP/1.1" 200 3014
127.0.0.1 - - [04/Dec/2016:10:56:18 -0300] "POST /juddiv3/services/inquiry HTTP/1.1" 200 934
0:0:0:0:0:0:0:1 - - [04/Dec/2016:10:56:18 -0300] "GET /juddi-gui/ajax/opInfo.jsp?id=uddi:intrusiondetected2:service_intrusiondetectedsecond HTTP/1.1" 200 433
127.0.0.1 - - [04/Dec/2016:10:56:18 -0300] "POST /juddiv3/services/inquiry HTTP/1.1" 200 2136
0:0:0:0:0:0:0:1 - - [04/Dec/2016:10:56:18 -0300] "GET /juddi-gui/ajax/tmodelsearch.jsp?keyword=%25&offset=0&maxrecords=10&lang=&chooser=undefined&_=1480859778410 HTTP/1.1" 200 1919
0:0:0:0:0:0:0:1 - - [04/Dec/2016:10:56:34 -0300] "GET /juddi-gui/serviceBrowse.jsp HTTP/1.1" 200 21330
0:0:0:0:0:0:0:1 - - [04/Dec/2016:10:56:34 -0300] "GET /juddi-gui/js/i18n.js.jsp HTTP/1.1" 200 3014
127.0.0.1 - - [04/Dec/2016:10:56:34 -0300] "POST /juddiv3/services/inquiry HTTP/1.1" 200 4681
0:0:0:0:0:0:0:1 - - [04/Dec/2016:10:56:34 -0300] "GET /juddi-gui/ajax/servicesearch.jsp?keyword=%25&offset=%5Bobject%20HTMLSpanElement%5D&maxrecords=20&lang=&_=1480859794076 HTTP/1.1" 200 8701
127.0.0.1 - - [04/Dec/2016:10:56:36 -0300] "POST /juddiv3/services/inquiry HTTP/1.1" 200 2990
0:0:0:0:0:0:0:1 - - [04/Dec/2016:10:56:36 -0300] "GET /juddi-gui/serviceEditor.jsp?id=uddi:intrusiondetected3:service_intrusiondetectedthird HTTP/1.1" 200 45677
0:0:0:0:0:0:0:1 - - [04/Dec/2016:10:56:37 -0300] "GET /juddi-gui/js/i18n.js.jsp HTTP/1.1" 200 3014
127.0.0.1 - - [04/Dec/2016:10:56:37 -0300] "POST /juddiv3/services/inquiry HTTP/1.1" 200 933
0:0:0:0:0:0:0:1 - - [04/Dec/2016:10:56:37 -0300] "GET /juddi-gui/ajax/opInfo.jsp?id=uddi:intrusiondetected3:service_intrusiondetectedthird HTTP/1.1" 200 432
127.0.0.1 - - [04/Dec/2016:10:56:37 -0300] "POST /juddiv3/services/inquiry HTTP/1.1" 200 2136
0:0:0:0:0:0:0:1 - - [04/Dec/2016:10:56:37 -0300] "GET /juddi-gui/ajax/tmodelsearch.jsp?keyword=%25&offset=0&maxrecords=10&lang=&chooser=undefined&_=1480859796997 HTTP/1.1" 200 1919
127.0.0.1 - - [04/Dec/2016:10:56:49 -0300] "POST /juddiv3/services/inquiry HTTP/1.1" 200 2136
0:0:0:0:0:0:0:1 - - [04/Dec/2016:10:56:49 -0300] "GET /juddi-gui/ajax/tmodelsearch.jsp?keyword=%25&offset=0&maxrecords=10&lang=&chooser=true&_=1480859796998 HTTP/1.1" 200 2168
127.0.0.1 - - [04/Dec/2016:10:56:56 -0300] "POST /juddiv3/services/inquiry HTTP/1.1" 200 673
0:0:0:0:0:0:0:1 - - [04/Dec/2016:10:56:56 -0300] "GET /juddi-gui/ajax/tmodelsearch.jsp?keyword=%25&offset=0&maxrecords=10&lang=urn%3Awsdm.org%3Aqos%3Areliability&chooser=true&_=1480859796999 HTTP/1.1" 200 233
127.0.0.1 - - [04/Dec/2016:10:57:10 -0300] "POST /juddiv3/services/inquiry HTTP/1.1" 200 928
0:0:0:0:0:0:0:1 - - [04/Dec/2016:10:57:10 -0300] "GET /juddi-gui/ajax/tmodelsearch.jsp?keyword=%25reliability&offset=0&maxrecords=10&lang=&chooser=true&_=1480859797000 HTTP/1.1" 200 541
127.0.0.1 - - [04/Dec/2016:10:57:56 -0300] "POST /juddiv3/services/inquiry HTTP/1.1" 200 2990
127.0.0.1 - - [04/Dec/2016:10:57:56 -0300] "POST /juddiv3/services/publish HTTP/1.1" 500 782
0:0:0:0:0:0:0:1 - - [04/Dec/2016:10:57:56 -0300] "POST /juddi-gui/ajax/saveservicedetails.jsp HTTP/1.1" 406 130
127.0.0.1 - - [04/Dec/2016:10:58:06 -0300] "POST /juddiv3/services/security HTTP/1.1" 200 581
0:0:0:0:0:0:0:1 - - [04/Dec/2016:10:58:06 -0300] "POST /juddi-gui/ajax/loginpost.jsp HTTP/1.1" 200 18
0:0:0:0:0:0:0:1 - - [04/Dec/2016:10:58:06 -0300] "GET /juddi-gui/login.jsp HTTP/1.1" 200 930
127.0.0.1 - - [04/Dec/2016:10:58:11 -0300] "POST /juddiv3/services/inquiry HTTP/1.1" 200 2990
127.0.0.1 - - [04/Dec/2016:10:58:12 -0300] "POST /juddiv3/services/publish HTTP/1.1" 200 3149
0:0:0:0:0:0:0:1 - - [04/Dec/2016:10:58:12 -0300] "POST /juddi-gui/ajax/saveservicedetails.jsp HTTP/1.1" 200 168
127.0.0.1 - - [04/Dec/2016:10:58:53 -0300] "POST /juddiv3/services/inquiry HTTP/1.1" 200 3149
127.0.0.1 - - [04/Dec/2016:10:58:53 -0300] "POST /juddiv3/services/publish HTTP/1.1" 200 3149
0:0:0:0:0:0:0:1 - - [04/Dec/2016:10:58:53 -0300] "POST /juddi-gui/ajax/saveservicedetails.jsp HTTP/1.1" 200 168
0:0:0:0:0:0:0:1 - - [04/Dec/2016:10:59:00 -0300] "GET /juddi-gui/importFromWsdl.jsp HTTP/1.1" 200 39960
0:0:0:0:0:0:0:1 - - [04/Dec/2016:10:59:00 -0300] "GET /juddi-gui/js/i18n.js.jsp HTTP/1.1" 200 3014
0:0:0:0:0:0:0:1 - - [04/Dec/2016:10:59:00 -0300] "GET /juddi-gui/ajax/businesssearch.jsp?keyword=%25&offset=0&maxrecords=10&lang=&chooser=true&_=1480859940111 HTTP/1.1" 200 4896
127.0.0.1 - - [04/Dec/2016:10:59:00 -0300] "POST /juddiv3/services/inquiry HTTP/1.1" 200 5387
127.0.0.1 - - [04/Dec/2016:10:59:40 -0300] "POST /juddiv3/services/inquiry HTTP/1.1" 500 799
0:0:0:0:0:0:0:1 - - [04/Dec/2016:10:59:40 -0300] "POST /juddi-gui/ajax/importFromWsdl.jsp HTTP/1.1" 200 651
127.0.0.1 - - [04/Dec/2016:10:59:43 -0300] "POST /juddiv3/services/inquiry HTTP/1.1" 500 799
127.0.0.1 - - [04/Dec/2016:10:59:43 -0300] "POST /juddiv3/services/publish HTTP/1.1" 200 914
127.0.0.1 - - [04/Dec/2016:10:59:43 -0300] "POST /juddiv3/services/publish HTTP/1.1" 200 1589
127.0.0.1 - - [04/Dec/2016:10:59:43 -0300] "POST /juddiv3/services/publish HTTP/1.1" 200 1024
127.0.0.1 - - [04/Dec/2016:10:59:43 -0300] "POST /juddiv3/services/inquiry HTTP/1.1" 500 793
127.0.0.1 - - [04/Dec/2016:10:59:43 -0300] "POST /juddiv3/services/publish HTTP/1.1" 200 2846
0:0:0:0:0:0:0:1 - - [04/Dec/2016:10:59:43 -0300] "POST /juddi-gui/ajax/importFromWsdl.jsp HTTP/1.1" 200 1246
0:0:0:0:0:0:0:1 - - [04/Dec/2016:10:59:49 -0300] "GET /juddi-gui/serviceBrowse.jsp HTTP/1.1" 200 21131
0:0:0:0:0:0:0:1 - - [04/Dec/2016:10:59:49 -0300] "GET /juddi-gui/js/i18n.js.jsp HTTP/1.1" 200 3014
127.0.0.1 - - [04/Dec/2016:10:59:49 -0300] "POST /juddiv3/services/inquiry HTTP/1.1" 200 4681
0:0:0:0:0:0:0:1 - - [04/Dec/2016:10:59:49 -0300] "GET /juddi-gui/ajax/servicesearch.jsp?keyword=%25&offset=%5Bobject%20HTMLSpanElement%5D&maxrecords=20&lang=&_=1480859989318 HTTP/1.1" 200 8701
0:0:0:0:0:0:0:1 - - [04/Dec/2016:11:00:06 -0300] "GET /juddi-gui/businessBrowse.jsp HTTP/1.1" 200 21579
0:0:0:0:0:0:0:1 - - [04/Dec/2016:11:00:06 -0300] "GET /juddi-gui/js/i18n.js.jsp HTTP/1.1" 200 3014
127.0.0.1 - - [04/Dec/2016:11:00:06 -0300] "POST /juddiv3/services/inquiry HTTP/1.1" 200 8924
0:0:0:0:0:0:0:1 - - [04/Dec/2016:11:00:06 -0300] "GET /juddi-gui/ajax/businesssearch.jsp?keyword=%25&offset=0&maxrecords=20&lang=&_=1480860006376 HTTP/1.1" 200 10793
0:0:0:0:0:0:0:1 - - [04/Dec/2016:11:00:10 -0300] "GET /juddi-gui/importFromWsdl.jsp HTTP/1.1" 200 39960
0:0:0:0:0:0:0:1 - - [04/Dec/2016:11:00:10 -0300] "GET /juddi-gui/js/i18n.js.jsp HTTP/1.1" 200 3014
127.0.0.1 - - [04/Dec/2016:11:00:10 -0300] "POST /juddiv3/services/inquiry HTTP/1.1" 200 5387
0:0:0:0:0:0:0:1 - - [04/Dec/2016:11:00:10 -0300] "GET /juddi-gui/ajax/businesssearch.jsp?keyword=%25&offset=0&maxrecords=10&lang=&chooser=true&_=1480860010028 HTTP/1.1" 200 4896
127.0.0.1 - - [04/Dec/2016:11:00:25 -0300] "POST /juddiv3/services/inquiry HTTP/1.1" 200 5387
0:0:0:0:0:0:0:1 - - [04/Dec/2016:11:00:25 -0300] "GET /juddi-gui/ajax/businesssearch.jsp?keyword=%25&offset=0&maxrecords=10&lang=&chooser=true&_=1480860010029 HTTP/1.1" 200 4896
127.0.0.1 - - [04/Dec/2016:11:00:47 -0300] "POST /juddiv3/services/inquiry HTTP/1.1" 200 930
0:0:0:0:0:0:0:1 - - [04/Dec/2016:11:00:47 -0300] "POST /juddi-gui/ajax/importFromWsdl.jsp HTTP/1.1" 200 625
127.0.0.1 - - [04/Dec/2016:11:00:50 -0300] "POST /juddiv3/services/inquiry HTTP/1.1" 200 930
127.0.0.1 - - [04/Dec/2016:11:00:50 -0300] "POST /juddiv3/services/publish HTTP/1.1" 200 1589
127.0.0.1 - - [04/Dec/2016:11:00:50 -0300] "POST /juddiv3/services/publish HTTP/1.1" 200 1024
127.0.0.1 - - [04/Dec/2016:11:00:51 -0300] "POST /juddiv3/services/inquiry HTTP/1.1" 500 793
127.0.0.1 - - [04/Dec/2016:11:00:51 -0300] "POST /juddiv3/services/publish HTTP/1.1" 200 2846
0:0:0:0:0:0:0:1 - - [04/Dec/2016:11:00:51 -0300] "POST /juddi-gui/ajax/importFromWsdl.jsp HTTP/1.1" 200 1075
127.0.0.1 - - [04/Dec/2016:11:00:53 -0300] "POST /juddiv3/services/inquiry HTTP/1.1" 200 930
127.0.0.1 - - [04/Dec/2016:11:00:53 -0300] "POST /juddiv3/services/publish HTTP/1.1" 200 1589
127.0.0.1 - - [04/Dec/2016:11:00:53 -0300] "POST /juddiv3/services/publish HTTP/1.1" 200 1024
127.0.0.1 - - [04/Dec/2016:11:00:53 -0300] "POST /juddiv3/services/inquiry HTTP/1.1" 500 793
127.0.0.1 - - [04/Dec/2016:11:00:54 -0300] "POST /juddiv3/services/publish HTTP/1.1" 200 2846
0:0:0:0:0:0:0:1 - - [04/Dec/2016:11:00:54 -0300] "POST /juddi-gui/ajax/importFromWsdl.jsp HTTP/1.1" 200 1075
127.0.0.1 - - [04/Dec/2016:11:00:56 -0300] "POST /juddiv3/services/inquiry HTTP/1.1" 200 930
127.0.0.1 - - [04/Dec/2016:11:00:56 -0300] "POST /juddiv3/services/publish HTTP/1.1" 200 1589
127.0.0.1 - - [04/Dec/2016:11:00:56 -0300] "POST /juddiv3/services/publish HTTP/1.1" 200 1024
127.0.0.1 - - [04/Dec/2016:11:00:56 -0300] "POST /juddiv3/services/inquiry HTTP/1.1" 500 793
127.0.0.1 - - [04/Dec/2016:11:00:56 -0300] "POST /juddiv3/services/publish HTTP/1.1" 200 2846
0:0:0:0:0:0:0:1 - - [04/Dec/2016:11:00:56 -0300] "POST /juddi-gui/ajax/importFromWsdl.jsp HTTP/1.1" 200 1075
127.0.0.1 - - [04/Dec/2016:11:00:56 -0300] "POST /juddiv3/services/inquiry HTTP/1.1" 200 930
127.0.0.1 - - [04/Dec/2016:11:00:56 -0300] "POST /juddiv3/services/publish HTTP/1.1" 200 1589
127.0.0.1 - - [04/Dec/2016:11:00:56 -0300] "POST /juddiv3/services/publish HTTP/1.1" 200 1024
127.0.0.1 - - [04/Dec/2016:11:00:57 -0300] "POST /juddiv3/services/inquiry HTTP/1.1" 500 793
127.0.0.1 - - [04/Dec/2016:11:00:57 -0300] "POST /juddiv3/services/publish HTTP/1.1" 200 2846
0:0:0:0:0:0:0:1 - - [04/Dec/2016:11:00:57 -0300] "POST /juddi-gui/ajax/importFromWsdl.jsp HTTP/1.1" 200 1075
127.0.0.1 - - [04/Dec/2016:11:00:57 -0300] "POST /juddiv3/services/inquiry HTTP/1.1" 200 930
127.0.0.1 - - [04/Dec/2016:11:00:57 -0300] "POST /juddiv3/services/publish HTTP/1.1" 200 1589
127.0.0.1 - - [04/Dec/2016:11:00:57 -0300] "POST /juddiv3/services/publish HTTP/1.1" 200 1024
127.0.0.1 - - [04/Dec/2016:11:00:57 -0300] "POST /juddiv3/services/inquiry HTTP/1.1" 500 793
127.0.0.1 - - [04/Dec/2016:11:00:57 -0300] "POST /juddiv3/services/publish HTTP/1.1" 200 2846
0:0:0:0:0:0:0:1 - - [04/Dec/2016:11:00:57 -0300] "POST /juddi-gui/ajax/importFromWsdl.jsp HTTP/1.1" 200 1075
127.0.0.1 - - [04/Dec/2016:11:00:57 -0300] "POST /juddiv3/services/inquiry HTTP/1.1" 200 930
127.0.0.1 - - [04/Dec/2016:11:00:58 -0300] "POST /juddiv3/services/publish HTTP/1.1" 200 1589
127.0.0.1 - - [04/Dec/2016:11:00:58 -0300] "POST /juddiv3/services/publish HTTP/1.1" 200 1024
127.0.0.1 - - [04/Dec/2016:11:00:58 -0300] "POST /juddiv3/services/inquiry HTTP/1.1" 500 793
127.0.0.1 - - [04/Dec/2016:11:00:58 -0300] "POST /juddiv3/services/publish HTTP/1.1" 200 2846
0:0:0:0:0:0:0:1 - - [04/Dec/2016:11:00:58 -0300] "POST /juddi-gui/ajax/importFromWsdl.jsp HTTP/1.1" 200 1075
127.0.0.1 - - [04/Dec/2016:11:00:58 -0300] "POST /juddiv3/services/inquiry HTTP/1.1" 200 930
127.0.0.1 - - [04/Dec/2016:11:00:58 -0300] "POST /juddiv3/services/publish HTTP/1.1" 200 1589
127.0.0.1 - - [04/Dec/2016:11:00:58 -0300] "POST /juddiv3/services/publish HTTP/1.1" 200 1024
127.0.0.1 - - [04/Dec/2016:11:00:58 -0300] "POST /juddiv3/services/inquiry HTTP/1.1" 500 793
127.0.0.1 - - [04/Dec/2016:11:00:58 -0300] "POST /juddiv3/services/publish HTTP/1.1" 200 2846
0:0:0:0:0:0:0:1 - - [04/Dec/2016:11:00:58 -0300] "POST /juddi-gui/ajax/importFromWsdl.jsp HTTP/1.1" 200 1075
127.0.0.1 - - [04/Dec/2016:11:01:25 -0300] "POST /juddiv3/services/inquiry HTTP/1.1" 200 930
127.0.0.1 - - [04/Dec/2016:11:01:25 -0300] "POST /juddiv3/services/publish HTTP/1.1" 200 1589
127.0.0.1 - - [04/Dec/2016:11:01:25 -0300] "POST /juddiv3/services/publish HTTP/1.1" 200 1024
127.0.0.1 - - [04/Dec/2016:11:01:25 -0300] "POST /juddiv3/services/inquiry HTTP/1.1" 500 793
127.0.0.1 - - [04/Dec/2016:11:01:25 -0300] "POST /juddiv3/services/publish HTTP/1.1" 200 2846
0:0:0:0:0:0:0:1 - - [04/Dec/2016:11:01:25 -0300] "POST /juddi-gui/ajax/importFromWsdl.jsp HTTP/1.1" 200 1075
127.0.0.1 - - [04/Dec/2016:11:01:26 -0300] "POST /juddiv3/services/inquiry HTTP/1.1" 200 930
127.0.0.1 - - [04/Dec/2016:11:01:26 -0300] "POST /juddiv3/services/publish HTTP/1.1" 200 1589
127.0.0.1 - - [04/Dec/2016:11:01:26 -0300] "POST /juddiv3/services/publish HTTP/1.1" 200 1024
127.0.0.1 - - [04/Dec/2016:11:01:26 -0300] "POST /juddiv3/services/inquiry HTTP/1.1" 500 793
127.0.0.1 - - [04/Dec/2016:11:01:26 -0300] "POST /juddiv3/services/publish HTTP/1.1" 200 2846
0:0:0:0:0:0:0:1 - - [04/Dec/2016:11:01:26 -0300] "POST /juddi-gui/ajax/importFromWsdl.jsp HTTP/1.1" 200 1075
127.0.0.1 - - [04/Dec/2016:11:01:29 -0300] "POST /juddiv3/services/inquiry HTTP/1.1" 200 930
127.0.0.1 - - [04/Dec/2016:11:01:29 -0300] "POST /juddiv3/services/publish HTTP/1.1" 200 1589
127.0.0.1 - - [04/Dec/2016:11:01:29 -0300] "POST /juddiv3/services/publish HTTP/1.1" 200 1024
127.0.0.1 - - [04/Dec/2016:11:01:29 -0300] "POST /juddiv3/services/inquiry HTTP/1.1" 500 793
127.0.0.1 - - [04/Dec/2016:11:01:30 -0300] "POST /juddiv3/services/publish HTTP/1.1" 200 2846
0:0:0:0:0:0:0:1 - - [04/Dec/2016:11:01:30 -0300] "POST /juddi-gui/ajax/importFromWsdl.jsp HTTP/1.1" 200 1075
127.0.0.1 - - [04/Dec/2016:11:01:30 -0300] "POST /juddiv3/services/inquiry HTTP/1.1" 200 930
127.0.0.1 - - [04/Dec/2016:11:01:30 -0300] "POST /juddiv3/services/publish HTTP/1.1" 200 1589
127.0.0.1 - - [04/Dec/2016:11:01:30 -0300] "POST /juddiv3/services/publish HTTP/1.1" 200 1024
127.0.0.1 - - [04/Dec/2016:11:01:30 -0300] "POST /juddiv3/services/inquiry HTTP/1.1" 500 793
127.0.0.1 - - [04/Dec/2016:11:01:30 -0300] "POST /juddiv3/services/inquiry HTTP/1.1" 200 930
127.0.0.1 - - [04/Dec/2016:11:01:30 -0300] "POST /juddiv3/services/publish HTTP/1.1" 200 2846
0:0:0:0:0:0:0:1 - - [04/Dec/2016:11:01:30 -0300] "POST /juddi-gui/ajax/importFromWsdl.jsp HTTP/1.1" 200 1075
127.0.0.1 - - [04/Dec/2016:11:01:30 -0300] "POST /juddiv3/services/publish HTTP/1.1" 200 1589
127.0.0.1 - - [04/Dec/2016:11:01:30 -0300] "POST /juddiv3/services/inquiry HTTP/1.1" 200 930
127.0.0.1 - - [04/Dec/2016:11:01:30 -0300] "POST /juddiv3/services/publish HTTP/1.1" 200 1024
127.0.0.1 - - [04/Dec/2016:11:01:30 -0300] "POST /juddiv3/services/inquiry HTTP/1.1" 500 793
127.0.0.1 - - [04/Dec/2016:11:01:30 -0300] "POST /juddiv3/services/publish HTTP/1.1" 200 1589
127.0.0.1 - - [04/Dec/2016:11:01:30 -0300] "POST /juddiv3/services/publish HTTP/1.1" 200 1024
127.0.0.1 - - [04/Dec/2016:11:01:30 -0300] "POST /juddiv3/services/publish HTTP/1.1" 200 2846
0:0:0:0:0:0:0:1 - - [04/Dec/2016:11:01:30 -0300] "POST /juddi-gui/ajax/importFromWsdl.jsp HTTP/1.1" 200 1075
127.0.0.1 - - [04/Dec/2016:11:01:30 -0300] "POST /juddiv3/services/inquiry HTTP/1.1" 500 793
127.0.0.1 - - [04/Dec/2016:11:01:31 -0300] "POST /juddiv3/services/inquiry HTTP/1.1" 200 930
127.0.0.1 - - [04/Dec/2016:11:01:31 -0300] "POST /juddiv3/services/publish HTTP/1.1" 200 1589
127.0.0.1 - - [04/Dec/2016:11:01:31 -0300] "POST /juddiv3/services/publish HTTP/1.1" 200 2846
0:0:0:0:0:0:0:1 - - [04/Dec/2016:11:01:31 -0300] "POST /juddi-gui/ajax/importFromWsdl.jsp HTTP/1.1" 200 1075
127.0.0.1 - - [04/Dec/2016:11:01:31 -0300] "POST /juddiv3/services/publish HTTP/1.1" 200 1024
127.0.0.1 - - [04/Dec/2016:11:01:31 -0300] "POST /juddiv3/services/inquiry HTTP/1.1" 500 793
127.0.0.1 - - [04/Dec/2016:11:01:31 -0300] "POST /juddiv3/services/publish HTTP/1.1" 200 2846
0:0:0:0:0:0:0:1 - - [04/Dec/2016:11:01:31 -0300] "POST /juddi-gui/ajax/importFromWsdl.jsp HTTP/1.1" 200 1075
0:0:0:0:0:0:0:1 - - [04/Dec/2016:11:01:38 -0300] "GET /juddi-gui/businessBrowse.jsp HTTP/1.1" 200 21579
0:0:0:0:0:0:0:1 - - [04/Dec/2016:11:01:38 -0300] "GET /juddi-gui/js/i18n.js.jsp HTTP/1.1" 200 3014
127.0.0.1 - - [04/Dec/2016:11:01:38 -0300] "POST /juddiv3/services/inquiry HTTP/1.1" 200 8924
0:0:0:0:0:0:0:1 - - [04/Dec/2016:11:01:38 -0300] "GET /juddi-gui/ajax/businesssearch.jsp?keyword=%25&offset=0&maxrecords=20&lang=&_=1480860098473 HTTP/1.1" 200 10793
