0:0:0:0:0:0:0:1 - - [02/Jun/2016:14:15:47 -0300] "GET / HTTP/1.1" 200 4995
0:0:0:0:0:0:0:1 - - [02/Jun/2016:14:15:49 -0300] "GET /juddi-gui HTTP/1.1" 302 -
0:0:0:0:0:0:0:1 - - [02/Jun/2016:14:15:49 -0300] "GET /juddi-gui/ HTTP/1.1" 302 -
0:0:0:0:0:0:0:1 - - [02/Jun/2016:14:15:53 -0300] "GET /juddi-gui/home.jsp HTTP/1.1" 200 20657
0:0:0:0:0:0:0:1 - - [02/Jun/2016:14:15:53 -0300] "GET /juddi-gui/css/bootstrap.min.css HTTP/1.1" 200 105939
0:0:0:0:0:0:0:1 - - [02/Jun/2016:14:15:53 -0300] "GET /juddi-gui/css/bootstrap-timepicker.min.css HTTP/1.1" 200 2410
0:0:0:0:0:0:0:1 - - [02/Jun/2016:14:15:53 -0300] "GET /juddi-gui/css/bootstrap-datetimepicker.min.css HTTP/1.1" 200 6171
0:0:0:0:0:0:0:1 - - [02/Jun/2016:14:15:53 -0300] "GET /juddi-gui/css/font-awesome.min.css HTTP/1.1" 200 15725
0:0:0:0:0:0:0:1 - - [02/Jun/2016:14:15:53 -0300] "GET /juddi-gui/css/bootstrap-responsive.min.css HTTP/1.1" 200 16849
0:0:0:0:0:0:0:1 - - [02/Jun/2016:14:15:53 -0300] "GET /juddi-gui/css/ui-lightness/jquery-ui-1.10.2.custom.min.css HTTP/1.1" 200 16781
0:0:0:0:0:0:0:1 - - [02/Jun/2016:14:15:53 -0300] "GET /juddi-gui/css/bootstrap-modal.css HTTP/1.1" 200 4229
0:0:0:0:0:0:0:1 - - [02/Jun/2016:14:15:53 -0300] "GET /juddi-gui/js/i18n.js.jsp HTTP/1.1" 200 3014
0:0:0:0:0:0:0:1 - - [02/Jun/2016:14:15:53 -0300] "GET /juddi-gui/js/bootstrap-timepicker.min.js HTTP/1.1" 304 -
0:0:0:0:0:0:0:1 - - [02/Jun/2016:14:15:53 -0300] "GET /juddi-gui/js/bootstrap-modalmanager.js HTTP/1.1" 304 -
0:0:0:0:0:0:0:1 - - [02/Jun/2016:14:15:53 -0300] "GET /juddi-gui/js/bootstrap-modal.js HTTP/1.1" 304 -
0:0:0:0:0:0:0:1 - - [02/Jun/2016:14:15:53 -0300] "GET /juddi-gui/js/jquery-ui-1.10.2.custom.min.js HTTP/1.1" 304 -
0:0:0:0:0:0:0:1 - - [02/Jun/2016:14:15:53 -0300] "GET /juddi-gui/js/bootstrap.min.js HTTP/1.1" 304 -
0:0:0:0:0:0:0:1 - - [02/Jun/2016:14:15:53 -0300] "GET /juddi-gui/js/jquery.jeditable.js HTTP/1.1" 304 -
0:0:0:0:0:0:0:1 - - [02/Jun/2016:14:15:53 -0300] "GET /juddi-gui/js/jquery-1.9.1.js HTTP/1.1" 304 -
0:0:0:0:0:0:0:1 - - [02/Jun/2016:14:15:53 -0300] "GET /juddi-gui/js/bootstrap-datetimepicker.min.js HTTP/1.1" 304 -
0:0:0:0:0:0:0:1 - - [02/Jun/2016:14:15:53 -0300] "GET /juddi-gui/js/main.js HTTP/1.1" 304 -
0:0:0:0:0:0:0:1 - - [02/Jun/2016:14:15:53 -0300] "GET /juddi-gui/img/logo2.png HTTP/1.1" 200 5721
0:0:0:0:0:0:0:1 - - [02/Jun/2016:14:15:53 -0300] "GET /juddi-gui/font/fontawesome-webfont.woff?v=3.0.1 HTTP/1.1" 200 29380
0:0:0:0:0:0:0:1 - - [02/Jun/2016:14:15:53 -0300] "GET /juddi-gui/ico/favicon.png HTTP/1.1" 404 1001
127.0.0.1 - - [02/Jun/2016:14:15:56 -0300] "POST /juddiv3/services/security HTTP/1.1" 200 581
0:0:0:0:0:0:0:1 - - [02/Jun/2016:14:15:56 -0300] "POST /juddi-gui/ajax/loginpost.jsp HTTP/1.1" 200 18
0:0:0:0:0:0:0:1 - - [02/Jun/2016:14:15:56 -0300] "GET /juddi-gui/login.jsp HTTP/1.1" 200 930
0:0:0:0:0:0:0:1 - - [02/Jun/2016:14:35:50 -0300] "GET /juddi-gui/importFromWsdl.jsp HTTP/1.1" 200 39960
0:0:0:0:0:0:0:1 - - [02/Jun/2016:14:35:50 -0300] "GET /juddi-gui/js/i18n.js.jsp HTTP/1.1" 200 3014
0:0:0:0:0:0:0:1 - - [02/Jun/2016:14:35:50 -0300] "GET /juddi-gui/js/businessChooser.js HTTP/1.1" 200 6252
0:0:0:0:0:0:0:1 - - [02/Jun/2016:14:35:50 -0300] "GET /juddi-gui/img/bigrollergreen.gif HTTP/1.1" 200 4176
127.0.0.1 - - [02/Jun/2016:14:35:52 -0300] "POST /juddiv3/services/inquiry HTTP/1.1" 200 5387
0:0:0:0:0:0:0:1 - - [02/Jun/2016:14:35:52 -0300] "GET /juddi-gui/ajax/businesssearch.jsp?keyword=%25&offset=0&maxrecords=10&lang=&chooser=true&_=1464888950702 HTTP/1.1" 200 4896
0:0:0:0:0:0:0:1 - - [02/Jun/2016:14:37:25 -0300] "GET /juddi-gui/serviceBrowse.jsp HTTP/1.1" 200 21131
0:0:0:0:0:0:0:1 - - [02/Jun/2016:14:37:25 -0300] "GET /juddi-gui/js/i18n.js.jsp HTTP/1.1" 200 3014
0:0:0:0:0:0:0:1 - - [02/Jun/2016:14:37:25 -0300] "GET /juddi-gui/js/serviceBrowse.js HTTP/1.1" 304 -
127.0.0.1 - - [02/Jun/2016:14:37:26 -0300] "POST /juddiv3/services/inquiry HTTP/1.1" 200 4443
0:0:0:0:0:0:0:1 - - [02/Jun/2016:14:37:26 -0300] "GET /juddi-gui/ajax/servicesearch.jsp?keyword=%25&offset=%5Bobject%20HTMLSpanElement%5D&maxrecords=20&lang=&_=1464889045838 HTTP/1.1" 200 8024
0:0:0:0:0:0:0:1 - - [02/Jun/2016:19:32:53 -0300] "GET /juddi-gui/importFromWsdl.jsp HTTP/1.1" 200 40159
0:0:0:0:0:0:0:1 - - [02/Jun/2016:19:32:53 -0300] "GET /juddi-gui/js/i18n.js.jsp HTTP/1.1" 200 3014
127.0.0.1 - - [02/Jun/2016:19:32:54 -0300] "POST /juddiv3/services/inquiry HTTP/1.1" 200 5387
0:0:0:0:0:0:0:1 - - [02/Jun/2016:19:32:54 -0300] "GET /juddi-gui/ajax/businesssearch.jsp?keyword=%25&offset=0&maxrecords=10&lang=&chooser=true&_=1464906773625 HTTP/1.1" 200 4896
127.0.0.1 - - [02/Jun/2016:19:32:58 -0300] "POST /juddiv3/services/security HTTP/1.1" 200 581
0:0:0:0:0:0:0:1 - - [02/Jun/2016:19:32:58 -0300] "POST /juddi-gui/ajax/loginpost.jsp HTTP/1.1" 200 18
0:0:0:0:0:0:0:1 - - [02/Jun/2016:19:32:58 -0300] "GET /juddi-gui/login.jsp HTTP/1.1" 200 930
127.0.0.1 - - [02/Jun/2016:19:34:17 -0300] "POST /juddiv3/services/inquiry HTTP/1.1" 500 810
0:0:0:0:0:0:0:1 - - [02/Jun/2016:19:34:17 -0300] "POST /juddi-gui/ajax/importFromWsdl.jsp HTTP/1.1" 200 791
127.0.0.1 - - [02/Jun/2016:19:34:45 -0300] "POST /juddiv3/services/inquiry HTTP/1.1" 500 810
127.0.0.1 - - [02/Jun/2016:19:34:46 -0300] "POST /juddiv3/services/publish HTTP/1.1" 200 936
127.0.0.1 - - [02/Jun/2016:19:34:47 -0300] "POST /juddiv3/services/publish HTTP/1.1" 200 1669
127.0.0.1 - - [02/Jun/2016:19:34:47 -0300] "POST /juddiv3/services/publish HTTP/1.1" 200 1082
127.0.0.1 - - [02/Jun/2016:19:34:47 -0300] "POST /juddiv3/services/inquiry HTTP/1.1" 500 793
127.0.0.1 - - [02/Jun/2016:19:34:47 -0300] "POST /juddiv3/services/publish HTTP/1.1" 200 3047
0:0:0:0:0:0:0:1 - - [02/Jun/2016:19:34:47 -0300] "POST /juddi-gui/ajax/importFromWsdl.jsp HTTP/1.1" 200 1551
0:0:0:0:0:0:0:1 - - [02/Jun/2016:19:35:10 -0300] "GET /juddi-gui/serviceBrowse.jsp HTTP/1.1" 200 21131
0:0:0:0:0:0:0:1 - - [02/Jun/2016:19:35:10 -0300] "GET /juddi-gui/js/i18n.js.jsp HTTP/1.1" 200 3014
127.0.0.1 - - [02/Jun/2016:19:35:11 -0300] "POST /juddiv3/services/inquiry HTTP/1.1" 200 4452
0:0:0:0:0:0:0:1 - - [02/Jun/2016:19:35:11 -0300] "GET /juddi-gui/ajax/servicesearch.jsp?keyword=%25&offset=%5Bobject%20HTMLSpanElement%5D&maxrecords=20&lang=&_=1464906910817 HTTP/1.1" 200 8062
127.0.0.1 - - [02/Jun/2016:19:35:15 -0300] "POST /juddiv3/services/inquiry HTTP/1.1" 200 2841
0:0:0:0:0:0:0:1 - - [02/Jun/2016:19:35:15 -0300] "GET /juddi-gui/serviceEditor.jsp?id=uddi:calculadoranormal:service_calculadoranormal HTTP/1.1" 200 44650
0:0:0:0:0:0:0:1 - - [02/Jun/2016:19:35:15 -0300] "GET /juddi-gui/js/i18n.js.jsp HTTP/1.1" 200 3014
0:0:0:0:0:0:0:1 - - [02/Jun/2016:19:35:15 -0300] "GET /juddi-gui/js/serviceEditor.js HTTP/1.1" 200 11207
0:0:0:0:0:0:0:1 - - [02/Jun/2016:19:35:15 -0300] "GET /juddi-gui/js/businessEditor.js HTTP/1.1" 200 23962
0:0:0:0:0:0:0:1 - - [02/Jun/2016:19:35:15 -0300] "GET /juddi-gui/js/tmodelsearch.js HTTP/1.1" 200 4373
0:0:0:0:0:0:0:1 - - [02/Jun/2016:19:35:15 -0300] "GET /juddi-gui/js/tmodelChooser.js HTTP/1.1" 200 3269
127.0.0.1 - - [02/Jun/2016:19:35:15 -0300] "POST /juddiv3/services/inquiry HTTP/1.1" 200 927
0:0:0:0:0:0:0:1 - - [02/Jun/2016:19:35:15 -0300] "GET /juddi-gui/ajax/opInfo.jsp?id=uddi:calculadoranormal:service_calculadoranormal HTTP/1.1" 200 426
127.0.0.1 - - [02/Jun/2016:19:35:15 -0300] "POST /juddiv3/services/inquiry HTTP/1.1" 200 2136
0:0:0:0:0:0:0:1 - - [02/Jun/2016:19:35:15 -0300] "GET /juddi-gui/ajax/tmodelsearch.jsp?keyword=%25&offset=0&maxrecords=10&lang=&chooser=undefined&_=1464906915546 HTTP/1.1" 200 1919
0:0:0:0:0:0:0:1 - - [02/Jun/2016:19:38:13 -0300] "GET /juddi-gui/importFromWsdl.jsp HTTP/1.1" 200 39960
0:0:0:0:0:0:0:1 - - [02/Jun/2016:19:38:13 -0300] "GET /juddi-gui/js/i18n.js.jsp HTTP/1.1" 200 3014
127.0.0.1 - - [02/Jun/2016:19:38:13 -0300] "POST /juddiv3/services/inquiry HTTP/1.1" 200 5387
0:0:0:0:0:0:0:1 - - [02/Jun/2016:19:38:13 -0300] "GET /juddi-gui/ajax/businesssearch.jsp?keyword=%25&offset=0&maxrecords=10&lang=&chooser=true&_=1464907093281 HTTP/1.1" 200 4896
127.0.0.1 - - [02/Jun/2016:19:38:43 -0300] "POST /juddiv3/services/inquiry HTTP/1.1" 500 811
0:0:0:0:0:0:0:1 - - [02/Jun/2016:19:38:43 -0300] "POST /juddi-gui/ajax/importFromWsdl.jsp HTTP/1.1" 200 804
127.0.0.1 - - [02/Jun/2016:19:38:46 -0300] "POST /juddiv3/services/inquiry HTTP/1.1" 500 811
127.0.0.1 - - [02/Jun/2016:19:38:46 -0300] "POST /juddiv3/services/publish HTTP/1.1" 200 938
127.0.0.1 - - [02/Jun/2016:19:38:46 -0300] "POST /juddiv3/services/publish HTTP/1.1" 200 1682
127.0.0.1 - - [02/Jun/2016:19:38:46 -0300] "POST /juddiv3/services/publish HTTP/1.1" 200 1093
127.0.0.1 - - [02/Jun/2016:19:38:46 -0300] "POST /juddiv3/services/inquiry HTTP/1.1" 500 793
127.0.0.1 - - [02/Jun/2016:19:38:46 -0300] "POST /juddiv3/services/publish HTTP/1.1" 200 3071
0:0:0:0:0:0:0:1 - - [02/Jun/2016:19:38:46 -0300] "POST /juddi-gui/ajax/importFromWsdl.jsp HTTP/1.1" 200 1579
0:0:0:0:0:0:0:1 - - [02/Jun/2016:19:38:51 -0300] "GET /juddi-gui/serviceBrowse.jsp HTTP/1.1" 200 21131
0:0:0:0:0:0:0:1 - - [02/Jun/2016:19:38:51 -0300] "GET /juddi-gui/js/i18n.js.jsp HTTP/1.1" 200 3014
0:0:0:0:0:0:0:1 - - [02/Jun/2016:19:38:51 -0300] "GET /juddi-gui/ajax/servicesearch.jsp?keyword=%25&offset=%5Bobject%20HTMLSpanElement%5D&maxrecords=20&lang=&_=1464907131319 HTTP/1.1" 200 8135
127.0.0.1 - - [02/Jun/2016:19:38:51 -0300] "POST /juddiv3/services/inquiry HTTP/1.1" 200 4479
127.0.0.1 - - [02/Jun/2016:19:38:53 -0300] "POST /juddiv3/services/inquiry HTTP/1.1" 200 2864
0:0:0:0:0:0:0:1 - - [02/Jun/2016:19:38:53 -0300] "GET /juddi-gui/serviceEditor.jsp?id=uddi:calculadoranormal2:service_calculadoranormal2 HTTP/1.1" 200 44684
0:0:0:0:0:0:0:1 - - [02/Jun/2016:19:38:53 -0300] "GET /juddi-gui/js/i18n.js.jsp HTTP/1.1" 200 3014
127.0.0.1 - - [02/Jun/2016:19:38:53 -0300] "POST /juddiv3/services/inquiry HTTP/1.1" 200 929
0:0:0:0:0:0:0:1 - - [02/Jun/2016:19:38:53 -0300] "GET /juddi-gui/ajax/opInfo.jsp?id=uddi:calculadoranormal2:service_calculadoranormal2 HTTP/1.1" 200 428
127.0.0.1 - - [02/Jun/2016:19:38:53 -0300] "POST /juddiv3/services/inquiry HTTP/1.1" 200 2136
0:0:0:0:0:0:0:1 - - [02/Jun/2016:19:38:53 -0300] "GET /juddi-gui/ajax/tmodelsearch.jsp?keyword=%25&offset=0&maxrecords=10&lang=&chooser=undefined&_=1464907133693 HTTP/1.1" 200 1919
127.0.0.1 - - [02/Jun/2016:19:44:39 -0300] "POST /juddiv3/services/inquiry HTTP/1.1" 200 2864
127.0.0.1 - - [02/Jun/2016:19:44:39 -0300] "POST /juddiv3/services/publish HTTP/1.1" 200 3024
0:0:0:0:0:0:0:1 - - [02/Jun/2016:19:44:39 -0300] "POST /juddi-gui/ajax/saveservicedetails.jsp HTTP/1.1" 200 160
0:0:0:0:0:0:0:1 - - [02/Jun/2016:19:44:45 -0300] "GET /juddi-gui/serviceBrowse.jsp HTTP/1.1" 200 21131
0:0:0:0:0:0:0:1 - - [02/Jun/2016:19:44:45 -0300] "GET /juddi-gui/js/i18n.js.jsp HTTP/1.1" 200 3014
127.0.0.1 - - [02/Jun/2016:19:44:46 -0300] "POST /juddiv3/services/inquiry HTTP/1.1" 200 4479
0:0:0:0:0:0:0:1 - - [02/Jun/2016:19:44:46 -0300] "GET /juddi-gui/ajax/servicesearch.jsp?keyword=%25&offset=%5Bobject%20HTMLSpanElement%5D&maxrecords=20&lang=&_=1464907486015 HTTP/1.1" 200 8135
127.0.0.1 - - [02/Jun/2016:19:44:48 -0300] "POST /juddiv3/services/inquiry HTTP/1.1" 200 2841
0:0:0:0:0:0:0:1 - - [02/Jun/2016:19:44:48 -0300] "GET /juddi-gui/serviceEditor.jsp?id=uddi:calculadoranormal:service_calculadoranormal HTTP/1.1" 200 44650
0:0:0:0:0:0:0:1 - - [02/Jun/2016:19:44:48 -0300] "GET /juddi-gui/js/i18n.js.jsp HTTP/1.1" 200 3014
127.0.0.1 - - [02/Jun/2016:19:44:48 -0300] "POST /juddiv3/services/inquiry HTTP/1.1" 200 927
0:0:0:0:0:0:0:1 - - [02/Jun/2016:19:44:48 -0300] "GET /juddi-gui/ajax/opInfo.jsp?id=uddi:calculadoranormal:service_calculadoranormal HTTP/1.1" 200 426
127.0.0.1 - - [02/Jun/2016:19:44:48 -0300] "POST /juddiv3/services/inquiry HTTP/1.1" 200 2136
0:0:0:0:0:0:0:1 - - [02/Jun/2016:19:44:48 -0300] "GET /juddi-gui/ajax/tmodelsearch.jsp?keyword=%25&offset=0&maxrecords=10&lang=&chooser=undefined&_=1464907488508 HTTP/1.1" 200 1919
0:0:0:0:0:0:0:1 - - [02/Jun/2016:19:45:48 -0300] "GET /juddi-gui/importFromWsdl.jsp HTTP/1.1" 200 39960
0:0:0:0:0:0:0:1 - - [02/Jun/2016:19:45:48 -0300] "GET /juddi-gui/js/i18n.js.jsp HTTP/1.1" 200 3014
127.0.0.1 - - [02/Jun/2016:19:45:48 -0300] "POST /juddiv3/services/inquiry HTTP/1.1" 200 5387
0:0:0:0:0:0:0:1 - - [02/Jun/2016:19:45:48 -0300] "GET /juddi-gui/ajax/businesssearch.jsp?keyword=%25&offset=0&maxrecords=10&lang=&chooser=true&_=1464907548117 HTTP/1.1" 200 4896
127.0.0.1 - - [02/Jun/2016:19:46:10 -0300] "POST /juddiv3/services/inquiry HTTP/1.1" 500 814
0:0:0:0:0:0:0:1 - - [02/Jun/2016:19:46:10 -0300] "POST /juddi-gui/ajax/importFromWsdl.jsp HTTP/1.1" 200 843
127.0.0.1 - - [02/Jun/2016:19:46:32 -0300] "POST /juddiv3/services/inquiry HTTP/1.1" 500 814
127.0.0.1 - - [02/Jun/2016:19:46:32 -0300] "POST /juddiv3/services/publish HTTP/1.1" 200 944
127.0.0.1 - - [02/Jun/2016:19:46:32 -0300] "POST /juddiv3/services/publish HTTP/1.1" 200 1703
127.0.0.1 - - [02/Jun/2016:19:46:32 -0300] "POST /juddiv3/services/publish HTTP/1.1" 200 1108
127.0.0.1 - - [02/Jun/2016:19:46:32 -0300] "POST /juddiv3/services/inquiry HTTP/1.1" 500 793
127.0.0.1 - - [02/Jun/2016:19:46:32 -0300] "POST /juddiv3/services/publish HTTP/1.1" 200 3125
0:0:0:0:0:0:0:1 - - [02/Jun/2016:19:46:32 -0300] "POST /juddi-gui/ajax/importFromWsdl.jsp HTTP/1.1" 200 1663
0:0:0:0:0:0:0:1 - - [02/Jun/2016:19:46:38 -0300] "GET /juddi-gui/serviceBrowse.jsp HTTP/1.1" 200 21131
0:0:0:0:0:0:0:1 - - [02/Jun/2016:19:46:38 -0300] "GET /juddi-gui/js/i18n.js.jsp HTTP/1.1" 200 3014
127.0.0.1 - - [02/Jun/2016:19:46:39 -0300] "POST /juddiv3/services/inquiry HTTP/1.1" 200 4515
0:0:0:0:0:0:0:1 - - [02/Jun/2016:19:46:39 -0300] "GET /juddi-gui/ajax/servicesearch.jsp?keyword=%25&offset=%5Bobject%20HTMLSpanElement%5D&maxrecords=20&lang=&_=1464907598978 HTTP/1.1" 200 8243
127.0.0.1 - - [02/Jun/2016:19:46:41 -0300] "POST /juddiv3/services/inquiry HTTP/1.1" 200 2915
0:0:0:0:0:0:0:1 - - [02/Jun/2016:19:46:41 -0300] "GET /juddi-gui/serviceEditor.jsp?id=uddi:calculadoracientifica:service_calculadoracientifica HTTP/1.1" 200 44768
0:0:0:0:0:0:0:1 - - [02/Jun/2016:19:46:41 -0300] "GET /juddi-gui/js/i18n.js.jsp HTTP/1.1" 200 3014
127.0.0.1 - - [02/Jun/2016:19:46:41 -0300] "POST /juddiv3/services/inquiry HTTP/1.1" 200 935
0:0:0:0:0:0:0:1 - - [02/Jun/2016:19:46:41 -0300] "GET /juddi-gui/ajax/opInfo.jsp?id=uddi:calculadoracientifica:service_calculadoracientifica HTTP/1.1" 200 434
127.0.0.1 - - [02/Jun/2016:19:46:42 -0300] "POST /juddiv3/services/inquiry HTTP/1.1" 200 2136
0:0:0:0:0:0:0:1 - - [02/Jun/2016:19:46:42 -0300] "GET /juddi-gui/ajax/tmodelsearch.jsp?keyword=%25&offset=0&maxrecords=10&lang=&chooser=undefined&_=1464907601884 HTTP/1.1" 200 1919
127.0.0.1 - - [02/Jun/2016:19:46:55 -0300] "POST /juddiv3/services/inquiry HTTP/1.1" 200 2915
127.0.0.1 - - [02/Jun/2016:19:46:56 -0300] "POST /juddiv3/services/publish HTTP/1.1" 200 3078
0:0:0:0:0:0:0:1 - - [02/Jun/2016:19:46:56 -0300] "POST /juddi-gui/ajax/saveservicedetails.jsp HTTP/1.1" 200 172
0:0:0:0:0:0:0:1 - - [02/Jun/2016:19:47:33 -0300] "GET /juddi-gui/importFromWsdl.jsp HTTP/1.1" 200 39960
0:0:0:0:0:0:0:1 - - [02/Jun/2016:19:47:33 -0300] "GET /juddi-gui/js/i18n.js.jsp HTTP/1.1" 200 3014
0:0:0:0:0:0:0:1 - - [02/Jun/2016:19:47:34 -0300] "GET /juddi-gui/ajax/businesssearch.jsp?keyword=%25&offset=0&maxrecords=10&lang=&chooser=true&_=1464907653840 HTTP/1.1" 200 4896
127.0.0.1 - - [02/Jun/2016:19:47:34 -0300] "POST /juddiv3/services/inquiry HTTP/1.1" 200 5387
127.0.0.1 - - [02/Jun/2016:19:48:00 -0300] "POST /juddiv3/services/inquiry HTTP/1.1" 500 815
127.0.0.1 - - [02/Jun/2016:19:48:00 -0300] "POST /juddiv3/services/publish HTTP/1.1" 500 773
127.0.0.1 - - [02/Jun/2016:19:48:00 -0300] "POST /juddiv3/services/security HTTP/1.1" 200 581
127.0.0.1 - - [02/Jun/2016:19:48:00 -0300] "POST /juddiv3/services/publish HTTP/1.1" 200 946
127.0.0.1 - - [02/Jun/2016:19:48:01 -0300] "POST /juddiv3/services/publish HTTP/1.1" 200 1710
127.0.0.1 - - [02/Jun/2016:19:48:01 -0300] "POST /juddiv3/services/publish HTTP/1.1" 200 1113
127.0.0.1 - - [02/Jun/2016:19:48:01 -0300] "POST /juddiv3/services/inquiry HTTP/1.1" 500 793
127.0.0.1 - - [02/Jun/2016:19:48:01 -0300] "POST /juddiv3/services/publish HTTP/1.1" 200 3143
0:0:0:0:0:0:0:1 - - [02/Jun/2016:19:48:01 -0300] "POST /juddi-gui/ajax/importFromWsdl.jsp HTTP/1.1" 200 1691
127.0.0.1 - - [02/Jun/2016:19:48:09 -0300] "POST /juddiv3/services/inquiry HTTP/1.1" 200 962
127.0.0.1 - - [02/Jun/2016:19:48:09 -0300] "POST /juddiv3/services/publish HTTP/1.1" 200 1710
127.0.0.1 - - [02/Jun/2016:19:48:09 -0300] "POST /juddiv3/services/publish HTTP/1.1" 200 1113
127.0.0.1 - - [02/Jun/2016:19:48:09 -0300] "POST /juddiv3/services/inquiry HTTP/1.1" 500 793
127.0.0.1 - - [02/Jun/2016:19:48:09 -0300] "POST /juddiv3/services/publish HTTP/1.1" 200 3143
0:0:0:0:0:0:0:1 - - [02/Jun/2016:19:48:09 -0300] "POST /juddi-gui/ajax/importFromWsdl.jsp HTTP/1.1" 200 1472
127.0.0.1 - - [02/Jun/2016:19:48:15 -0300] "POST /juddiv3/services/inquiry HTTP/1.1" 200 962
127.0.0.1 - - [02/Jun/2016:19:48:15 -0300] "POST /juddiv3/services/publish HTTP/1.1" 200 1710
127.0.0.1 - - [02/Jun/2016:19:48:15 -0300] "POST /juddiv3/services/publish HTTP/1.1" 200 1113
127.0.0.1 - - [02/Jun/2016:19:48:15 -0300] "POST /juddiv3/services/inquiry HTTP/1.1" 500 793
127.0.0.1 - - [02/Jun/2016:19:48:15 -0300] "POST /juddiv3/services/publish HTTP/1.1" 200 3143
0:0:0:0:0:0:0:1 - - [02/Jun/2016:19:48:15 -0300] "POST /juddi-gui/ajax/importFromWsdl.jsp HTTP/1.1" 200 1472
0:0:0:0:0:0:0:1 - - [02/Jun/2016:19:48:20 -0300] "GET /juddi-gui/serviceBrowse.jsp HTTP/1.1" 200 21131
0:0:0:0:0:0:0:1 - - [02/Jun/2016:19:48:20 -0300] "GET /juddi-gui/js/i18n.js.jsp HTTP/1.1" 200 3014
127.0.0.1 - - [02/Jun/2016:19:48:20 -0300] "POST /juddiv3/services/inquiry HTTP/1.1" 200 4538
0:0:0:0:0:0:0:1 - - [02/Jun/2016:19:48:20 -0300] "GET /juddi-gui/ajax/servicesearch.jsp?keyword=%25&offset=%5Bobject%20HTMLSpanElement%5D&maxrecords=20&lang=&_=1464907700203 HTTP/1.1" 200 8308
127.0.0.1 - - [02/Jun/2016:19:48:24 -0300] "POST /juddiv3/services/inquiry HTTP/1.1" 200 2932
0:0:0:0:0:0:0:1 - - [02/Jun/2016:19:48:24 -0300] "GET /juddi-gui/serviceEditor.jsp?id=uddi:calculadoracientifica2:service_calculadoracientifica2 HTTP/1.1" 200 44796
0:0:0:0:0:0:0:1 - - [02/Jun/2016:19:48:24 -0300] "GET /juddi-gui/js/i18n.js.jsp HTTP/1.1" 200 3014
127.0.0.1 - - [02/Jun/2016:19:48:24 -0300] "POST /juddiv3/services/inquiry HTTP/1.1" 200 937
0:0:0:0:0:0:0:1 - - [02/Jun/2016:19:48:24 -0300] "GET /juddi-gui/ajax/opInfo.jsp?id=uddi:calculadoracientifica2:service_calculadoracientifica2 HTTP/1.1" 200 436
127.0.0.1 - - [02/Jun/2016:19:48:24 -0300] "POST /juddiv3/services/inquiry HTTP/1.1" 200 2136
0:0:0:0:0:0:0:1 - - [02/Jun/2016:19:48:24 -0300] "GET /juddi-gui/ajax/tmodelsearch.jsp?keyword=%25&offset=0&maxrecords=10&lang=&chooser=undefined&_=1464907704211 HTTP/1.1" 200 1919
127.0.0.1 - - [02/Jun/2016:19:48:38 -0300] "POST /juddiv3/services/inquiry HTTP/1.1" 200 2932
127.0.0.1 - - [02/Jun/2016:19:48:38 -0300] "POST /juddiv3/services/publish HTTP/1.1" 200 3096
0:0:0:0:0:0:0:1 - - [02/Jun/2016:19:48:38 -0300] "POST /juddi-gui/ajax/saveservicedetails.jsp HTTP/1.1" 200 176
0:0:0:0:0:0:0:1 - - [02/Jun/2016:21:40:07 -0300] "GET /juddi-gui/serviceBrowse.jsp HTTP/1.1" 200 21330
0:0:0:0:0:0:0:1 - - [02/Jun/2016:21:40:07 -0300] "GET /juddi-gui/js/i18n.js.jsp HTTP/1.1" 200 3014
127.0.0.1 - - [02/Jun/2016:21:40:08 -0300] "POST /juddiv3/services/inquiry HTTP/1.1" 200 4538
0:0:0:0:0:0:0:1 - - [02/Jun/2016:21:40:08 -0300] "GET /juddi-gui/ajax/servicesearch.jsp?keyword=%25&offset=%5Bobject%20HTMLSpanElement%5D&maxrecords=20&lang=&_=1464914407989 HTTP/1.1" 200 8308
127.0.0.1 - - [02/Jun/2016:21:40:17 -0300] "POST /juddiv3/services/inquiry HTTP/1.1" 200 3078
0:0:0:0:0:0:0:1 - - [02/Jun/2016:21:40:17 -0300] "GET /juddi-gui/serviceEditor.jsp?id=uddi:calculadoracientifica:service_calculadoracientifica HTTP/1.1" 200 45775
0:0:0:0:0:0:0:1 - - [02/Jun/2016:21:40:17 -0300] "GET /juddi-gui/js/i18n.js.jsp HTTP/1.1" 200 3014
127.0.0.1 - - [02/Jun/2016:21:40:17 -0300] "POST /juddiv3/services/inquiry HTTP/1.1" 200 935
0:0:0:0:0:0:0:1 - - [02/Jun/2016:21:40:17 -0300] "GET /juddi-gui/ajax/opInfo.jsp?id=uddi:calculadoracientifica:service_calculadoracientifica HTTP/1.1" 200 434
127.0.0.1 - - [02/Jun/2016:21:40:17 -0300] "POST /juddiv3/services/inquiry HTTP/1.1" 200 2136
0:0:0:0:0:0:0:1 - - [02/Jun/2016:21:40:17 -0300] "GET /juddi-gui/ajax/tmodelsearch.jsp?keyword=%25&offset=0&maxrecords=10&lang=&chooser=undefined&_=1464914417603 HTTP/1.1" 200 1919
127.0.0.1 - - [02/Jun/2016:21:40:35 -0300] "POST /juddiv3/services/inquiry HTTP/1.1" 200 2136
0:0:0:0:0:0:0:1 - - [02/Jun/2016:21:40:35 -0300] "GET /juddi-gui/ajax/tmodelsearch.jsp?keyword=%25&offset=0&maxrecords=10&lang=&chooser=true&_=1464914417604 HTTP/1.1" 200 2168
127.0.0.1 - - [02/Jun/2016:21:40:40 -0300] "POST /juddiv3/services/inquiry HTTP/1.1" 200 2199
0:0:0:0:0:0:0:1 - - [02/Jun/2016:21:40:40 -0300] "GET /juddi-gui/ajax/tmodelsearch.jsp?keyword=%25&offset=10&maxrecords=10&lang=&chooser=true&_=1464914417605 HTTP/1.1" 200 2440
127.0.0.1 - - [02/Jun/2016:21:40:40 -0300] "POST /juddiv3/services/inquiry HTTP/1.1" 200 2158
0:0:0:0:0:0:0:1 - - [02/Jun/2016:21:40:40 -0300] "GET /juddi-gui/ajax/tmodelsearch.jsp?keyword=%25&offset=20&maxrecords=10&lang=&chooser=true&_=1464914417606 HTTP/1.1" 200 2245
127.0.0.1 - - [02/Jun/2016:21:40:49 -0300] "POST /juddiv3/services/inquiry HTTP/1.1" 200 674
0:0:0:0:0:0:0:1 - - [02/Jun/2016:21:40:49 -0300] "GET /juddi-gui/ajax/tmodelsearch.jsp?keyword=%25reliability&offset=20&maxrecords=10&lang=&chooser=true&_=1464914417607 HTTP/1.1" 200 234
127.0.0.1 - - [02/Jun/2016:21:40:56 -0300] "POST /juddiv3/services/inquiry HTTP/1.1" 200 673
0:0:0:0:0:0:0:1 - - [02/Jun/2016:21:40:56 -0300] "GET /juddi-gui/ajax/tmodelsearch.jsp?keyword=%25relibility&offset=20&maxrecords=10&lang=&chooser=true&_=1464914417608 HTTP/1.1" 200 234
127.0.0.1 - - [02/Jun/2016:21:41:58 -0300] "POST /juddiv3/services/inquiry HTTP/1.1" 200 674
0:0:0:0:0:0:0:1 - - [02/Jun/2016:21:41:58 -0300] "GET /juddi-gui/ajax/tmodelsearch.jsp?keyword=%25reliability&offset=20&maxrecords=10&lang=&chooser=true&_=1464914417609 HTTP/1.1" 200 234
127.0.0.1 - - [02/Jun/2016:21:42:18 -0300] "POST /juddiv3/services/inquiry HTTP/1.1" 200 674
0:0:0:0:0:0:0:1 - - [02/Jun/2016:21:42:18 -0300] "GET /juddi-gui/ajax/tmodelsearch.jsp?keyword=%25reliability&offset=20&maxrecords=10&lang=&chooser=true&_=1464914417610 HTTP/1.1" 200 234
127.0.0.1 - - [02/Jun/2016:21:42:21 -0300] "POST /juddiv3/services/inquiry HTTP/1.1" 200 674
0:0:0:0:0:0:0:1 - - [02/Jun/2016:21:42:21 -0300] "GET /juddi-gui/ajax/tmodelsearch.jsp?keyword=%25reliability&offset=10&maxrecords=10&lang=&chooser=true&_=1464914417611 HTTP/1.1" 200 234
127.0.0.1 - - [02/Jun/2016:21:42:21 -0300] "POST /juddiv3/services/inquiry HTTP/1.1" 200 928
0:0:0:0:0:0:0:1 - - [02/Jun/2016:21:42:21 -0300] "GET /juddi-gui/ajax/tmodelsearch.jsp?keyword=%25reliability&offset=0&maxrecords=10&lang=&chooser=true&_=1464914417612 HTTP/1.1" 200 541
127.0.0.1 - - [02/Jun/2016:21:43:06 -0300] "POST /juddiv3/services/inquiry HTTP/1.1" 200 3078
127.0.0.1 - - [02/Jun/2016:21:43:06 -0300] "POST /juddiv3/services/publish HTTP/1.1" 500 782
0:0:0:0:0:0:0:1 - - [02/Jun/2016:21:43:06 -0300] "POST /juddi-gui/ajax/saveservicedetails.jsp HTTP/1.1" 406 130
127.0.0.1 - - [02/Jun/2016:21:43:13 -0300] "POST /juddiv3/services/security HTTP/1.1" 200 581
0:0:0:0:0:0:0:1 - - [02/Jun/2016:21:43:13 -0300] "POST /juddi-gui/ajax/loginpost.jsp HTTP/1.1" 200 18
0:0:0:0:0:0:0:1 - - [02/Jun/2016:21:43:13 -0300] "GET /juddi-gui/login.jsp HTTP/1.1" 200 930
127.0.0.1 - - [02/Jun/2016:21:44:01 -0300] "POST /juddiv3/services/inquiry HTTP/1.1" 200 3078
127.0.0.1 - - [02/Jun/2016:21:44:01 -0300] "POST /juddiv3/services/publish HTTP/1.1" 200 3178
0:0:0:0:0:0:0:1 - - [02/Jun/2016:21:44:01 -0300] "POST /juddi-gui/ajax/saveservicedetails.jsp HTTP/1.1" 200 172
0:0:0:0:0:0:0:1 - - [02/Jun/2016:21:44:08 -0300] "GET /juddi-gui/serviceBrowse.jsp HTTP/1.1" 200 21131
0:0:0:0:0:0:0:1 - - [02/Jun/2016:21:44:08 -0300] "GET /juddi-gui/js/i18n.js.jsp HTTP/1.1" 200 3014
127.0.0.1 - - [02/Jun/2016:21:44:08 -0300] "POST /juddiv3/services/inquiry HTTP/1.1" 200 4538
0:0:0:0:0:0:0:1 - - [02/Jun/2016:21:44:08 -0300] "GET /juddi-gui/ajax/servicesearch.jsp?keyword=%25&offset=%5Bobject%20HTMLSpanElement%5D&maxrecords=20&lang=&_=1464914648225 HTTP/1.1" 200 8308
127.0.0.1 - - [02/Jun/2016:21:44:12 -0300] "POST /juddiv3/services/inquiry HTTP/1.1" 200 3096
0:0:0:0:0:0:0:1 - - [02/Jun/2016:21:44:12 -0300] "GET /juddi-gui/serviceEditor.jsp?id=uddi:calculadoracientifica2:service_calculadoracientifica2 HTTP/1.1" 200 45605
0:0:0:0:0:0:0:1 - - [02/Jun/2016:21:44:12 -0300] "GET /juddi-gui/js/i18n.js.jsp HTTP/1.1" 200 3014
127.0.0.1 - - [02/Jun/2016:21:44:12 -0300] "POST /juddiv3/services/inquiry HTTP/1.1" 200 937
0:0:0:0:0:0:0:1 - - [02/Jun/2016:21:44:12 -0300] "GET /juddi-gui/ajax/opInfo.jsp?id=uddi:calculadoracientifica2:service_calculadoracientifica2 HTTP/1.1" 200 436
127.0.0.1 - - [02/Jun/2016:21:44:12 -0300] "POST /juddiv3/services/inquiry HTTP/1.1" 200 2136
0:0:0:0:0:0:0:1 - - [02/Jun/2016:21:44:12 -0300] "GET /juddi-gui/ajax/tmodelsearch.jsp?keyword=%25&offset=0&maxrecords=10&lang=&chooser=undefined&_=1464914652816 HTTP/1.1" 200 1919
127.0.0.1 - - [02/Jun/2016:21:44:27 -0300] "POST /juddiv3/services/inquiry HTTP/1.1" 200 2136
0:0:0:0:0:0:0:1 - - [02/Jun/2016:21:44:27 -0300] "GET /juddi-gui/ajax/tmodelsearch.jsp?keyword=%25&offset=0&maxrecords=10&lang=&chooser=true&_=1464914652817 HTTP/1.1" 200 2168
127.0.0.1 - - [02/Jun/2016:21:44:35 -0300] "POST /juddiv3/services/inquiry HTTP/1.1" 200 673
0:0:0:0:0:0:0:1 - - [02/Jun/2016:21:44:35 -0300] "GET /juddi-gui/ajax/tmodelsearch.jsp?keyword=%25relia&offset=0&maxrecords=10&lang=&chooser=true&_=1464914652818 HTTP/1.1" 200 233
127.0.0.1 - - [02/Jun/2016:21:44:42 -0300] "POST /juddiv3/services/inquiry HTTP/1.1" 200 928
0:0:0:0:0:0:0:1 - - [02/Jun/2016:21:44:42 -0300] "GET /juddi-gui/ajax/tmodelsearch.jsp?keyword=%25reliability&offset=0&maxrecords=10&lang=&chooser=true&_=1464914652819 HTTP/1.1" 200 541
127.0.0.1 - - [02/Jun/2016:21:45:21 -0300] "POST /juddiv3/services/inquiry HTTP/1.1" 200 3096
127.0.0.1 - - [02/Jun/2016:21:45:21 -0300] "POST /juddiv3/services/publish HTTP/1.1" 200 3196
0:0:0:0:0:0:0:1 - - [02/Jun/2016:21:45:21 -0300] "POST /juddi-gui/ajax/saveservicedetails.jsp HTTP/1.1" 200 176
127.0.0.1 - - [02/Jun/2016:21:48:21 -0300] "POST /juddiv3/services/inquiry HTTP/1.1" 200 3196
127.0.0.1 - - [02/Jun/2016:21:48:21 -0300] "POST /juddiv3/services/publish HTTP/1.1" 200 3196
0:0:0:0:0:0:0:1 - - [02/Jun/2016:21:48:21 -0300] "POST /juddi-gui/ajax/saveservicedetails.jsp HTTP/1.1" 200 176
0:0:0:0:0:0:0:1 - - [02/Jun/2016:21:48:42 -0300] "GET /juddi-gui/serviceBrowse.jsp HTTP/1.1" 200 21131
0:0:0:0:0:0:0:1 - - [02/Jun/2016:21:48:42 -0300] "GET /juddi-gui/js/i18n.js.jsp HTTP/1.1" 200 3014
127.0.0.1 - - [02/Jun/2016:21:48:42 -0300] "POST /juddiv3/services/inquiry HTTP/1.1" 200 4538
0:0:0:0:0:0:0:1 - - [02/Jun/2016:21:48:42 -0300] "GET /juddi-gui/ajax/servicesearch.jsp?keyword=%25&offset=%5Bobject%20HTMLSpanElement%5D&maxrecords=20&lang=&_=1464914922090 HTTP/1.1" 200 8308
127.0.0.1 - - [02/Jun/2016:21:48:50 -0300] "POST /juddiv3/services/inquiry HTTP/1.1" 200 3178
0:0:0:0:0:0:0:1 - - [02/Jun/2016:21:48:50 -0300] "GET /juddi-gui/serviceEditor.jsp?id=uddi:calculadoracientifica:service_calculadoracientifica HTTP/1.1" 200 46322
0:0:0:0:0:0:0:1 - - [02/Jun/2016:21:48:50 -0300] "GET /juddi-gui/js/i18n.js.jsp HTTP/1.1" 200 3014
127.0.0.1 - - [02/Jun/2016:21:48:50 -0300] "POST /juddiv3/services/inquiry HTTP/1.1" 200 935
0:0:0:0:0:0:0:1 - - [02/Jun/2016:21:48:50 -0300] "GET /juddi-gui/ajax/opInfo.jsp?id=uddi:calculadoracientifica:service_calculadoracientifica HTTP/1.1" 200 434
127.0.0.1 - - [02/Jun/2016:21:48:51 -0300] "POST /juddiv3/services/inquiry HTTP/1.1" 200 2136
0:0:0:0:0:0:0:1 - - [02/Jun/2016:21:48:51 -0300] "GET /juddi-gui/ajax/tmodelsearch.jsp?keyword=%25&offset=0&maxrecords=10&lang=&chooser=undefined&_=1464914930845 HTTP/1.1" 200 1919
0:0:0:0:0:0:0:1 - - [02/Jun/2016:21:49:00 -0300] "GET /juddi-gui/serviceBrowse.jsp HTTP/1.1" 200 21131
0:0:0:0:0:0:0:1 - - [02/Jun/2016:21:49:00 -0300] "GET /juddi-gui/js/i18n.js.jsp HTTP/1.1" 200 3014
127.0.0.1 - - [02/Jun/2016:21:49:01 -0300] "POST /juddiv3/services/inquiry HTTP/1.1" 200 4538
0:0:0:0:0:0:0:1 - - [02/Jun/2016:21:49:01 -0300] "GET /juddi-gui/ajax/servicesearch.jsp?keyword=%25&offset=%5Bobject%20HTMLSpanElement%5D&maxrecords=20&lang=&_=1464914940989 HTTP/1.1" 200 8308
127.0.0.1 - - [02/Jun/2016:21:49:03 -0300] "POST /juddiv3/services/inquiry HTTP/1.1" 200 3196
0:0:0:0:0:0:0:1 - - [02/Jun/2016:21:49:03 -0300] "GET /juddi-gui/serviceEditor.jsp?id=uddi:calculadoracientifica2:service_calculadoracientifica2 HTTP/1.1" 200 46351
0:0:0:0:0:0:0:1 - - [02/Jun/2016:21:49:03 -0300] "GET /juddi-gui/js/i18n.js.jsp HTTP/1.1" 200 3014
127.0.0.1 - - [02/Jun/2016:21:49:03 -0300] "POST /juddiv3/services/inquiry HTTP/1.1" 200 937
0:0:0:0:0:0:0:1 - - [02/Jun/2016:21:49:03 -0300] "GET /juddi-gui/ajax/opInfo.jsp?id=uddi:calculadoracientifica2:service_calculadoracientifica2 HTTP/1.1" 200 436
127.0.0.1 - - [02/Jun/2016:21:49:03 -0300] "POST /juddiv3/services/inquiry HTTP/1.1" 200 2136
0:0:0:0:0:0:0:1 - - [02/Jun/2016:21:49:03 -0300] "GET /juddi-gui/ajax/tmodelsearch.jsp?keyword=%25&offset=0&maxrecords=10&lang=&chooser=undefined&_=1464914943214 HTTP/1.1" 200 1919
0:0:0:0:0:0:0:1 - - [02/Jun/2016:21:49:09 -0300] "GET /juddi-gui/serviceBrowse.jsp HTTP/1.1" 200 21131
0:0:0:0:0:0:0:1 - - [02/Jun/2016:21:49:09 -0300] "GET /juddi-gui/js/i18n.js.jsp HTTP/1.1" 200 3014
127.0.0.1 - - [02/Jun/2016:21:49:09 -0300] "POST /juddiv3/services/inquiry HTTP/1.1" 200 4538
0:0:0:0:0:0:0:1 - - [02/Jun/2016:21:49:09 -0300] "GET /juddi-gui/ajax/servicesearch.jsp?keyword=%25&offset=%5Bobject%20HTMLSpanElement%5D&maxrecords=20&lang=&_=1464914949740 HTTP/1.1" 200 8308
127.0.0.1 - - [02/Jun/2016:21:49:13 -0300] "POST /juddiv3/services/inquiry HTTP/1.1" 200 2841
0:0:0:0:0:0:0:1 - - [02/Jun/2016:21:49:13 -0300] "GET /juddi-gui/serviceEditor.jsp?id=uddi:calculadoranormal:service_calculadoranormal HTTP/1.1" 200 44650
0:0:0:0:0:0:0:1 - - [02/Jun/2016:21:49:13 -0300] "GET /juddi-gui/js/i18n.js.jsp HTTP/1.1" 200 3014
127.0.0.1 - - [02/Jun/2016:21:49:13 -0300] "POST /juddiv3/services/inquiry HTTP/1.1" 200 927
0:0:0:0:0:0:0:1 - - [02/Jun/2016:21:49:13 -0300] "GET /juddi-gui/ajax/opInfo.jsp?id=uddi:calculadoranormal:service_calculadoranormal HTTP/1.1" 200 426
127.0.0.1 - - [02/Jun/2016:21:49:14 -0300] "POST /juddiv3/services/inquiry HTTP/1.1" 200 2136
0:0:0:0:0:0:0:1 - - [02/Jun/2016:21:49:14 -0300] "GET /juddi-gui/ajax/tmodelsearch.jsp?keyword=%25&offset=0&maxrecords=10&lang=&chooser=undefined&_=1464914953889 HTTP/1.1" 200 1919
127.0.0.1 - - [02/Jun/2016:21:50:05 -0300] "POST /juddiv3/services/inquiry HTTP/1.1" 200 2841
127.0.0.1 - - [02/Jun/2016:21:50:05 -0300] "POST /juddiv3/services/publish HTTP/1.1" 200 3000
0:0:0:0:0:0:0:1 - - [02/Jun/2016:21:50:05 -0300] "POST /juddi-gui/ajax/saveservicedetails.jsp HTTP/1.1" 200 156
127.0.0.1 - - [02/Jun/2016:21:50:22 -0300] "POST /juddiv3/services/inquiry HTTP/1.1" 200 2136
0:0:0:0:0:0:0:1 - - [02/Jun/2016:21:50:22 -0300] "GET /juddi-gui/ajax/tmodelsearch.jsp?keyword=%25&offset=0&maxrecords=10&lang=&chooser=true&_=1464914953890 HTTP/1.1" 200 2168
127.0.0.1 - - [02/Jun/2016:21:50:33 -0300] "POST /juddiv3/services/inquiry HTTP/1.1" 200 928
0:0:0:0:0:0:0:1 - - [02/Jun/2016:21:50:33 -0300] "GET /juddi-gui/ajax/tmodelsearch.jsp?keyword=%25reliability&offset=0&maxrecords=10&lang=&chooser=true&_=1464914953891 HTTP/1.1" 200 541
127.0.0.1 - - [02/Jun/2016:21:51:25 -0300] "POST /juddiv3/services/inquiry HTTP/1.1" 200 3000
127.0.0.1 - - [02/Jun/2016:21:51:25 -0300] "POST /juddiv3/services/publish HTTP/1.1" 200 3100
0:0:0:0:0:0:0:1 - - [02/Jun/2016:21:51:25 -0300] "POST /juddi-gui/ajax/saveservicedetails.jsp HTTP/1.1" 200 156
127.0.0.1 - - [02/Jun/2016:21:51:57 -0300] "POST /juddiv3/services/inquiry HTTP/1.1" 200 3100
127.0.0.1 - - [02/Jun/2016:21:51:57 -0300] "POST /juddiv3/services/publish HTTP/1.1" 200 3100
0:0:0:0:0:0:0:1 - - [02/Jun/2016:21:51:57 -0300] "POST /juddi-gui/ajax/saveservicedetails.jsp HTTP/1.1" 200 156
0:0:0:0:0:0:0:1 - - [02/Jun/2016:21:52:20 -0300] "GET /juddi-gui/serviceBrowse.jsp HTTP/1.1" 200 21131
0:0:0:0:0:0:0:1 - - [02/Jun/2016:21:52:20 -0300] "GET /juddi-gui/js/i18n.js.jsp HTTP/1.1" 200 3014
127.0.0.1 - - [02/Jun/2016:21:52:20 -0300] "POST /juddiv3/services/inquiry HTTP/1.1" 200 4538
0:0:0:0:0:0:0:1 - - [02/Jun/2016:21:52:20 -0300] "GET /juddi-gui/ajax/servicesearch.jsp?keyword=%25&offset=%5Bobject%20HTMLSpanElement%5D&maxrecords=20&lang=&_=1464915140699 HTTP/1.1" 200 8308
127.0.0.1 - - [02/Jun/2016:21:52:24 -0300] "POST /juddiv3/services/inquiry HTTP/1.1" 200 3024
0:0:0:0:0:0:0:1 - - [02/Jun/2016:21:52:24 -0300] "GET /juddi-gui/serviceEditor.jsp?id=uddi:calculadoranormal2:service_calculadoranormal2 HTTP/1.1" 200 45489
0:0:0:0:0:0:0:1 - - [02/Jun/2016:21:52:24 -0300] "GET /juddi-gui/js/i18n.js.jsp HTTP/1.1" 200 3014
127.0.0.1 - - [02/Jun/2016:21:52:24 -0300] "POST /juddiv3/services/inquiry HTTP/1.1" 200 929
0:0:0:0:0:0:0:1 - - [02/Jun/2016:21:52:24 -0300] "GET /juddi-gui/ajax/opInfo.jsp?id=uddi:calculadoranormal2:service_calculadoranormal2 HTTP/1.1" 200 428
127.0.0.1 - - [02/Jun/2016:21:52:24 -0300] "POST /juddiv3/services/inquiry HTTP/1.1" 200 2136
0:0:0:0:0:0:0:1 - - [02/Jun/2016:21:52:24 -0300] "GET /juddi-gui/ajax/tmodelsearch.jsp?keyword=%25&offset=0&maxrecords=10&lang=&chooser=undefined&_=1464915144600 HTTP/1.1" 200 1919
0:0:0:0:0:0:0:1 - - [02/Jun/2016:21:52:35 -0300] "GET /juddi-gui/ajax/tmodelsearch.jsp?keyword=%25&offset=0&maxrecords=10&lang=&chooser=true&_=1464915144601 HTTP/1.1" 200 2168
127.0.0.1 - - [02/Jun/2016:21:52:35 -0300] "POST /juddiv3/services/inquiry HTTP/1.1" 200 2136
127.0.0.1 - - [02/Jun/2016:21:52:38 -0300] "POST /juddiv3/services/inquiry HTTP/1.1" 200 2199
0:0:0:0:0:0:0:1 - - [02/Jun/2016:21:52:38 -0300] "GET /juddi-gui/ajax/tmodelsearch.jsp?keyword=%25&offset=10&maxrecords=10&lang=&chooser=true&_=1464915144602 HTTP/1.1" 200 2440
127.0.0.1 - - [02/Jun/2016:21:52:38 -0300] "POST /juddiv3/services/inquiry HTTP/1.1" 200 2158
0:0:0:0:0:0:0:1 - - [02/Jun/2016:21:52:38 -0300] "GET /juddi-gui/ajax/tmodelsearch.jsp?keyword=%25&offset=20&maxrecords=10&lang=&chooser=true&_=1464915144603 HTTP/1.1" 200 2245
127.0.0.1 - - [02/Jun/2016:21:52:45 -0300] "POST /juddiv3/services/inquiry HTTP/1.1" 200 674
0:0:0:0:0:0:0:1 - - [02/Jun/2016:21:52:45 -0300] "GET /juddi-gui/ajax/tmodelsearch.jsp?keyword=%25reliability&offset=20&maxrecords=10&lang=&chooser=true&_=1464915144604 HTTP/1.1" 200 234
0:0:0:0:0:0:0:1 - - [02/Jun/2016:21:52:51 -0300] "GET /juddi-gui/ajax/tmodelsearch.jsp?keyword=%25relia&offset=20&maxrecords=10&lang=&chooser=true&_=1464915144605 HTTP/1.1" 200 234
127.0.0.1 - - [02/Jun/2016:21:52:51 -0300] "POST /juddiv3/services/inquiry HTTP/1.1" 200 673
127.0.0.1 - - [02/Jun/2016:21:52:52 -0300] "POST /juddiv3/services/inquiry HTTP/1.1" 200 673
0:0:0:0:0:0:0:1 - - [02/Jun/2016:21:52:52 -0300] "GET /juddi-gui/ajax/tmodelsearch.jsp?keyword=%25relia&offset=20&maxrecords=10&lang=&chooser=true&_=1464915144606 HTTP/1.1" 200 234
127.0.0.1 - - [02/Jun/2016:21:53:03 -0300] "POST /juddiv3/services/inquiry HTTP/1.1" 200 673
0:0:0:0:0:0:0:1 - - [02/Jun/2016:21:53:03 -0300] "GET /juddi-gui/ajax/tmodelsearch.jsp?keyword=%25Relia&offset=20&maxrecords=10&lang=&chooser=true&_=1464915144607 HTTP/1.1" 200 234
127.0.0.1 - - [02/Jun/2016:21:53:04 -0300] "POST /juddiv3/services/inquiry HTTP/1.1" 200 673
0:0:0:0:0:0:0:1 - - [02/Jun/2016:21:53:04 -0300] "GET /juddi-gui/ajax/tmodelsearch.jsp?keyword=%25Relia&offset=20&maxrecords=10&lang=&chooser=true&_=1464915144608 HTTP/1.1" 200 234
127.0.0.1 - - [02/Jun/2016:21:53:04 -0300] "POST /juddiv3/services/inquiry HTTP/1.1" 200 673
0:0:0:0:0:0:0:1 - - [02/Jun/2016:21:53:04 -0300] "GET /juddi-gui/ajax/tmodelsearch.jsp?keyword=%25Relia&offset=20&maxrecords=10&lang=&chooser=true&_=1464915144609 HTTP/1.1" 200 234
127.0.0.1 - - [02/Jun/2016:21:53:12 -0300] "POST /juddiv3/services/inquiry HTTP/1.1" 200 673
0:0:0:0:0:0:0:1 - - [02/Jun/2016:21:53:12 -0300] "GET /juddi-gui/ajax/tmodelsearch.jsp?keyword=%25%20Reliability&offset=20&maxrecords=10&lang=&chooser=true&_=1464915144610 HTTP/1.1" 200 234
127.0.0.1 - - [02/Jun/2016:21:53:13 -0300] "POST /juddiv3/services/inquiry HTTP/1.1" 200 673
0:0:0:0:0:0:0:1 - - [02/Jun/2016:21:53:13 -0300] "GET /juddi-gui/ajax/tmodelsearch.jsp?keyword=%25%20Reliability&offset=20&maxrecords=10&lang=&chooser=true&_=1464915144611 HTTP/1.1" 200 234
127.0.0.1 - - [02/Jun/2016:21:53:17 -0300] "POST /juddiv3/services/inquiry HTTP/1.1" 200 674
0:0:0:0:0:0:0:1 - - [02/Jun/2016:21:53:17 -0300] "GET /juddi-gui/ajax/tmodelsearch.jsp?keyword=%25Reliability&offset=20&maxrecords=10&lang=&chooser=true&_=1464915144612 HTTP/1.1" 200 234
127.0.0.1 - - [02/Jun/2016:21:53:18 -0300] "POST /juddiv3/services/inquiry HTTP/1.1" 200 674
0:0:0:0:0:0:0:1 - - [02/Jun/2016:21:53:18 -0300] "GET /juddi-gui/ajax/tmodelsearch.jsp?keyword=%25Reliability&offset=20&maxrecords=10&lang=&chooser=true&_=1464915144613 HTTP/1.1" 200 234
127.0.0.1 - - [02/Jun/2016:21:53:22 -0300] "POST /juddiv3/services/inquiry HTTP/1.1" 200 674
0:0:0:0:0:0:0:1 - - [02/Jun/2016:21:53:22 -0300] "GET /juddi-gui/ajax/tmodelsearch.jsp?keyword=%25Reliability&offset=20&maxrecords=10&lang=&chooser=true&_=1464915144614 HTTP/1.1" 200 234
127.0.0.1 - - [02/Jun/2016:21:53:25 -0300] "POST /juddiv3/services/inquiry HTTP/1.1" 200 674
0:0:0:0:0:0:0:1 - - [02/Jun/2016:21:53:25 -0300] "GET /juddi-gui/ajax/tmodelsearch.jsp?keyword=%25Reliability&offset=20&maxrecords=10&lang=&chooser=true&_=1464915144615 HTTP/1.1" 200 234
127.0.0.1 - - [02/Jun/2016:21:53:30 -0300] "POST /juddiv3/services/inquiry HTTP/1.1" 200 673
0:0:0:0:0:0:0:1 - - [02/Jun/2016:21:53:30 -0300] "GET /juddi-gui/ajax/tmodelsearch.jsp?keyword=%25relia&offset=20&maxrecords=10&lang=&chooser=true&_=1464915144616 HTTP/1.1" 200 234
127.0.0.1 - - [02/Jun/2016:21:53:31 -0300] "POST /juddiv3/services/inquiry HTTP/1.1" 200 673
0:0:0:0:0:0:0:1 - - [02/Jun/2016:21:53:31 -0300] "GET /juddi-gui/ajax/tmodelsearch.jsp?keyword=%25relia&offset=20&maxrecords=10&lang=&chooser=true&_=1464915144617 HTTP/1.1" 200 234
127.0.0.1 - - [02/Jun/2016:21:53:39 -0300] "POST /juddiv3/services/inquiry HTTP/1.1" 200 673
0:0:0:0:0:0:0:1 - - [02/Jun/2016:21:53:39 -0300] "GET /juddi-gui/ajax/tmodelsearch.jsp?keyword=%25relia&offset=20&maxrecords=10&lang=&chooser=true&_=1464915144618 HTTP/1.1" 200 234
127.0.0.1 - - [02/Jun/2016:21:53:48 -0300] "POST /juddiv3/services/inquiry HTTP/1.1" 200 674
0:0:0:0:0:0:0:1 - - [02/Jun/2016:21:53:48 -0300] "GET /juddi-gui/ajax/tmodelsearch.jsp?keyword=%25reliability&offset=20&maxrecords=10&lang=&chooser=true&_=1464915144619 HTTP/1.1" 200 234
127.0.0.1 - - [02/Jun/2016:21:53:49 -0300] "POST /juddiv3/services/inquiry HTTP/1.1" 200 674
0:0:0:0:0:0:0:1 - - [02/Jun/2016:21:53:49 -0300] "GET /juddi-gui/ajax/tmodelsearch.jsp?keyword=%25reliability&offset=20&maxrecords=10&lang=&chooser=true&_=1464915144620 HTTP/1.1" 200 234
0:0:0:0:0:0:0:1 - - [02/Jun/2016:21:53:57 -0300] "GET /juddi-gui/serviceBrowse.jsp HTTP/1.1" 200 21131
0:0:0:0:0:0:0:1 - - [02/Jun/2016:21:53:57 -0300] "GET /juddi-gui/js/i18n.js.jsp HTTP/1.1" 200 3014
127.0.0.1 - - [02/Jun/2016:21:53:57 -0300] "POST /juddiv3/services/inquiry HTTP/1.1" 200 4538
0:0:0:0:0:0:0:1 - - [02/Jun/2016:21:53:57 -0300] "GET /juddi-gui/ajax/servicesearch.jsp?keyword=%25&offset=%5Bobject%20HTMLSpanElement%5D&maxrecords=20&lang=&_=1464915237058 HTTP/1.1" 200 8308
127.0.0.1 - - [02/Jun/2016:21:54:00 -0300] "POST /juddiv3/services/inquiry HTTP/1.1" 200 3024
0:0:0:0:0:0:0:1 - - [02/Jun/2016:21:54:00 -0300] "GET /juddi-gui/serviceEditor.jsp?id=uddi:calculadoranormal2:service_calculadoranormal2 HTTP/1.1" 200 45489
0:0:0:0:0:0:0:1 - - [02/Jun/2016:21:54:00 -0300] "GET /juddi-gui/js/i18n.js.jsp HTTP/1.1" 200 3014
127.0.0.1 - - [02/Jun/2016:21:54:00 -0300] "POST /juddiv3/services/inquiry HTTP/1.1" 200 929
0:0:0:0:0:0:0:1 - - [02/Jun/2016:21:54:00 -0300] "GET /juddi-gui/ajax/opInfo.jsp?id=uddi:calculadoranormal2:service_calculadoranormal2 HTTP/1.1" 200 428
127.0.0.1 - - [02/Jun/2016:21:54:00 -0300] "POST /juddiv3/services/inquiry HTTP/1.1" 200 2136
0:0:0:0:0:0:0:1 - - [02/Jun/2016:21:54:00 -0300] "GET /juddi-gui/ajax/tmodelsearch.jsp?keyword=%25&offset=0&maxrecords=10&lang=&chooser=undefined&_=1464915240532 HTTP/1.1" 200 1919
127.0.0.1 - - [02/Jun/2016:21:54:18 -0300] "POST /juddiv3/services/inquiry HTTP/1.1" 200 2136
0:0:0:0:0:0:0:1 - - [02/Jun/2016:21:54:18 -0300] "GET /juddi-gui/ajax/tmodelsearch.jsp?keyword=%25&offset=0&maxrecords=10&lang=&chooser=true&_=1464915240533 HTTP/1.1" 200 2168
127.0.0.1 - - [02/Jun/2016:21:54:25 -0300] "POST /juddiv3/services/inquiry HTTP/1.1" 200 673
0:0:0:0:0:0:0:1 - - [02/Jun/2016:21:54:25 -0300] "GET /juddi-gui/ajax/tmodelsearch.jsp?keyword=%25relia&offset=0&maxrecords=10&lang=&chooser=true&_=1464915240534 HTTP/1.1" 200 233
127.0.0.1 - - [02/Jun/2016:21:54:35 -0300] "POST /juddiv3/services/inquiry HTTP/1.1" 200 673
0:0:0:0:0:0:0:1 - - [02/Jun/2016:21:54:35 -0300] "GET /juddi-gui/ajax/tmodelsearch.jsp?keyword=%25%20reliab&offset=0&maxrecords=10&lang=&chooser=true&_=1464915240535 HTTP/1.1" 200 233
127.0.0.1 - - [02/Jun/2016:21:54:35 -0300] "POST /juddiv3/services/inquiry HTTP/1.1" 200 673
0:0:0:0:0:0:0:1 - - [02/Jun/2016:21:54:35 -0300] "GET /juddi-gui/ajax/tmodelsearch.jsp?keyword=%25%20reliab&offset=0&maxrecords=10&lang=&chooser=true&_=1464915240536 HTTP/1.1" 200 233
127.0.0.1 - - [02/Jun/2016:21:54:35 -0300] "POST /juddiv3/services/inquiry HTTP/1.1" 200 673
0:0:0:0:0:0:0:1 - - [02/Jun/2016:21:54:35 -0300] "GET /juddi-gui/ajax/tmodelsearch.jsp?keyword=%25%20reliab&offset=0&maxrecords=10&lang=&chooser=true&_=1464915240537 HTTP/1.1" 200 233
127.0.0.1 - - [02/Jun/2016:21:54:36 -0300] "POST /juddiv3/services/inquiry HTTP/1.1" 200 673
0:0:0:0:0:0:0:1 - - [02/Jun/2016:21:54:36 -0300] "GET /juddi-gui/ajax/tmodelsearch.jsp?keyword=%25%20reliab&offset=0&maxrecords=10&lang=&chooser=true&_=1464915240538 HTTP/1.1" 200 233
127.0.0.1 - - [02/Jun/2016:21:54:36 -0300] "POST /juddiv3/services/inquiry HTTP/1.1" 200 673
0:0:0:0:0:0:0:1 - - [02/Jun/2016:21:54:36 -0300] "GET /juddi-gui/ajax/tmodelsearch.jsp?keyword=%25%20reliab&offset=0&maxrecords=10&lang=&chooser=true&_=1464915240539 HTTP/1.1" 200 233
127.0.0.1 - - [02/Jun/2016:21:54:40 -0300] "POST /juddiv3/services/security HTTP/1.1" 200 98
0:0:0:0:0:0:0:1 - - [02/Jun/2016:21:54:40 -0300] "GET /juddi-gui/logout.jsp HTTP/1.1" 200 4
0:0:0:0:0:0:0:1 - - [02/Jun/2016:21:54:40 -0300] "GET /juddi-gui/index.jsp HTTP/1.1" 302 -
0:0:0:0:0:0:0:1 - - [02/Jun/2016:21:54:40 -0300] "GET /juddi-gui/home.jsp HTTP/1.1" 200 20657
0:0:0:0:0:0:0:1 - - [02/Jun/2016:21:54:40 -0300] "GET /juddi-gui/js/i18n.js.jsp HTTP/1.1" 200 3014
127.0.0.1 - - [02/Jun/2016:21:54:42 -0300] "POST /juddiv3/services/security HTTP/1.1" 200 581
0:0:0:0:0:0:0:1 - - [02/Jun/2016:21:54:42 -0300] "POST /juddi-gui/ajax/loginpost.jsp HTTP/1.1" 200 18
0:0:0:0:0:0:0:1 - - [02/Jun/2016:21:54:42 -0300] "GET /juddi-gui/login.jsp HTTP/1.1" 200 930
0:0:0:0:0:0:0:1 - - [02/Jun/2016:21:54:45 -0300] "GET /juddi-gui/serviceBrowse.jsp HTTP/1.1" 200 21131
0:0:0:0:0:0:0:1 - - [02/Jun/2016:21:54:45 -0300] "GET /juddi-gui/js/i18n.js.jsp HTTP/1.1" 200 3014
127.0.0.1 - - [02/Jun/2016:21:54:45 -0300] "POST /juddiv3/services/inquiry HTTP/1.1" 200 4538
0:0:0:0:0:0:0:1 - - [02/Jun/2016:21:54:45 -0300] "GET /juddi-gui/ajax/servicesearch.jsp?keyword=%25&offset=%5Bobject%20HTMLSpanElement%5D&maxrecords=20&lang=&_=1464915285828 HTTP/1.1" 200 8308
127.0.0.1 - - [02/Jun/2016:21:54:48 -0300] "POST /juddiv3/services/inquiry HTTP/1.1" 200 3024
0:0:0:0:0:0:0:1 - - [02/Jun/2016:21:54:48 -0300] "GET /juddi-gui/serviceEditor.jsp?id=uddi:calculadoranormal2:service_calculadoranormal2 HTTP/1.1" 200 45489
0:0:0:0:0:0:0:1 - - [02/Jun/2016:21:54:49 -0300] "GET /juddi-gui/js/i18n.js.jsp HTTP/1.1" 200 3014
127.0.0.1 - - [02/Jun/2016:21:54:49 -0300] "POST /juddiv3/services/inquiry HTTP/1.1" 200 929
0:0:0:0:0:0:0:1 - - [02/Jun/2016:21:54:49 -0300] "GET /juddi-gui/ajax/opInfo.jsp?id=uddi:calculadoranormal2:service_calculadoranormal2 HTTP/1.1" 200 428
127.0.0.1 - - [02/Jun/2016:21:54:49 -0300] "POST /juddiv3/services/inquiry HTTP/1.1" 200 2136
0:0:0:0:0:0:0:1 - - [02/Jun/2016:21:54:49 -0300] "GET /juddi-gui/ajax/tmodelsearch.jsp?keyword=%25&offset=0&maxrecords=10&lang=&chooser=undefined&_=1464915289032 HTTP/1.1" 200 1919
127.0.0.1 - - [02/Jun/2016:21:54:58 -0300] "POST /juddiv3/services/inquiry HTTP/1.1" 200 2136
0:0:0:0:0:0:0:1 - - [02/Jun/2016:21:54:58 -0300] "GET /juddi-gui/ajax/tmodelsearch.jsp?keyword=%25&offset=0&maxrecords=10&lang=&chooser=true&_=1464915289033 HTTP/1.1" 200 2168
127.0.0.1 - - [02/Jun/2016:21:55:08 -0300] "POST /juddiv3/services/inquiry HTTP/1.1" 200 928
0:0:0:0:0:0:0:1 - - [02/Jun/2016:21:55:08 -0300] "GET /juddi-gui/ajax/tmodelsearch.jsp?keyword=%25reliability&offset=0&maxrecords=10&lang=&chooser=true&_=1464915289034 HTTP/1.1" 200 541
127.0.0.1 - - [02/Jun/2016:21:55:49 -0300] "POST /juddiv3/services/inquiry HTTP/1.1" 200 3024
127.0.0.1 - - [02/Jun/2016:21:55:50 -0300] "POST /juddiv3/services/publish HTTP/1.1" 200 3124
0:0:0:0:0:0:0:1 - - [02/Jun/2016:21:55:50 -0300] "POST /juddi-gui/ajax/saveservicedetails.jsp HTTP/1.1" 200 160
0:0:0:0:0:0:0:1 - - [02/Jun/2016:23:48:36 -0300] "GET /juddi-gui/logout.jsp HTTP/1.1" 200 4
0:0:0:0:0:0:0:1 - - [02/Jun/2016:23:48:36 -0300] "GET /juddi-gui/index.jsp HTTP/1.1" 302 -
0:0:0:0:0:0:0:1 - - [02/Jun/2016:23:48:36 -0300] "GET /juddi-gui/home.jsp HTTP/1.1" 200 20657
0:0:0:0:0:0:0:1 - - [02/Jun/2016:23:48:36 -0300] "GET /juddi-gui/js/i18n.js.jsp HTTP/1.1" 200 3014
