0:0:0:0:0:0:0:1 - - [14/May/2016:16:40:25 -0300] "GET /juddi-gui/importFromWsdl.jsp HTTP/1.1" 200 39960
0:0:0:0:0:0:0:1 - - [14/May/2016:16:40:25 -0300] "GET /juddi-gui/js/i18n.js.jsp HTTP/1.1" 200 3014
127.0.0.1 - - [14/May/2016:16:40:26 -0300] "POST /juddiv3/services/inquiry HTTP/1.1" 200 5202
0:0:0:0:0:0:0:1 - - [14/May/2016:16:40:26 -0300] "GET /juddi-gui/ajax/businesssearch.jsp?keyword=%25&offset=0&maxrecords=10&lang=&chooser=true&_=1463254825966 HTTP/1.1" 200 4974
127.0.0.1 - - [14/May/2016:16:41:12 -0300] "POST /juddiv3/services/inquiry HTTP/1.1" 500 800
0:0:0:0:0:0:0:1 - - [14/May/2016:16:41:12 -0300] "POST /juddi-gui/ajax/importFromWsdl.jsp HTTP/1.1" 200 681
127.0.0.1 - - [14/May/2016:16:41:15 -0300] "POST /juddiv3/services/inquiry HTTP/1.1" 500 800
127.0.0.1 - - [14/May/2016:16:41:15 -0300] "POST /juddiv3/services/publish HTTP/1.1" 200 916
127.0.0.1 - - [14/May/2016:16:41:15 -0300] "POST /juddiv3/services/publish HTTP/1.1" 200 1626
127.0.0.1 - - [14/May/2016:16:41:15 -0300] "POST /juddiv3/services/publish HTTP/1.1" 200 1057
127.0.0.1 - - [14/May/2016:16:41:15 -0300] "POST /juddiv3/services/inquiry HTTP/1.1" 500 784
127.0.0.1 - - [14/May/2016:16:41:15 -0300] "POST /juddiv3/services/publish HTTP/1.1" 200 2879
0:0:0:0:0:0:0:1 - - [14/May/2016:16:41:15 -0300] "POST /juddi-gui/ajax/importFromWsdl.jsp HTTP/1.1" 200 1276
0:0:0:0:0:0:0:1 - - [14/May/2016:16:41:19 -0300] "GET /juddi-gui/serviceBrowse.jsp HTTP/1.1" 200 21131
0:0:0:0:0:0:0:1 - - [14/May/2016:16:41:19 -0300] "GET /juddi-gui/js/i18n.js.jsp HTTP/1.1" 200 3014
127.0.0.1 - - [14/May/2016:16:41:19 -0300] "POST /juddiv3/services/inquiry HTTP/1.1" 200 4290
0:0:0:0:0:0:0:1 - - [14/May/2016:16:41:19 -0300] "GET /juddi-gui/ajax/servicesearch.jsp?keyword=%25&offset=%5Bobject%20HTMLSpanElement%5D&maxrecords=20&lang=&_=1463254879546 HTTP/1.1" 200 7685
127.0.0.1 - - [14/May/2016:16:41:27 -0300] "POST /juddiv3/services/inquiry HTTP/1.1" 200 2701
0:0:0:0:0:0:0:1 - - [14/May/2016:16:41:27 -0300] "GET /juddi-gui/serviceEditor.jsp?id=uddi:payment:service_pagamento HTTP/1.1" 200 44403
0:0:0:0:0:0:0:1 - - [14/May/2016:16:41:27 -0300] "GET /juddi-gui/js/i18n.js.jsp HTTP/1.1" 200 3014
127.0.0.1 - - [14/May/2016:16:41:28 -0300] "POST /juddiv3/services/inquiry HTTP/1.1" 200 909
0:0:0:0:0:0:0:1 - - [14/May/2016:16:41:28 -0300] "GET /juddi-gui/ajax/opInfo.jsp?id=uddi:payment:service_pagamento HTTP/1.1" 200 408
127.0.0.1 - - [14/May/2016:16:41:28 -0300] "POST /juddiv3/services/inquiry HTTP/1.1" 200 2136
0:0:0:0:0:0:0:1 - - [14/May/2016:16:41:28 -0300] "GET /juddi-gui/ajax/tmodelsearch.jsp?keyword=%25&offset=0&maxrecords=10&lang=&chooser=undefined&_=1463254887999 HTTP/1.1" 200 1919
127.0.0.1 - - [14/May/2016:16:41:41 -0300] "POST /juddiv3/services/inquiry HTTP/1.1" 200 2701
127.0.0.1 - - [14/May/2016:16:41:42 -0300] "POST /juddiv3/services/publish HTTP/1.1" 200 2863
0:0:0:0:0:0:0:1 - - [14/May/2016:16:41:42 -0300] "POST /juddi-gui/ajax/saveservicedetails.jsp HTTP/1.1" 200 120
127.0.0.1 - - [14/May/2016:16:42:12 -0300] "POST /juddiv3/services/inquiry HTTP/1.1" 200 2863
127.0.0.1 - - [14/May/2016:16:42:12 -0300] "POST /juddiv3/services/publish HTTP/1.1" 200 2863
0:0:0:0:0:0:0:1 - - [14/May/2016:16:42:12 -0300] "POST /juddi-gui/ajax/saveservicedetails.jsp HTTP/1.1" 200 120
0:0:0:0:0:0:0:1 - - [14/May/2016:16:42:31 -0300] "GET /juddi-gui/importFromWsdl.jsp HTTP/1.1" 200 39960
0:0:0:0:0:0:0:1 - - [14/May/2016:16:42:31 -0300] "GET /juddi-gui/js/i18n.js.jsp HTTP/1.1" 200 3014
127.0.0.1 - - [14/May/2016:16:42:31 -0300] "POST /juddiv3/services/inquiry HTTP/1.1" 200 5388
0:0:0:0:0:0:0:1 - - [14/May/2016:16:42:31 -0300] "GET /juddi-gui/ajax/businesssearch.jsp?keyword=%25&offset=0&maxrecords=10&lang=&chooser=true&_=1463254951279 HTTP/1.1" 200 4915
127.0.0.1 - - [14/May/2016:16:42:46 -0300] "POST /juddiv3/services/inquiry HTTP/1.1" 500 801
0:0:0:0:0:0:0:1 - - [14/May/2016:16:42:46 -0300] "POST /juddi-gui/ajax/importFromWsdl.jsp HTTP/1.1" 200 667
127.0.0.1 - - [14/May/2016:16:42:50 -0300] "POST /juddiv3/services/inquiry HTTP/1.1" 500 801
127.0.0.1 - - [14/May/2016:16:42:50 -0300] "POST /juddiv3/services/publish HTTP/1.1" 200 918
127.0.0.1 - - [14/May/2016:16:42:50 -0300] "POST /juddiv3/services/publish HTTP/1.1" 200 1618
127.0.0.1 - - [14/May/2016:16:42:50 -0300] "POST /juddiv3/services/publish HTTP/1.1" 200 1050
127.0.0.1 - - [14/May/2016:16:42:50 -0300] "POST /juddiv3/services/inquiry HTTP/1.1" 500 784
127.0.0.1 - - [14/May/2016:16:42:50 -0300] "POST /juddiv3/services/publish HTTP/1.1" 200 2864
0:0:0:0:0:0:0:1 - - [14/May/2016:16:42:50 -0300] "POST /juddi-gui/ajax/importFromWsdl.jsp HTTP/1.1" 200 1259
0:0:0:0:0:0:0:1 - - [14/May/2016:16:43:03 -0300] "GET /juddi-gui/serviceBrowse.jsp HTTP/1.1" 200 21131
0:0:0:0:0:0:0:1 - - [14/May/2016:16:43:03 -0300] "GET /juddi-gui/js/i18n.js.jsp HTTP/1.1" 200 3014
127.0.0.1 - - [14/May/2016:16:43:03 -0300] "POST /juddiv3/services/inquiry HTTP/1.1" 200 4457
0:0:0:0:0:0:0:1 - - [14/May/2016:16:43:03 -0300] "GET /juddi-gui/ajax/servicesearch.jsp?keyword=%25&offset=%5Bobject%20HTMLSpanElement%5D&maxrecords=20&lang=&_=1463254983061 HTTP/1.1" 200 8035
127.0.0.1 - - [14/May/2016:16:43:19 -0300] "POST /juddiv3/services/inquiry HTTP/1.1" 200 2863
0:0:0:0:0:0:0:1 - - [14/May/2016:16:43:19 -0300] "GET /juddi-gui/serviceEditor.jsp?id=uddi:payment:service_pagamento HTTP/1.1" 200 45210
0:0:0:0:0:0:0:1 - - [14/May/2016:16:43:19 -0300] "GET /juddi-gui/js/i18n.js.jsp HTTP/1.1" 200 3014
127.0.0.1 - - [14/May/2016:16:43:19 -0300] "POST /juddiv3/services/inquiry HTTP/1.1" 200 909
0:0:0:0:0:0:0:1 - - [14/May/2016:16:43:19 -0300] "GET /juddi-gui/ajax/opInfo.jsp?id=uddi:payment:service_pagamento HTTP/1.1" 200 408
127.0.0.1 - - [14/May/2016:16:43:19 -0300] "POST /juddiv3/services/inquiry HTTP/1.1" 200 2136
0:0:0:0:0:0:0:1 - - [14/May/2016:16:43:19 -0300] "GET /juddi-gui/ajax/tmodelsearch.jsp?keyword=%25&offset=0&maxrecords=10&lang=&chooser=undefined&_=1463254999362 HTTP/1.1" 200 1919
0:0:0:0:0:0:0:1 - - [14/May/2016:16:43:33 -0300] "GET /juddi-gui/serviceBrowse.jsp HTTP/1.1" 200 21131
0:0:0:0:0:0:0:1 - - [14/May/2016:16:43:33 -0300] "GET /juddi-gui/js/i18n.js.jsp HTTP/1.1" 200 3014
127.0.0.1 - - [14/May/2016:16:43:33 -0300] "POST /juddiv3/services/inquiry HTTP/1.1" 200 4457
0:0:0:0:0:0:0:1 - - [14/May/2016:16:43:33 -0300] "GET /juddi-gui/ajax/servicesearch.jsp?keyword=%25&offset=%5Bobject%20HTMLSpanElement%5D&maxrecords=20&lang=&_=1463255013554 HTTP/1.1" 200 8035
127.0.0.1 - - [14/May/2016:16:43:38 -0300] "POST /juddiv3/services/inquiry HTTP/1.1" 200 2863
0:0:0:0:0:0:0:1 - - [14/May/2016:16:43:38 -0300] "GET /juddi-gui/serviceEditor.jsp?id=uddi:payment:service_pagamento HTTP/1.1" 200 45210
0:0:0:0:0:0:0:1 - - [14/May/2016:16:43:38 -0300] "GET /juddi-gui/js/i18n.js.jsp HTTP/1.1" 200 3014
127.0.0.1 - - [14/May/2016:16:43:38 -0300] "POST /juddiv3/services/inquiry HTTP/1.1" 200 909
0:0:0:0:0:0:0:1 - - [14/May/2016:16:43:38 -0300] "GET /juddi-gui/ajax/opInfo.jsp?id=uddi:payment:service_pagamento HTTP/1.1" 200 408
127.0.0.1 - - [14/May/2016:16:43:38 -0300] "POST /juddiv3/services/inquiry HTTP/1.1" 200 2136
0:0:0:0:0:0:0:1 - - [14/May/2016:16:43:38 -0300] "GET /juddi-gui/ajax/tmodelsearch.jsp?keyword=%25&offset=0&maxrecords=10&lang=&chooser=undefined&_=1463255018555 HTTP/1.1" 200 1919
127.0.0.1 - - [14/May/2016:16:43:59 -0300] "POST /juddiv3/services/inquiry HTTP/1.1" 200 2863
0:0:0:0:0:0:0:1 - - [14/May/2016:16:43:59 -0300] "POST /juddi-gui/ajax/saveservicedetails.jsp HTTP/1.1" 200 120
127.0.0.1 - - [14/May/2016:16:43:59 -0300] "POST /juddiv3/services/publish HTTP/1.1" 200 2863
0:0:0:0:0:0:0:1 - - [14/May/2016:16:44:07 -0300] "GET /juddi-gui/serviceBrowse.jsp HTTP/1.1" 200 21131
0:0:0:0:0:0:0:1 - - [14/May/2016:16:44:07 -0300] "GET /juddi-gui/js/i18n.js.jsp HTTP/1.1" 200 3014
127.0.0.1 - - [14/May/2016:16:44:07 -0300] "POST /juddiv3/services/inquiry HTTP/1.1" 200 4457
0:0:0:0:0:0:0:1 - - [14/May/2016:16:44:07 -0300] "GET /juddi-gui/ajax/servicesearch.jsp?keyword=%25&offset=%5Bobject%20HTMLSpanElement%5D&maxrecords=20&lang=&_=1463255047573 HTTP/1.1" 200 8035
0:0:0:0:0:0:0:1 - - [14/May/2016:18:07:40 -0300] "GET /juddi-gui/importFromWsdl.jsp HTTP/1.1" 200 40159
0:0:0:0:0:0:0:1 - - [14/May/2016:18:07:40 -0300] "GET /juddi-gui/js/i18n.js.jsp HTTP/1.1" 200 3014
127.0.0.1 - - [14/May/2016:18:07:41 -0300] "POST /juddiv3/services/inquiry HTTP/1.1" 200 5583
0:0:0:0:0:0:0:1 - - [14/May/2016:18:07:41 -0300] "GET /juddi-gui/ajax/businesssearch.jsp?keyword=%25&offset=0&maxrecords=10&lang=&chooser=true&_=1463260060846 HTTP/1.1" 200 4891
127.0.0.1 - - [14/May/2016:18:07:44 -0300] "POST /juddiv3/services/security HTTP/1.1" 200 581
0:0:0:0:0:0:0:1 - - [14/May/2016:18:07:44 -0300] "POST /juddi-gui/ajax/loginpost.jsp HTTP/1.1" 200 18
0:0:0:0:0:0:0:1 - - [14/May/2016:18:07:44 -0300] "GET /juddi-gui/login.jsp HTTP/1.1" 200 930
0:0:0:0:0:0:0:1 - - [14/May/2016:22:28:28 -0300] "GET /juddi-gui/serviceBrowse.jsp HTTP/1.1" 200 21330
0:0:0:0:0:0:0:1 - - [14/May/2016:22:28:28 -0300] "GET /juddi-gui/js/i18n.js.jsp HTTP/1.1" 200 3014
127.0.0.1 - - [14/May/2016:22:28:28 -0300] "POST /juddiv3/services/inquiry HTTP/1.1" 200 4457
0:0:0:0:0:0:0:1 - - [14/May/2016:22:28:28 -0300] "GET /juddi-gui/ajax/servicesearch.jsp?keyword=%25&offset=%5Bobject%20HTMLSpanElement%5D&maxrecords=20&lang=&_=1463275708193 HTTP/1.1" 200 8035
127.0.0.1 - - [14/May/2016:22:28:34 -0300] "POST /juddiv3/services/security HTTP/1.1" 200 581
0:0:0:0:0:0:0:1 - - [14/May/2016:22:28:34 -0300] "POST /juddi-gui/ajax/loginpost.jsp HTTP/1.1" 200 18
0:0:0:0:0:0:0:1 - - [14/May/2016:22:28:34 -0300] "GET /juddi-gui/login.jsp HTTP/1.1" 200 930
127.0.0.1 - - [14/May/2016:22:28:35 -0300] "POST /juddiv3/services/security HTTP/1.1" 200 98
0:0:0:0:0:0:0:1 - - [14/May/2016:22:28:35 -0300] "GET /juddi-gui/logout.jsp HTTP/1.1" 200 4
0:0:0:0:0:0:0:1 - - [14/May/2016:22:28:35 -0300] "GET /juddi-gui/index.jsp HTTP/1.1" 302 -
0:0:0:0:0:0:0:1 - - [14/May/2016:22:28:35 -0300] "GET /juddi-gui/home.jsp HTTP/1.1" 200 20657
0:0:0:0:0:0:0:1 - - [14/May/2016:22:28:35 -0300] "GET /juddi-gui/js/i18n.js.jsp HTTP/1.1" 200 3014
127.0.0.1 - - [14/May/2016:22:28:36 -0300] "POST /juddiv3/services/security HTTP/1.1" 200 581
0:0:0:0:0:0:0:1 - - [14/May/2016:22:28:36 -0300] "POST /juddi-gui/ajax/loginpost.jsp HTTP/1.1" 200 18
0:0:0:0:0:0:0:1 - - [14/May/2016:22:28:36 -0300] "GET /juddi-gui/login.jsp HTTP/1.1" 200 930
0:0:0:0:0:0:0:1 - - [14/May/2016:22:28:40 -0300] "GET /juddi-gui/serviceBrowse.jsp HTTP/1.1" 200 21131
0:0:0:0:0:0:0:1 - - [14/May/2016:22:28:40 -0300] "GET /juddi-gui/js/i18n.js.jsp HTTP/1.1" 200 3014
127.0.0.1 - - [14/May/2016:22:28:40 -0300] "POST /juddiv3/services/inquiry HTTP/1.1" 200 4457
0:0:0:0:0:0:0:1 - - [14/May/2016:22:28:40 -0300] "GET /juddi-gui/ajax/servicesearch.jsp?keyword=%25&offset=%5Bobject%20HTMLSpanElement%5D&maxrecords=20&lang=&_=1463275720066 HTTP/1.1" 200 8035
0:0:0:0:0:0:0:1 - - [14/May/2016:22:29:14 -0300] "GET /juddi-gui/importFromWsdl.jsp HTTP/1.1" 200 39960
0:0:0:0:0:0:0:1 - - [14/May/2016:22:29:14 -0300] "GET /juddi-gui/js/i18n.js.jsp HTTP/1.1" 200 3014
127.0.0.1 - - [14/May/2016:22:29:14 -0300] "POST /juddiv3/services/inquiry HTTP/1.1" 200 5583
0:0:0:0:0:0:0:1 - - [14/May/2016:22:29:14 -0300] "GET /juddi-gui/ajax/businesssearch.jsp?keyword=%25&offset=0&maxrecords=10&lang=&chooser=true&_=1463275754596 HTTP/1.1" 200 4891
127.0.0.1 - - [14/May/2016:22:29:44 -0300] "POST /juddiv3/services/inquiry HTTP/1.1" 500 801
0:0:0:0:0:0:0:1 - - [14/May/2016:22:29:44 -0300] "POST /juddi-gui/ajax/importFromWsdl.jsp HTTP/1.1" 200 766
127.0.0.1 - - [14/May/2016:22:29:48 -0300] "POST /juddiv3/services/inquiry HTTP/1.1" 500 801
127.0.0.1 - - [14/May/2016:22:29:48 -0300] "POST /juddiv3/services/publish HTTP/1.1" 200 918
127.0.0.1 - - [14/May/2016:22:29:48 -0300] "POST /juddiv3/services/publish HTTP/1.1" 200 1673
127.0.0.1 - - [14/May/2016:22:29:48 -0300] "POST /juddiv3/services/publish HTTP/1.1" 200 1094
127.0.0.1 - - [14/May/2016:22:29:48 -0300] "POST /juddiv3/services/inquiry HTTP/1.1" 500 784
127.0.0.1 - - [14/May/2016:22:29:48 -0300] "POST /juddiv3/services/publish HTTP/1.1" 200 2985
0:0:0:0:0:0:0:1 - - [14/May/2016:22:29:48 -0300] "POST /juddi-gui/ajax/importFromWsdl.jsp HTTP/1.1" 200 1424
0:0:0:0:0:0:0:1 - - [14/May/2016:22:29:59 -0300] "GET /juddi-gui/serviceBrowse.jsp HTTP/1.1" 200 21131
0:0:0:0:0:0:0:1 - - [14/May/2016:22:29:59 -0300] "GET /juddi-gui/js/i18n.js.jsp HTTP/1.1" 200 3014
127.0.0.1 - - [14/May/2016:22:30:00 -0300] "POST /juddiv3/services/inquiry HTTP/1.1" 200 4457
0:0:0:0:0:0:0:1 - - [14/May/2016:22:30:00 -0300] "GET /juddi-gui/ajax/servicesearch.jsp?keyword=%25&offset=%5Bobject%20HTMLSpanElement%5D&maxrecords=20&lang=&_=1463275799901 HTTP/1.1" 200 8040
127.0.0.1 - - [14/May/2016:22:30:20 -0300] "POST /juddiv3/services/inquiry HTTP/1.1" 200 2806
0:0:0:0:0:0:0:1 - - [14/May/2016:22:30:20 -0300] "GET /juddi-gui/serviceEditor.jsp?id=uddi:escolha2:service_escolhaprodutodois HTTP/1.1" 200 44559
0:0:0:0:0:0:0:1 - - [14/May/2016:22:30:20 -0300] "GET /juddi-gui/js/i18n.js.jsp HTTP/1.1" 200 3014
127.0.0.1 - - [14/May/2016:22:30:20 -0300] "POST /juddiv3/services/inquiry HTTP/1.1" 200 919
0:0:0:0:0:0:0:1 - - [14/May/2016:22:30:20 -0300] "GET /juddi-gui/ajax/opInfo.jsp?id=uddi:escolha2:service_escolhaprodutodois HTTP/1.1" 200 418
127.0.0.1 - - [14/May/2016:22:30:20 -0300] "POST /juddiv3/services/inquiry HTTP/1.1" 200 2136
0:0:0:0:0:0:0:1 - - [14/May/2016:22:30:20 -0300] "GET /juddi-gui/ajax/tmodelsearch.jsp?keyword=%25&offset=0&maxrecords=10&lang=&chooser=undefined&_=1463275820827 HTTP/1.1" 200 1919
127.0.0.1 - - [14/May/2016:22:30:34 -0300] "POST /juddiv3/services/inquiry HTTP/1.1" 200 2806
127.0.0.1 - - [14/May/2016:22:30:34 -0300] "POST /juddiv3/services/publish HTTP/1.1" 200 2977
0:0:0:0:0:0:0:1 - - [14/May/2016:22:30:34 -0300] "POST /juddi-gui/ajax/saveservicedetails.jsp HTTP/1.1" 200 140
0:0:0:0:0:0:0:1 - - [14/May/2016:22:30:49 -0300] "GET /juddi-gui/serviceBrowse.jsp HTTP/1.1" 200 21131
0:0:0:0:0:0:0:1 - - [14/May/2016:22:30:49 -0300] "GET /juddi-gui/js/i18n.js.jsp HTTP/1.1" 200 3014
127.0.0.1 - - [14/May/2016:22:30:49 -0300] "POST /juddiv3/services/inquiry HTTP/1.1" 200 4457
0:0:0:0:0:0:0:1 - - [14/May/2016:22:30:49 -0300] "GET /juddi-gui/ajax/servicesearch.jsp?keyword=%25&offset=%5Bobject%20HTMLSpanElement%5D&maxrecords=20&lang=&_=1463275849368 HTTP/1.1" 200 8040
127.0.0.1 - - [14/May/2016:22:30:56 -0300] "POST /juddiv3/services/inquiry HTTP/1.1" 200 2917
0:0:0:0:0:0:0:1 - - [14/May/2016:22:30:56 -0300] "GET /juddi-gui/serviceEditor.jsp?id=uddi:choice:service_escolhaproduto HTTP/1.1" 200 45283
0:0:0:0:0:0:0:1 - - [14/May/2016:22:30:56 -0300] "GET /juddi-gui/js/i18n.js.jsp HTTP/1.1" 200 3014
127.0.0.1 - - [14/May/2016:22:30:56 -0300] "POST /juddiv3/services/inquiry HTTP/1.1" 200 913
0:0:0:0:0:0:0:1 - - [14/May/2016:22:30:56 -0300] "GET /juddi-gui/ajax/opInfo.jsp?id=uddi:choice:service_escolhaproduto HTTP/1.1" 200 412
127.0.0.1 - - [14/May/2016:22:30:57 -0300] "POST /juddiv3/services/inquiry HTTP/1.1" 200 2136
0:0:0:0:0:0:0:1 - - [14/May/2016:22:30:57 -0300] "GET /juddi-gui/ajax/tmodelsearch.jsp?keyword=%25&offset=0&maxrecords=10&lang=&chooser=undefined&_=1463275856893 HTTP/1.1" 200 1919
127.0.0.1 - - [14/May/2016:22:31:17 -0300] "POST /juddiv3/services/inquiry HTTP/1.1" 200 2917
0:0:0:0:0:0:0:1 - - [14/May/2016:22:31:17 -0300] "GET /juddi-gui/ajax/toXML.jsp?id=uddi%3Achoice%3Aservice_escolhaproduto&type=service HTTP/1.1" 200 2800
0:0:0:0:0:0:0:1 - - [14/May/2016:22:31:47 -0300] "GET /juddi-gui/serviceBrowse.jsp HTTP/1.1" 200 21131
0:0:0:0:0:0:0:1 - - [14/May/2016:22:31:47 -0300] "GET /juddi-gui/js/i18n.js.jsp HTTP/1.1" 200 3014
127.0.0.1 - - [14/May/2016:22:31:47 -0300] "POST /juddiv3/services/inquiry HTTP/1.1" 200 4457
0:0:0:0:0:0:0:1 - - [14/May/2016:22:31:47 -0300] "GET /juddi-gui/ajax/servicesearch.jsp?keyword=%25&offset=%5Bobject%20HTMLSpanElement%5D&maxrecords=20&lang=&_=1463275907333 HTTP/1.1" 200 8040
127.0.0.1 - - [14/May/2016:22:31:53 -0300] "POST /juddiv3/services/inquiry HTTP/1.1" 200 2917
0:0:0:0:0:0:0:1 - - [14/May/2016:22:31:53 -0300] "GET /juddi-gui/serviceEditor.jsp?id=uddi:choice:service_escolhaproduto HTTP/1.1" 200 45283
0:0:0:0:0:0:0:1 - - [14/May/2016:22:31:53 -0300] "GET /juddi-gui/js/i18n.js.jsp HTTP/1.1" 200 3014
127.0.0.1 - - [14/May/2016:22:31:53 -0300] "POST /juddiv3/services/inquiry HTTP/1.1" 200 913
0:0:0:0:0:0:0:1 - - [14/May/2016:22:31:53 -0300] "GET /juddi-gui/ajax/opInfo.jsp?id=uddi:choice:service_escolhaproduto HTTP/1.1" 200 412
127.0.0.1 - - [14/May/2016:22:31:53 -0300] "POST /juddiv3/services/inquiry HTTP/1.1" 200 2136
0:0:0:0:0:0:0:1 - - [14/May/2016:22:31:53 -0300] "GET /juddi-gui/ajax/tmodelsearch.jsp?keyword=%25&offset=0&maxrecords=10&lang=&chooser=undefined&_=1463275913369 HTTP/1.1" 200 1919
127.0.0.1 - - [14/May/2016:22:31:55 -0300] "POST /juddiv3/services/publish HTTP/1.1" 200 98
0:0:0:0:0:0:0:1 - - [14/May/2016:22:31:55 -0300] "POST /juddi-gui/ajax/deleteservice.jsp?id=%20%20%20%20%20%20%20%20%20%20%20%20%20%20%20%20%20%20%20%20%20%20%20%20%20%20%20%20%20%20%20%20%20%20%20%20%20%20%20%20uddi:choice:service_escolhaproduto HTTP/1.1" 200 41
0:0:0:0:0:0:0:1 - - [14/May/2016:22:32:00 -0300] "GET /juddi-gui/importFromWsdl.jsp HTTP/1.1" 200 39960
0:0:0:0:0:0:0:1 - - [14/May/2016:22:32:00 -0300] "GET /juddi-gui/js/i18n.js.jsp HTTP/1.1" 200 3014
127.0.0.1 - - [14/May/2016:22:32:00 -0300] "POST /juddiv3/services/inquiry HTTP/1.1" 200 5594
0:0:0:0:0:0:0:1 - - [14/May/2016:22:32:00 -0300] "GET /juddi-gui/ajax/businesssearch.jsp?keyword=%25&offset=0&maxrecords=10&lang=&chooser=true&_=1463275920836 HTTP/1.1" 200 4886
127.0.0.1 - - [14/May/2016:22:32:16 -0300] "POST /juddiv3/services/inquiry HTTP/1.1" 500 800
0:0:0:0:0:0:0:1 - - [14/May/2016:22:32:16 -0300] "POST /juddi-gui/ajax/importFromWsdl.jsp HTTP/1.1" 200 726
127.0.0.1 - - [14/May/2016:22:32:18 -0300] "POST /juddiv3/services/inquiry HTTP/1.1" 500 800
127.0.0.1 - - [14/May/2016:22:32:18 -0300] "POST /juddiv3/services/publish HTTP/1.1" 200 916
127.0.0.1 - - [14/May/2016:22:32:18 -0300] "POST /juddiv3/services/publish HTTP/1.1" 200 1651
127.0.0.1 - - [14/May/2016:22:32:18 -0300] "POST /juddiv3/services/publish HTTP/1.1" 200 1077
127.0.0.1 - - [14/May/2016:22:32:18 -0300] "POST /juddiv3/services/inquiry HTTP/1.1" 500 784
127.0.0.1 - - [14/May/2016:22:32:18 -0300] "POST /juddiv3/services/publish HTTP/1.1" 200 2934
0:0:0:0:0:0:0:1 - - [14/May/2016:22:32:18 -0300] "POST /juddi-gui/ajax/importFromWsdl.jsp HTTP/1.1" 200 1351
0:0:0:0:0:0:0:1 - - [14/May/2016:22:32:23 -0300] "GET /juddi-gui/serviceBrowse.jsp HTTP/1.1" 200 21131
0:0:0:0:0:0:0:1 - - [14/May/2016:22:32:23 -0300] "GET /juddi-gui/js/i18n.js.jsp HTTP/1.1" 200 3014
127.0.0.1 - - [14/May/2016:22:32:23 -0300] "POST /juddiv3/services/inquiry HTTP/1.1" 200 4459
0:0:0:0:0:0:0:1 - - [14/May/2016:22:32:23 -0300] "GET /juddi-gui/ajax/servicesearch.jsp?keyword=%25&offset=%5Bobject%20HTMLSpanElement%5D&maxrecords=20&lang=&_=1463275943906 HTTP/1.1" 200 8045
127.0.0.1 - - [14/May/2016:22:32:30 -0300] "POST /juddiv3/services/inquiry HTTP/1.1" 200 2756
0:0:0:0:0:0:0:1 - - [14/May/2016:22:32:30 -0300] "GET /juddi-gui/serviceEditor.jsp?id=uddi:escolha:service_escolhaproduto HTTP/1.1" 200 44483
0:0:0:0:0:0:0:1 - - [14/May/2016:22:32:30 -0300] "GET /juddi-gui/js/i18n.js.jsp HTTP/1.1" 200 3014
127.0.0.1 - - [14/May/2016:22:32:31 -0300] "POST /juddiv3/services/inquiry HTTP/1.1" 200 914
0:0:0:0:0:0:0:1 - - [14/May/2016:22:32:31 -0300] "GET /juddi-gui/ajax/opInfo.jsp?id=uddi:escolha:service_escolhaproduto HTTP/1.1" 200 413
127.0.0.1 - - [14/May/2016:22:32:31 -0300] "POST /juddiv3/services/inquiry HTTP/1.1" 200 2136
0:0:0:0:0:0:0:1 - - [14/May/2016:22:32:31 -0300] "GET /juddi-gui/ajax/tmodelsearch.jsp?keyword=%25&offset=0&maxrecords=10&lang=&chooser=undefined&_=1463275951001 HTTP/1.1" 200 1919
127.0.0.1 - - [14/May/2016:22:32:43 -0300] "POST /juddiv3/services/inquiry HTTP/1.1" 200 2756
127.0.0.1 - - [14/May/2016:22:32:43 -0300] "POST /juddiv3/services/publish HTTP/1.1" 200 2923
0:0:0:0:0:0:0:1 - - [14/May/2016:22:32:43 -0300] "POST /juddi-gui/ajax/saveservicedetails.jsp HTTP/1.1" 200 130
0:0:0:0:0:0:0:1 - - [14/May/2016:22:32:48 -0300] "GET /juddi-gui/serviceBrowse.jsp HTTP/1.1" 200 21131
0:0:0:0:0:0:0:1 - - [14/May/2016:22:32:48 -0300] "GET /juddi-gui/js/i18n.js.jsp HTTP/1.1" 200 3014
127.0.0.1 - - [14/May/2016:22:32:48 -0300] "POST /juddiv3/services/inquiry HTTP/1.1" 200 4459
0:0:0:0:0:0:0:1 - - [14/May/2016:22:32:48 -0300] "GET /juddi-gui/ajax/servicesearch.jsp?keyword=%25&offset=%5Bobject%20HTMLSpanElement%5D&maxrecords=20&lang=&_=1463275968221 HTTP/1.1" 200 8045
127.0.0.1 - - [14/May/2016:22:33:04 -0300] "POST /juddiv3/services/inquiry HTTP/1.1" 200 2864
0:0:0:0:0:0:0:1 - - [14/May/2016:22:33:04 -0300] "GET /juddi-gui/businessEditor2.jsp?id=uddi:delivery:business_mycompany HTTP/1.1" 200 42715
0:0:0:0:0:0:0:1 - - [14/May/2016:22:33:04 -0300] "GET /juddi-gui/js/i18n.js.jsp HTTP/1.1" 200 3014
127.0.0.1 - - [14/May/2016:22:33:04 -0300] "POST /juddiv3/services/inquiry HTTP/1.1" 200 911
0:0:0:0:0:0:0:1 - - [14/May/2016:22:33:04 -0300] "GET /juddi-gui/ajax/opInfo.jsp?id=uddi:delivery:business_mycompany HTTP/1.1" 200 410
127.0.0.1 - - [14/May/2016:22:33:04 -0300] "POST /juddiv3/services/inquiry HTTP/1.1" 200 744
0:0:0:0:0:0:0:1 - - [14/May/2016:22:33:04 -0300] "POST /juddi-gui/ajax/search.jsp HTTP/1.1" 200 51
127.0.0.1 - - [14/May/2016:22:33:04 -0300] "POST /juddiv3/services/inquiry HTTP/1.1" 200 2136
0:0:0:0:0:0:0:1 - - [14/May/2016:22:33:04 -0300] "GET /juddi-gui/ajax/tmodelsearch.jsp?keyword=%25&offset=0&maxrecords=10&lang=&chooser=undefined&_=1463275984744 HTTP/1.1" 200 1919
0:0:0:0:0:0:0:1 - - [14/May/2016:22:33:12 -0300] "GET /juddi-gui/serviceBrowse.jsp HTTP/1.1" 200 21131
127.0.0.1 - - [14/May/2016:22:33:12 -0300] "POST /juddiv3/services/inquiry HTTP/1.1" 200 4459
0:0:0:0:0:0:0:1 - - [14/May/2016:22:33:12 -0300] "GET /juddi-gui/ajax/servicesearch.jsp?keyword=%25&offset=%5Bobject%20HTMLSpanElement%5D&maxrecords=20&lang=&_=1463275992910 HTTP/1.1" 200 8045
127.0.0.1 - - [14/May/2016:22:33:17 -0300] "POST /juddiv3/services/inquiry HTTP/1.1" 200 2685
0:0:0:0:0:0:0:1 - - [14/May/2016:22:33:17 -0300] "GET /juddi-gui/serviceEditor.jsp?id=uddi:delivery:service_entrega HTTP/1.1" 200 44383
0:0:0:0:0:0:0:1 - - [14/May/2016:22:33:17 -0300] "GET /juddi-gui/js/i18n.js.jsp HTTP/1.1" 200 3014
127.0.0.1 - - [14/May/2016:22:33:17 -0300] "POST /juddiv3/services/inquiry HTTP/1.1" 200 908
0:0:0:0:0:0:0:1 - - [14/May/2016:22:33:17 -0300] "GET /juddi-gui/ajax/opInfo.jsp?id=uddi:delivery:service_entrega HTTP/1.1" 200 407
127.0.0.1 - - [14/May/2016:22:33:17 -0300] "POST /juddiv3/services/inquiry HTTP/1.1" 200 2136
0:0:0:0:0:0:0:1 - - [14/May/2016:22:33:17 -0300] "GET /juddi-gui/ajax/tmodelsearch.jsp?keyword=%25&offset=0&maxrecords=10&lang=&chooser=undefined&_=1463275997773 HTTP/1.1" 200 1919
0:0:0:0:0:0:0:1 - - [14/May/2016:22:33:32 -0300] "GET /juddi-gui/serviceBrowse.jsp HTTP/1.1" 200 21131
0:0:0:0:0:0:0:1 - - [14/May/2016:22:33:32 -0300] "GET /juddi-gui/js/i18n.js.jsp HTTP/1.1" 200 3014
127.0.0.1 - - [14/May/2016:22:33:32 -0300] "POST /juddiv3/services/inquiry HTTP/1.1" 200 4459
0:0:0:0:0:0:0:1 - - [14/May/2016:22:33:32 -0300] "GET /juddi-gui/ajax/servicesearch.jsp?keyword=%25&offset=%5Bobject%20HTMLSpanElement%5D&maxrecords=20&lang=&_=1463276012112 HTTP/1.1" 200 8045
127.0.0.1 - - [14/May/2016:22:33:37 -0300] "POST /juddiv3/services/inquiry HTTP/1.1" 200 2923
0:0:0:0:0:0:0:1 - - [14/May/2016:22:33:37 -0300] "GET /juddi-gui/serviceEditor.jsp?id=uddi:escolha:service_escolhaproduto HTTP/1.1" 200 45295
0:0:0:0:0:0:0:1 - - [14/May/2016:22:33:37 -0300] "GET /juddi-gui/js/i18n.js.jsp HTTP/1.1" 200 3014
127.0.0.1 - - [14/May/2016:22:33:37 -0300] "POST /juddiv3/services/inquiry HTTP/1.1" 200 914
0:0:0:0:0:0:0:1 - - [14/May/2016:22:33:37 -0300] "GET /juddi-gui/ajax/opInfo.jsp?id=uddi:escolha:service_escolhaproduto HTTP/1.1" 200 413
127.0.0.1 - - [14/May/2016:22:33:37 -0300] "POST /juddiv3/services/inquiry HTTP/1.1" 200 2136
0:0:0:0:0:0:0:1 - - [14/May/2016:22:33:37 -0300] "GET /juddi-gui/ajax/tmodelsearch.jsp?keyword=%25&offset=0&maxrecords=10&lang=&chooser=undefined&_=1463276017103 HTTP/1.1" 200 1919
0:0:0:0:0:0:0:1 - - [14/May/2016:22:33:50 -0300] "GET /juddi-gui/serviceBrowse.jsp HTTP/1.1" 200 21131
0:0:0:0:0:0:0:1 - - [14/May/2016:22:33:50 -0300] "GET /juddi-gui/js/i18n.js.jsp HTTP/1.1" 200 3014
127.0.0.1 - - [14/May/2016:22:33:50 -0300] "POST /juddiv3/services/inquiry HTTP/1.1" 200 4459
0:0:0:0:0:0:0:1 - - [14/May/2016:22:33:50 -0300] "GET /juddi-gui/ajax/servicesearch.jsp?keyword=%25&offset=%5Bobject%20HTMLSpanElement%5D&maxrecords=20&lang=&_=1463276030804 HTTP/1.1" 200 8045
127.0.0.1 - - [14/May/2016:22:33:54 -0300] "POST /juddiv3/services/inquiry HTTP/1.1" 200 2685
0:0:0:0:0:0:0:1 - - [14/May/2016:22:33:54 -0300] "GET /juddi-gui/serviceEditor.jsp?id=uddi:delivery:service_entrega HTTP/1.1" 200 44383
0:0:0:0:0:0:0:1 - - [14/May/2016:22:33:54 -0300] "GET /juddi-gui/js/i18n.js.jsp HTTP/1.1" 200 3014
127.0.0.1 - - [14/May/2016:22:33:54 -0300] "POST /juddiv3/services/inquiry HTTP/1.1" 200 908
0:0:0:0:0:0:0:1 - - [14/May/2016:22:33:54 -0300] "GET /juddi-gui/ajax/opInfo.jsp?id=uddi:delivery:service_entrega HTTP/1.1" 200 407
127.0.0.1 - - [14/May/2016:22:33:54 -0300] "POST /juddiv3/services/inquiry HTTP/1.1" 200 2136
0:0:0:0:0:0:0:1 - - [14/May/2016:22:33:54 -0300] "GET /juddi-gui/ajax/tmodelsearch.jsp?keyword=%25&offset=0&maxrecords=10&lang=&chooser=undefined&_=1463276034367 HTTP/1.1" 200 1919
127.0.0.1 - - [14/May/2016:22:34:00 -0300] "POST /juddiv3/services/publish HTTP/1.1" 200 98
0:0:0:0:0:0:0:1 - - [14/May/2016:22:34:00 -0300] "POST /juddi-gui/ajax/deleteservice.jsp?id=%20%20%20%20%20%20%20%20%20%20%20%20%20%20%20%20%20%20%20%20%20%20%20%20%20%20%20%20%20%20%20%20%20%20%20%20%20%20%20%20uddi:delivery:service_entrega HTTP/1.1" 200 41
0:0:0:0:0:0:0:1 - - [14/May/2016:22:34:23 -0300] "GET /juddi-gui/importFromWsdl.jsp HTTP/1.1" 200 39960
0:0:0:0:0:0:0:1 - - [14/May/2016:22:34:23 -0300] "GET /juddi-gui/js/i18n.js.jsp HTTP/1.1" 200 3014
127.0.0.1 - - [14/May/2016:22:34:23 -0300] "POST /juddiv3/services/inquiry HTTP/1.1" 200 5376
0:0:0:0:0:0:0:1 - - [14/May/2016:22:34:23 -0300] "GET /juddi-gui/ajax/businesssearch.jsp?keyword=%25&offset=0&maxrecords=10&lang=&chooser=true&_=1463276063096 HTTP/1.1" 200 4861
127.0.0.1 - - [14/May/2016:22:34:39 -0300] "POST /juddiv3/services/inquiry HTTP/1.1" 500 800
0:0:0:0:0:0:0:1 - - [14/May/2016:22:34:39 -0300] "POST /juddi-gui/ajax/importFromWsdl.jsp HTTP/1.1" 200 663
127.0.0.1 - - [14/May/2016:22:34:42 -0300] "POST /juddiv3/services/inquiry HTTP/1.1" 500 800
127.0.0.1 - - [14/May/2016:22:34:42 -0300] "POST /juddiv3/services/publish HTTP/1.1" 200 916
127.0.0.1 - - [14/May/2016:22:34:42 -0300] "POST /juddiv3/services/publish HTTP/1.1" 200 1616
127.0.0.1 - - [14/May/2016:22:34:42 -0300] "POST /juddiv3/services/publish HTTP/1.1" 200 1049
127.0.0.1 - - [14/May/2016:22:34:42 -0300] "POST /juddiv3/services/inquiry HTTP/1.1" 500 784
127.0.0.1 - - [14/May/2016:22:34:42 -0300] "POST /juddiv3/services/publish HTTP/1.1" 200 2857
0:0:0:0:0:0:0:1 - - [14/May/2016:22:34:42 -0300] "POST /juddi-gui/ajax/importFromWsdl.jsp HTTP/1.1" 200 1246
0:0:0:0:0:0:0:1 - - [14/May/2016:22:34:46 -0300] "GET /juddi-gui/serviceBrowse.jsp HTTP/1.1" 200 21131
0:0:0:0:0:0:0:1 - - [14/May/2016:22:34:46 -0300] "GET /juddi-gui/js/i18n.js.jsp HTTP/1.1" 200 3014
127.0.0.1 - - [14/May/2016:22:34:46 -0300] "POST /juddiv3/services/inquiry HTTP/1.1" 200 4457
0:0:0:0:0:0:0:1 - - [14/May/2016:22:34:46 -0300] "GET /juddi-gui/ajax/servicesearch.jsp?keyword=%25&offset=%5Bobject%20HTMLSpanElement%5D&maxrecords=20&lang=&_=1463276086826 HTTP/1.1" 200 8040
127.0.0.1 - - [14/May/2016:22:34:51 -0300] "POST /juddiv3/services/inquiry HTTP/1.1" 200 2679
0:0:0:0:0:0:0:1 - - [14/May/2016:22:34:51 -0300] "GET /juddi-gui/serviceEditor.jsp?id=uddi:entrega:service_entrega HTTP/1.1" 200 44371
0:0:0:0:0:0:0:1 - - [14/May/2016:22:34:51 -0300] "GET /juddi-gui/js/i18n.js.jsp HTTP/1.1" 200 3014
127.0.0.1 - - [14/May/2016:22:34:51 -0300] "POST /juddiv3/services/inquiry HTTP/1.1" 200 907
0:0:0:0:0:0:0:1 - - [14/May/2016:22:34:51 -0300] "GET /juddi-gui/ajax/opInfo.jsp?id=uddi:entrega:service_entrega HTTP/1.1" 200 406
127.0.0.1 - - [14/May/2016:22:34:51 -0300] "POST /juddiv3/services/inquiry HTTP/1.1" 200 2136
0:0:0:0:0:0:0:1 - - [14/May/2016:22:34:51 -0300] "GET /juddi-gui/ajax/tmodelsearch.jsp?keyword=%25&offset=0&maxrecords=10&lang=&chooser=undefined&_=1463276091754 HTTP/1.1" 200 1919
127.0.0.1 - - [14/May/2016:22:35:04 -0300] "POST /juddiv3/services/inquiry HTTP/1.1" 200 2679
127.0.0.1 - - [14/May/2016:22:35:05 -0300] "POST /juddiv3/services/publish HTTP/1.1" 200 2839
0:0:0:0:0:0:0:1 - - [14/May/2016:22:35:05 -0300] "POST /juddi-gui/ajax/saveservicedetails.jsp HTTP/1.1" 200 116
0:0:0:0:0:0:0:1 - - [14/May/2016:22:35:29 -0300] "GET /juddi-gui/importFromWsdl.jsp HTTP/1.1" 200 39960
0:0:0:0:0:0:0:1 - - [14/May/2016:22:35:29 -0300] "GET /juddi-gui/js/i18n.js.jsp HTTP/1.1" 200 3014
127.0.0.1 - - [14/May/2016:22:35:29 -0300] "POST /juddiv3/services/inquiry HTTP/1.1" 200 5578
0:0:0:0:0:0:0:1 - - [14/May/2016:22:35:29 -0300] "GET /juddi-gui/ajax/businesssearch.jsp?keyword=%25&offset=0&maxrecords=10&lang=&chooser=true&_=1463276129696 HTTP/1.1" 200 4866
127.0.0.1 - - [14/May/2016:22:35:45 -0300] "POST /juddiv3/services/inquiry HTTP/1.1" 500 801
0:0:0:0:0:0:0:1 - - [14/May/2016:22:35:45 -0300] "POST /juddi-gui/ajax/importFromWsdl.jsp HTTP/1.1" 200 703
127.0.0.1 - - [14/May/2016:22:35:47 -0300] "POST /juddiv3/services/inquiry HTTP/1.1" 500 801
127.0.0.1 - - [14/May/2016:22:35:48 -0300] "POST /juddiv3/services/publish HTTP/1.1" 200 918
127.0.0.1 - - [14/May/2016:22:35:48 -0300] "POST /juddiv3/services/publish HTTP/1.1" 200 1638
127.0.0.1 - - [14/May/2016:22:35:48 -0300] "POST /juddiv3/services/publish HTTP/1.1" 200 1066
127.0.0.1 - - [14/May/2016:22:35:48 -0300] "POST /juddiv3/services/inquiry HTTP/1.1" 500 784
127.0.0.1 - - [14/May/2016:22:35:48 -0300] "POST /juddiv3/services/publish HTTP/1.1" 200 2908
0:0:0:0:0:0:0:1 - - [14/May/2016:22:35:48 -0300] "POST /juddi-gui/ajax/importFromWsdl.jsp HTTP/1.1" 200 1319
0:0:0:0:0:0:0:1 - - [14/May/2016:22:35:56 -0300] "GET /juddi-gui/serviceBrowse.jsp HTTP/1.1" 200 21131
0:0:0:0:0:0:0:1 - - [14/May/2016:22:35:56 -0300] "GET /juddi-gui/js/i18n.js.jsp HTTP/1.1" 200 3014
127.0.0.1 - - [14/May/2016:22:35:57 -0300] "POST /juddiv3/services/inquiry HTTP/1.1" 200 4444
0:0:0:0:0:0:0:1 - - [14/May/2016:22:35:57 -0300] "GET /juddi-gui/ajax/servicesearch.jsp?keyword=%25&offset=%5Bobject%20HTMLSpanElement%5D&maxrecords=20&lang=&_=1463276156919 HTTP/1.1" 200 8018
127.0.0.1 - - [14/May/2016:22:36:00 -0300] "POST /juddiv3/services/inquiry HTTP/1.1" 200 2729
0:0:0:0:0:0:0:1 - - [14/May/2016:22:36:00 -0300] "GET /juddi-gui/serviceEditor.jsp?id=uddi:entrega2:service_entregadois HTTP/1.1" 200 44447
0:0:0:0:0:0:0:1 - - [14/May/2016:22:36:00 -0300] "GET /juddi-gui/js/i18n.js.jsp HTTP/1.1" 200 3014
127.0.0.1 - - [14/May/2016:22:36:00 -0300] "POST /juddiv3/services/inquiry HTTP/1.1" 200 912
0:0:0:0:0:0:0:1 - - [14/May/2016:22:36:00 -0300] "GET /juddi-gui/ajax/opInfo.jsp?id=uddi:entrega2:service_entregadois HTTP/1.1" 200 411
127.0.0.1 - - [14/May/2016:22:36:00 -0300] "POST /juddiv3/services/inquiry HTTP/1.1" 200 2136
0:0:0:0:0:0:0:1 - - [14/May/2016:22:36:00 -0300] "GET /juddi-gui/ajax/tmodelsearch.jsp?keyword=%25&offset=0&maxrecords=10&lang=&chooser=undefined&_=1463276160276 HTTP/1.1" 200 1919
127.0.0.1 - - [14/May/2016:22:36:13 -0300] "POST /juddiv3/services/inquiry HTTP/1.1" 200 2729
127.0.0.1 - - [14/May/2016:22:36:13 -0300] "POST /juddiv3/services/publish HTTP/1.1" 200 2893
0:0:0:0:0:0:0:1 - - [14/May/2016:22:36:13 -0300] "POST /juddi-gui/ajax/saveservicedetails.jsp HTTP/1.1" 200 126
0:0:0:0:0:0:0:1 - - [14/May/2016:22:36:31 -0300] "GET /juddi-gui/importFromWsdl.jsp HTTP/1.1" 200 39960
0:0:0:0:0:0:0:1 - - [14/May/2016:22:36:31 -0300] "GET /juddi-gui/js/i18n.js.jsp HTTP/1.1" 200 3014
127.0.0.1 - - [14/May/2016:22:36:31 -0300] "POST /juddiv3/services/inquiry HTTP/1.1" 200 5596
0:0:0:0:0:0:0:1 - - [14/May/2016:22:36:31 -0300] "GET /juddi-gui/ajax/businesssearch.jsp?keyword=%25&offset=0&maxrecords=10&lang=&chooser=true&_=1463276191429 HTTP/1.1" 200 4886
127.0.0.1 - - [14/May/2016:22:36:48 -0300] "POST /juddiv3/services/inquiry HTTP/1.1" 500 802
0:0:0:0:0:0:0:1 - - [14/May/2016:22:36:48 -0300] "POST /juddi-gui/ajax/importFromWsdl.jsp HTTP/1.1" 200 689
127.0.0.1 - - [14/May/2016:22:36:50 -0300] "POST /juddiv3/services/inquiry HTTP/1.1" 500 802
127.0.0.1 - - [14/May/2016:22:36:50 -0300] "POST /juddiv3/services/publish HTTP/1.1" 200 920
127.0.0.1 - - [14/May/2016:22:36:50 -0300] "POST /juddiv3/services/publish HTTP/1.1" 200 1630
127.0.0.1 - - [14/May/2016:22:36:50 -0300] "POST /juddiv3/services/publish HTTP/1.1" 200 1059
127.0.0.1 - - [14/May/2016:22:36:50 -0300] "POST /juddiv3/services/inquiry HTTP/1.1" 500 784
127.0.0.1 - - [14/May/2016:22:36:51 -0300] "POST /juddiv3/services/publish HTTP/1.1" 200 2893
0:0:0:0:0:0:0:1 - - [14/May/2016:22:36:51 -0300] "POST /juddi-gui/ajax/importFromWsdl.jsp HTTP/1.1" 200 1302
0:0:0:0:0:0:0:1 - - [14/May/2016:22:36:55 -0300] "GET /juddi-gui/serviceBrowse.jsp HTTP/1.1" 200 21131
0:0:0:0:0:0:0:1 - - [14/May/2016:22:36:55 -0300] "GET /juddi-gui/js/i18n.js.jsp HTTP/1.1" 200 3014
127.0.0.1 - - [14/May/2016:22:36:55 -0300] "POST /juddiv3/services/inquiry HTTP/1.1" 200 4429
0:0:0:0:0:0:0:1 - - [14/May/2016:22:36:55 -0300] "GET /juddi-gui/ajax/servicesearch.jsp?keyword=%25&offset=%5Bobject%20HTMLSpanElement%5D&maxrecords=20&lang=&_=1463276215221 HTTP/1.1" 200 7993
127.0.0.1 - - [14/May/2016:22:37:02 -0300] "POST /juddiv3/services/inquiry HTTP/1.1" 200 2863
0:0:0:0:0:0:0:1 - - [14/May/2016:22:37:02 -0300] "GET /juddi-gui/serviceEditor.jsp?id=uddi:payment:service_pagamento HTTP/1.1" 200 45210
0:0:0:0:0:0:0:1 - - [14/May/2016:22:37:02 -0300] "GET /juddi-gui/js/i18n.js.jsp HTTP/1.1" 200 3014
127.0.0.1 - - [14/May/2016:22:37:03 -0300] "POST /juddiv3/services/inquiry HTTP/1.1" 200 909
0:0:0:0:0:0:0:1 - - [14/May/2016:22:37:03 -0300] "GET /juddi-gui/ajax/opInfo.jsp?id=uddi:payment:service_pagamento HTTP/1.1" 200 408
127.0.0.1 - - [14/May/2016:22:37:03 -0300] "POST /juddiv3/services/inquiry HTTP/1.1" 200 2136
0:0:0:0:0:0:0:1 - - [14/May/2016:22:37:03 -0300] "GET /juddi-gui/ajax/tmodelsearch.jsp?keyword=%25&offset=0&maxrecords=10&lang=&chooser=undefined&_=1463276223017 HTTP/1.1" 200 1919
127.0.0.1 - - [14/May/2016:22:37:05 -0300] "POST /juddiv3/services/publish HTTP/1.1" 200 98
0:0:0:0:0:0:0:1 - - [14/May/2016:22:37:05 -0300] "POST /juddi-gui/ajax/deleteservice.jsp?id=%20%20%20%20%20%20%20%20%20%20%20%20%20%20%20%20%20%20%20%20%20%20%20%20%20%20%20%20%20%20%20%20%20%20%20%20%20%20%20%20uddi:payment:service_pagamento HTTP/1.1" 200 41
0:0:0:0:0:0:0:1 - - [14/May/2016:22:37:10 -0300] "GET /juddi-gui/serviceBrowse.jsp HTTP/1.1" 200 21131
0:0:0:0:0:0:0:1 - - [14/May/2016:22:37:10 -0300] "GET /juddi-gui/js/i18n.js.jsp HTTP/1.1" 200 3014
127.0.0.1 - - [14/May/2016:22:37:10 -0300] "POST /juddiv3/services/inquiry HTTP/1.1" 200 4448
0:0:0:0:0:0:0:1 - - [14/May/2016:22:37:10 -0300] "GET /juddi-gui/ajax/servicesearch.jsp?keyword=%25&offset=%5Bobject%20HTMLSpanElement%5D&maxrecords=20&lang=&_=1463276230477 HTTP/1.1" 200 8028
127.0.0.1 - - [14/May/2016:22:37:16 -0300] "POST /juddiv3/services/inquiry HTTP/1.1" 200 2713
0:0:0:0:0:0:0:1 - - [14/May/2016:22:37:16 -0300] "GET /juddi-gui/serviceEditor.jsp?id=uddi:pagamento:service_pagamento HTTP/1.1" 200 44427
0:0:0:0:0:0:0:1 - - [14/May/2016:22:37:16 -0300] "GET /juddi-gui/js/i18n.js.jsp HTTP/1.1" 200 3014
127.0.0.1 - - [14/May/2016:22:37:17 -0300] "POST /juddiv3/services/inquiry HTTP/1.1" 200 911
0:0:0:0:0:0:0:1 - - [14/May/2016:22:37:17 -0300] "GET /juddi-gui/ajax/opInfo.jsp?id=uddi:pagamento:service_pagamento HTTP/1.1" 200 410
127.0.0.1 - - [14/May/2016:22:37:17 -0300] "POST /juddiv3/services/inquiry HTTP/1.1" 200 2136
0:0:0:0:0:0:0:1 - - [14/May/2016:22:37:17 -0300] "GET /juddi-gui/ajax/tmodelsearch.jsp?keyword=%25&offset=0&maxrecords=10&lang=&chooser=undefined&_=1463276236971 HTTP/1.1" 200 1919
127.0.0.1 - - [14/May/2016:22:37:31 -0300] "POST /juddiv3/services/inquiry HTTP/1.1" 200 2713
127.0.0.1 - - [14/May/2016:22:37:31 -0300] "POST /juddiv3/services/publish HTTP/1.1" 200 2875
0:0:0:0:0:0:0:1 - - [14/May/2016:22:37:31 -0300] "POST /juddi-gui/ajax/saveservicedetails.jsp HTTP/1.1" 200 124
0:0:0:0:0:0:0:1 - - [14/May/2016:22:37:52 -0300] "GET /juddi-gui/importFromWsdl.jsp HTTP/1.1" 200 39960
0:0:0:0:0:0:0:1 - - [14/May/2016:22:37:52 -0300] "GET /juddi-gui/js/i18n.js.jsp HTTP/1.1" 200 3014
127.0.0.1 - - [14/May/2016:22:37:52 -0300] "POST /juddiv3/services/inquiry HTTP/1.1" 200 5389
0:0:0:0:0:0:0:1 - - [14/May/2016:22:37:52 -0300] "GET /juddi-gui/ajax/businesssearch.jsp?keyword=%25&offset=0&maxrecords=10&lang=&chooser=true&_=1463276272526 HTTP/1.1" 200 4886
127.0.0.1 - - [14/May/2016:22:38:09 -0300] "POST /juddiv3/services/inquiry HTTP/1.1" 500 803
0:0:0:0:0:0:0:1 - - [14/May/2016:22:38:09 -0300] "POST /juddi-gui/ajax/importFromWsdl.jsp HTTP/1.1" 200 729
127.0.0.1 - - [14/May/2016:22:38:11 -0300] "POST /juddiv3/services/inquiry HTTP/1.1" 500 803
127.0.0.1 - - [14/May/2016:22:38:11 -0300] "POST /juddiv3/services/publish HTTP/1.1" 200 922
127.0.0.1 - - [14/May/2016:22:38:11 -0300] "POST /juddiv3/services/publish HTTP/1.1" 200 1652
127.0.0.1 - - [14/May/2016:22:38:12 -0300] "POST /juddiv3/services/publish HTTP/1.1" 200 1076
127.0.0.1 - - [14/May/2016:22:38:12 -0300] "POST /juddiv3/services/inquiry HTTP/1.1" 500 784
127.0.0.1 - - [14/May/2016:22:38:12 -0300] "POST /juddiv3/services/publish HTTP/1.1" 200 2944
0:0:0:0:0:0:0:1 - - [14/May/2016:22:38:12 -0300] "POST /juddi-gui/ajax/importFromWsdl.jsp HTTP/1.1" 200 1375
0:0:0:0:0:0:0:1 - - [14/May/2016:22:38:21 -0300] "GET /juddi-gui/serviceBrowse.jsp HTTP/1.1" 200 21131
0:0:0:0:0:0:0:1 - - [14/May/2016:22:38:21 -0300] "GET /juddi-gui/js/i18n.js.jsp HTTP/1.1" 200 3014
127.0.0.1 - - [14/May/2016:22:38:21 -0300] "POST /juddiv3/services/inquiry HTTP/1.1" 200 4443
0:0:0:0:0:0:0:1 - - [14/May/2016:22:38:21 -0300] "GET /juddi-gui/ajax/servicesearch.jsp?keyword=%25&offset=%5Bobject%20HTMLSpanElement%5D&maxrecords=20&lang=&_=1463276301594 HTTP/1.1" 200 8024
127.0.0.1 - - [14/May/2016:22:38:25 -0300] "POST /juddiv3/services/inquiry HTTP/1.1" 200 2763
0:0:0:0:0:0:0:1 - - [14/May/2016:22:38:25 -0300] "GET /juddi-gui/serviceEditor.jsp?id=uddi:pagamento2:service_pagamentodois HTTP/1.1" 200 44503
0:0:0:0:0:0:0:1 - - [14/May/2016:22:38:25 -0300] "GET /juddi-gui/js/i18n.js.jsp HTTP/1.1" 200 3014
127.0.0.1 - - [14/May/2016:22:38:25 -0300] "POST /juddiv3/services/inquiry HTTP/1.1" 200 916
0:0:0:0:0:0:0:1 - - [14/May/2016:22:38:25 -0300] "GET /juddi-gui/ajax/opInfo.jsp?id=uddi:pagamento2:service_pagamentodois HTTP/1.1" 200 415
127.0.0.1 - - [14/May/2016:22:38:25 -0300] "POST /juddiv3/services/inquiry HTTP/1.1" 200 2136
0:0:0:0:0:0:0:1 - - [14/May/2016:22:38:25 -0300] "GET /juddi-gui/ajax/tmodelsearch.jsp?keyword=%25&offset=0&maxrecords=10&lang=&chooser=undefined&_=1463276305215 HTTP/1.1" 200 1919
127.0.0.1 - - [14/May/2016:22:38:42 -0300] "POST /juddiv3/services/inquiry HTTP/1.1" 200 2763
127.0.0.1 - - [14/May/2016:22:38:42 -0300] "POST /juddiv3/services/publish HTTP/1.1" 200 2929
0:0:0:0:0:0:0:1 - - [14/May/2016:22:38:42 -0300] "POST /juddi-gui/ajax/saveservicedetails.jsp HTTP/1.1" 200 134
0:0:0:0:0:0:0:1 - - [14/May/2016:22:38:47 -0300] "GET /juddi-gui/serviceBrowse.jsp HTTP/1.1" 200 21131
0:0:0:0:0:0:0:1 - - [14/May/2016:22:38:47 -0300] "GET /juddi-gui/js/i18n.js.jsp HTTP/1.1" 200 3014
127.0.0.1 - - [14/May/2016:22:38:47 -0300] "POST /juddiv3/services/inquiry HTTP/1.1" 200 4443
0:0:0:0:0:0:0:1 - - [14/May/2016:22:38:47 -0300] "GET /juddi-gui/ajax/servicesearch.jsp?keyword=%25&offset=%5Bobject%20HTMLSpanElement%5D&maxrecords=20&lang=&_=1463276327131 HTTP/1.1" 200 8024
127.0.0.1 - - [14/May/2016:23:16:56 -0300] "POST /juddiv3/services/inquiry HTTP/1.1" 200 2839
0:0:0:0:0:0:0:1 - - [14/May/2016:23:16:56 -0300] "GET /juddi-gui/serviceEditor.jsp?id=uddi:entrega:service_entrega HTTP/1.1" 200 45375
0:0:0:0:0:0:0:1 - - [14/May/2016:23:16:57 -0300] "GET /juddi-gui/js/i18n.js.jsp HTTP/1.1" 200 3014
127.0.0.1 - - [14/May/2016:23:16:57 -0300] "POST /juddiv3/services/inquiry HTTP/1.1" 200 907
0:0:0:0:0:0:0:1 - - [14/May/2016:23:16:57 -0300] "GET /juddi-gui/ajax/opInfo.jsp?id=uddi:entrega:service_entrega HTTP/1.1" 200 406
127.0.0.1 - - [14/May/2016:23:16:57 -0300] "POST /juddiv3/services/inquiry HTTP/1.1" 200 2136
0:0:0:0:0:0:0:1 - - [14/May/2016:23:16:57 -0300] "GET /juddi-gui/ajax/tmodelsearch.jsp?keyword=%25&offset=0&maxrecords=10&lang=&chooser=undefined&_=1463278617053 HTTP/1.1" 200 1919
127.0.0.1 - - [14/May/2016:23:17:23 -0300] "POST /juddiv3/services/inquiry HTTP/1.1" 200 2136
0:0:0:0:0:0:0:1 - - [14/May/2016:23:17:23 -0300] "GET /juddi-gui/ajax/tmodelsearch.jsp?keyword=%25&offset=0&maxrecords=10&lang=&chooser=true&_=1463278617054 HTTP/1.1" 200 2168
127.0.0.1 - - [14/May/2016:23:17:26 -0300] "POST /juddiv3/services/inquiry HTTP/1.1" 200 2140
0:0:0:0:0:0:0:1 - - [14/May/2016:23:17:26 -0300] "GET /juddi-gui/ajax/tmodelsearch.jsp?keyword=%25&offset=10&maxrecords=10&lang=&chooser=true&_=1463278617055 HTTP/1.1" 200 2208
127.0.0.1 - - [14/May/2016:23:17:32 -0300] "POST /juddiv3/services/inquiry HTTP/1.1" 200 674
0:0:0:0:0:0:0:1 - - [14/May/2016:23:17:32 -0300] "GET /juddi-gui/ajax/tmodelsearch.jsp?keyword=%25reliability&offset=10&maxrecords=10&lang=&chooser=true&_=1463278617056 HTTP/1.1" 200 234
127.0.0.1 - - [14/May/2016:23:17:37 -0300] "POST /juddiv3/services/inquiry HTTP/1.1" 200 674
0:0:0:0:0:0:0:1 - - [14/May/2016:23:17:37 -0300] "GET /juddi-gui/ajax/tmodelsearch.jsp?keyword=%25reliability&offset=10&maxrecords=10&lang=&chooser=true&_=1463278617057 HTTP/1.1" 200 234
127.0.0.1 - - [14/May/2016:23:17:37 -0300] "POST /juddiv3/services/inquiry HTTP/1.1" 200 674
0:0:0:0:0:0:0:1 - - [14/May/2016:23:17:37 -0300] "GET /juddi-gui/ajax/tmodelsearch.jsp?keyword=%25reliability&offset=10&maxrecords=10&lang=&chooser=true&_=1463278617058 HTTP/1.1" 200 234
127.0.0.1 - - [14/May/2016:23:17:38 -0300] "POST /juddiv3/services/inquiry HTTP/1.1" 200 674
0:0:0:0:0:0:0:1 - - [14/May/2016:23:17:38 -0300] "GET /juddi-gui/ajax/tmodelsearch.jsp?keyword=%25reliability&offset=10&maxrecords=10&lang=&chooser=true&_=1463278617060 HTTP/1.1" 200 234
127.0.0.1 - - [14/May/2016:23:17:38 -0300] "POST /juddiv3/services/inquiry HTTP/1.1" 200 674
0:0:0:0:0:0:0:1 - - [14/May/2016:23:17:38 -0300] "GET /juddi-gui/ajax/tmodelsearch.jsp?keyword=%25reliability&offset=10&maxrecords=10&lang=&chooser=true&_=1463278617059 HTTP/1.1" 200 234
127.0.0.1 - - [14/May/2016:23:17:38 -0300] "POST /juddiv3/services/inquiry HTTP/1.1" 200 674
0:0:0:0:0:0:0:1 - - [14/May/2016:23:17:38 -0300] "GET /juddi-gui/ajax/tmodelsearch.jsp?keyword=%25reliability&offset=10&maxrecords=10&lang=&chooser=true&_=1463278617061 HTTP/1.1" 200 234
127.0.0.1 - - [14/May/2016:23:17:39 -0300] "POST /juddiv3/services/inquiry HTTP/1.1" 200 674
0:0:0:0:0:0:0:1 - - [14/May/2016:23:17:39 -0300] "GET /juddi-gui/ajax/tmodelsearch.jsp?keyword=%25reliability&offset=10&maxrecords=10&lang=&chooser=true&_=1463278617062 HTTP/1.1" 200 234
127.0.0.1 - - [14/May/2016:23:17:39 -0300] "POST /juddiv3/services/inquiry HTTP/1.1" 200 674
0:0:0:0:0:0:0:1 - - [14/May/2016:23:17:39 -0300] "GET /juddi-gui/ajax/tmodelsearch.jsp?keyword=%25reliability&offset=10&maxrecords=10&lang=&chooser=true&_=1463278617063 HTTP/1.1" 200 234
127.0.0.1 - - [14/May/2016:23:17:47 -0300] "POST /juddiv3/services/inquiry HTTP/1.1" 200 674
0:0:0:0:0:0:0:1 - - [14/May/2016:23:17:47 -0300] "GET /juddi-gui/ajax/tmodelsearch.jsp?keyword=%25reliability&offset=10&maxrecords=10&lang=&chooser=true&_=1463278617064 HTTP/1.1" 200 234
127.0.0.1 - - [14/May/2016:23:17:53 -0300] "POST /juddiv3/services/inquiry HTTP/1.1" 200 674
0:0:0:0:0:0:0:1 - - [14/May/2016:23:17:53 -0300] "GET /juddi-gui/ajax/tmodelsearch.jsp?keyword=%25reliability&offset=10&maxrecords=10&lang=&chooser=true&_=1463278617065 HTTP/1.1" 200 234
127.0.0.1 - - [14/May/2016:23:18:04 -0300] "POST /juddiv3/services/inquiry HTTP/1.1" 200 674
0:0:0:0:0:0:0:1 - - [14/May/2016:23:18:04 -0300] "GET /juddi-gui/ajax/tmodelsearch.jsp?keyword=reliability&offset=10&maxrecords=10&lang=&chooser=true&_=1463278617066 HTTP/1.1" 200 234
127.0.0.1 - - [14/May/2016:23:18:05 -0300] "POST /juddiv3/services/inquiry HTTP/1.1" 200 674
0:0:0:0:0:0:0:1 - - [14/May/2016:23:18:05 -0300] "GET /juddi-gui/ajax/tmodelsearch.jsp?keyword=reliability&offset=10&maxrecords=10&lang=&chooser=true&_=1463278617067 HTTP/1.1" 200 234
0:0:0:0:0:0:0:1 - - [14/May/2016:23:18:21 -0300] "GET /juddi-gui/tmodelBrowse.jsp HTTP/1.1" 200 21280
0:0:0:0:0:0:0:1 - - [14/May/2016:23:18:21 -0300] "GET /juddi-gui/js/i18n.js.jsp HTTP/1.1" 200 3014
127.0.0.1 - - [14/May/2016:23:18:21 -0300] "POST /juddiv3/services/inquiry HTTP/1.1" 200 2136
127.0.0.1 - - [14/May/2016:23:18:21 -0300] "POST /juddiv3/services/inquiry HTTP/1.1" 200 2136
0:0:0:0:0:0:0:1 - - [14/May/2016:23:18:21 -0300] "GET /juddi-gui/ajax/tmodelsearch.jsp?keyword=%25&offset=0&maxrecords=10&lang=&chooser=false&_=1463278701510 HTTP/1.1" 200 1919
0:0:0:0:0:0:0:1 - - [14/May/2016:23:18:21 -0300] "GET /juddi-gui/ajax/tmodelsearch.jsp?keyword=%25&offset=0&maxrecords=10&lang=&chooser=undefined&_=1463278701509 HTTP/1.1" 200 1919
127.0.0.1 - - [14/May/2016:23:18:33 -0300] "POST /juddiv3/services/inquiry HTTP/1.1" 200 928
0:0:0:0:0:0:0:1 - - [14/May/2016:23:18:33 -0300] "GET /juddi-gui/ajax/tmodelsearch.jsp?keyword=%25reliability&offset=0&maxrecords=10&lang=&chooser=false&_=1463278701511 HTTP/1.1" 200 508
127.0.0.1 - - [14/May/2016:23:18:44 -0300] "POST /juddiv3/services/security HTTP/1.1" 200 581
0:0:0:0:0:0:0:1 - - [14/May/2016:23:18:44 -0300] "POST /juddi-gui/ajax/loginpost.jsp HTTP/1.1" 200 18
0:0:0:0:0:0:0:1 - - [14/May/2016:23:18:44 -0300] "GET /juddi-gui/login.jsp HTTP/1.1" 200 930
0:0:0:0:0:0:0:1 - - [14/May/2016:23:18:47 -0300] "GET /juddi-gui/serviceBrowse.jsp HTTP/1.1" 200 21131
0:0:0:0:0:0:0:1 - - [14/May/2016:23:18:47 -0300] "GET /juddi-gui/js/i18n.js.jsp HTTP/1.1" 200 3014
127.0.0.1 - - [14/May/2016:23:18:47 -0300] "POST /juddiv3/services/inquiry HTTP/1.1" 200 4443
0:0:0:0:0:0:0:1 - - [14/May/2016:23:18:47 -0300] "GET /juddi-gui/ajax/servicesearch.jsp?keyword=%25&offset=%5Bobject%20HTMLSpanElement%5D&maxrecords=20&lang=&_=1463278727877 HTTP/1.1" 200 8024
127.0.0.1 - - [14/May/2016:23:18:51 -0300] "POST /juddiv3/services/inquiry HTTP/1.1" 200 2839
0:0:0:0:0:0:0:1 - - [14/May/2016:23:18:51 -0300] "GET /juddi-gui/serviceEditor.jsp?id=uddi:entrega:service_entrega HTTP/1.1" 200 45176
0:0:0:0:0:0:0:1 - - [14/May/2016:23:18:51 -0300] "GET /juddi-gui/js/i18n.js.jsp HTTP/1.1" 200 3014
127.0.0.1 - - [14/May/2016:23:18:51 -0300] "POST /juddiv3/services/inquiry HTTP/1.1" 200 907
0:0:0:0:0:0:0:1 - - [14/May/2016:23:18:51 -0300] "GET /juddi-gui/ajax/opInfo.jsp?id=uddi:entrega:service_entrega HTTP/1.1" 200 406
127.0.0.1 - - [14/May/2016:23:18:51 -0300] "POST /juddiv3/services/inquiry HTTP/1.1" 200 2136
0:0:0:0:0:0:0:1 - - [14/May/2016:23:18:51 -0300] "GET /juddi-gui/ajax/tmodelsearch.jsp?keyword=%25&offset=0&maxrecords=10&lang=&chooser=undefined&_=1463278731614 HTTP/1.1" 200 1919
127.0.0.1 - - [14/May/2016:23:19:04 -0300] "POST /juddiv3/services/inquiry HTTP/1.1" 200 2136
0:0:0:0:0:0:0:1 - - [14/May/2016:23:19:04 -0300] "GET /juddi-gui/ajax/tmodelsearch.jsp?keyword=%25&offset=0&maxrecords=10&lang=&chooser=true&_=1463278731615 HTTP/1.1" 200 2168
127.0.0.1 - - [14/May/2016:23:19:11 -0300] "POST /juddiv3/services/inquiry HTTP/1.1" 200 928
0:0:0:0:0:0:0:1 - - [14/May/2016:23:19:11 -0300] "GET /juddi-gui/ajax/tmodelsearch.jsp?keyword=%25reliability&offset=0&maxrecords=10&lang=&chooser=true&_=1463278731616 HTTP/1.1" 200 541
127.0.0.1 - - [14/May/2016:23:19:37 -0300] "POST /juddiv3/services/inquiry HTTP/1.1" 200 2839
127.0.0.1 - - [14/May/2016:23:19:37 -0300] "POST /juddiv3/services/publish HTTP/1.1" 200 2947
0:0:0:0:0:0:0:1 - - [14/May/2016:23:19:37 -0300] "POST /juddi-gui/ajax/saveservicedetails.jsp HTTP/1.1" 200 116
0:0:0:0:0:0:0:1 - - [14/May/2016:23:19:49 -0300] "GET /juddi-gui/serviceBrowse.jsp HTTP/1.1" 200 21131
0:0:0:0:0:0:0:1 - - [14/May/2016:23:19:49 -0300] "GET /juddi-gui/js/i18n.js.jsp HTTP/1.1" 200 3014
127.0.0.1 - - [14/May/2016:23:19:49 -0300] "POST /juddiv3/services/inquiry HTTP/1.1" 200 4443
0:0:0:0:0:0:0:1 - - [14/May/2016:23:19:49 -0300] "GET /juddi-gui/ajax/servicesearch.jsp?keyword=%25&offset=%5Bobject%20HTMLSpanElement%5D&maxrecords=20&lang=&_=1463278789267 HTTP/1.1" 200 8024
127.0.0.1 - - [14/May/2016:23:19:52 -0300] "POST /juddiv3/services/inquiry HTTP/1.1" 200 2893
0:0:0:0:0:0:0:1 - - [14/May/2016:23:19:52 -0300] "GET /juddi-gui/serviceEditor.jsp?id=uddi:entrega2:service_entregadois HTTP/1.1" 200 45256
0:0:0:0:0:0:0:1 - - [14/May/2016:23:19:52 -0300] "GET /juddi-gui/js/i18n.js.jsp HTTP/1.1" 200 3014
127.0.0.1 - - [14/May/2016:23:19:52 -0300] "POST /juddiv3/services/inquiry HTTP/1.1" 200 912
0:0:0:0:0:0:0:1 - - [14/May/2016:23:19:52 -0300] "GET /juddi-gui/ajax/opInfo.jsp?id=uddi:entrega2:service_entregadois HTTP/1.1" 200 411
127.0.0.1 - - [14/May/2016:23:19:52 -0300] "POST /juddiv3/services/inquiry HTTP/1.1" 200 2136
0:0:0:0:0:0:0:1 - - [14/May/2016:23:19:52 -0300] "GET /juddi-gui/ajax/tmodelsearch.jsp?keyword=%25&offset=0&maxrecords=10&lang=&chooser=undefined&_=1463278792552 HTTP/1.1" 200 1919
127.0.0.1 - - [14/May/2016:23:20:00 -0300] "POST /juddiv3/services/inquiry HTTP/1.1" 200 2136
0:0:0:0:0:0:0:1 - - [14/May/2016:23:20:00 -0300] "GET /juddi-gui/ajax/tmodelsearch.jsp?keyword=%25&offset=0&maxrecords=10&lang=&chooser=true&_=1463278792553 HTTP/1.1" 200 2168
127.0.0.1 - - [14/May/2016:23:20:09 -0300] "POST /juddiv3/services/inquiry HTTP/1.1" 200 928
0:0:0:0:0:0:0:1 - - [14/May/2016:23:20:09 -0300] "GET /juddi-gui/ajax/tmodelsearch.jsp?keyword=%25reliability&offset=0&maxrecords=10&lang=&chooser=true&_=1463278792554 HTTP/1.1" 200 541
